C 22
C 23
C 24
C 25
C 26
C 27
C 28
C 29
C 30
C 31
C 32
C 33
C 34
C 35
C 36
C 37
C 38
C 39
C 40
C 41
C 42
C 46
C 47
C 48
C 49
C 50
C 51
C 52
C 53
C 54
C 58
C 59
C 60
C 67
C 68
C 69
C 70
C 71
C 72
C 73
C 74
C 75
C 79
C 80
C 81
C 82
C 83
C 84
C 85
C 86
C 87
C 88
C 89
C 90
C 94
C 95
C 96
C 100
C 101
C 102
C 106
C 107
C 108
C 115
C 116
C 117
C 118
C 119
C 120
C 124
C 125
C 126
C 130
C 131
C 132
C 133
C 134
C 135
C 136
C 137
C 138
C 142
C 143
C 144
C 145
C 146
C 147
C 148
C 149
C 150
C 151
C 152
C 153
C 154
C 155
C 156
C 157
C 158
C 159
C 163
C 164
C 165
C 166
C 167
C 168
C 172
C 173
C 174
C 175
C 176
C 177
C 181
C 182
C 183
C 184
C 185
C 186
C 187
C 188
C 189
C 190
C 191
C 192
C 202
C 203
C 204
C 205
C 206
C 207
C 208
C 209
C 210
C 217
C 218
C 219
C 223
C 224
C 225
C 226
C 227
C 228
C 232
C 233
C 234
C 238
C 239
C 240
C 244
C 245
C 246
C 247
C 248
C 249
C 250
C 251
C 252
C 256
C 257
C 258
C 262
C 263
C 264
C 265
C 266
C 267
C 274
C 275
C 276
C 280
C 281
C 282
C 289
C 290
C 291
C 292
C 293
C 294
C 295
C 296
C 297
C 298
C 299
C 300
C 301
C 302
C 303
C 307
C 308
C 309
C 313
C 314
C 315
C 322
C 323
C 324
C 328
C 329
C 330
C 331
C 332
C 333
C 334
C 335
C 336
C 337
C 338
C 339
C 340
C 341
C 342
C 343
C 344
C 345
C 346
C 347
C 348
C 352
C 353
C 354
C 355
C 356
C 357
C 358
C 359
C 360
C 361
C 362
C 363
C 367
C 368
C 369
C 376
C 377
C 378
C 385
C 386
C 387
C 388
C 389
C 390
C 391
C 392
C 393
C 394
C 395
C 396
C 397
C 398
C 399
C 412
C 413
C 414
C 415
C 416
C 417
C 418
C 419
C 420
C 424
C 425
C 426
C 427
C 428
C 429
C 433
C 434
C 435
C 442
C 443
C 444
C 451
C 452
C 453
C 454
C 455
C 456
C 457
C 458
C 459
C 460
C 461
C 462
C 463
C 464
C 465
