mobley_9055303 bound_kcal=0.15480413 actual_kcal=0.06455850
mobley_3053621 bound_kcal=0.50623502 actual_kcal=0.19007315
mobley_1636752 bound_kcal=0.69901378 actual_kcal=0.15758246
mobley_7015518 bound_kcal=0.66940629 actual_kcal=0.06939755
mobley_3867265 bound_kcal=0.87698727 actual_kcal=0.05383286
mobley_6973347 bound_kcal=1.01077703 actual_kcal=0.04816623
mobley_7532833 bound_kcal=0.61202003 actual_kcal=0.00746883
mobley_4883284 bound_kcal=0.83432985 actual_kcal=0.21418994
mobley_2198613 bound_kcal=0.41795382 actual_kcal=0.05056383
mobley_8578590 bound_kcal=0.83615537 actual_kcal=0.06184473
mobley_8048190 bound_kcal=0.90790694 actual_kcal=0.02777381
mobley_3034976 bound_kcal=0.96093256 actual_kcal=0.17824237
{
  "aggregate": {
    "maximum_actual_energy_error_kcal_per_mol": 0.2141899369364487,
    "maximum_constraint_absolute_error": 8.526512829121202e-14,
    "maximum_energy_error_upper_bound_kcal_per_mol": 1.0107770256291955,
    "maximum_grid_electron_count_error": 9.53736996933685e-06,
    "maximum_grid_first_moment_l2_error_bohr_e": 3.081778387435906e-05,
    "maximum_local_metric_condition_number": 55119.017463653785,
    "maximum_reciprocity_relative_defect": 4.173136938779794e-16,
    "mean_actual_energy_error_kcal_per_mol": 0.09364118674335965,
    "mean_energy_error_upper_bound_kcal_per_mol": 0.7072101734976285
  },
  "artifact": "route2-partitioned-local-density-pcmsolver-gate-v1-result",
  "claim_boundary": {
    "allowed_decision": "reject or retain partitioned local labels for scalar-head training",
    "capability_admitted": false,
    "experimental_solvation_target_read": false,
    "fit_or_training_performed": false
  },
  "gates": {
    "all_cases": false,
    "constraints": true,
    "grid_electron_count": false,
    "grid_first_moment": false,
    "local_condition": true,
    "maximum_bound": false,
    "mean_bound": false,
    "reciprocity": true
  },
  "preregistration_file_sha256": "cdba62dfd4a35d49fa1a6dadc6216339f6b5c7b1787b66488f12ef60bc4e4d52",
  "preregistration_sha256": "215a696ffa696ef31b84818f587eb8978f1db368eea9c2d75bc526a51e812067",
  "record_count": 12,
  "records": [
    {
      "actual_energy_error_kcal_per_mol": 0.06455850179279153,
      "atom_count": 5,
      "auxiliary_dimension": 375,
      "case_passed": true,
      "cavity_point_count": 243,
      "chemical_class": "alkane",
      "compound_id": "mobley_9055303",
      "constrained_moment_max_absolute_error": 3.552713678800501e-15,
      "constraint_gram_condition_number": 6.163167240786288,
      "density_record": {
        "density_binding_residual_e": 1.2434497875801753e-14,
        "density_sha256": "a21ccb3131b4f39c2d42a6c0b67ca247aa50277b42d6fdb1d03464834e1bd433",
        "density_source": "checkpoint:scf/mo_coeff+scf/mo_occ",
        "electron_count_e": 10.000000000000012,
        "mo_orthonormality_inf": 5.4642956826000955e-12,
        "occupation_sum_e": 10.0,
        "occupied_orbital_count": 5
      },
      "energy_error_upper_bound_kcal_per_mol": 0.15480412866754267,
      "error_reaction_norm_sqrt_hartree": 0.0052939354149894825,
      "functional_group": null,
      "geometry_max_absolute_error_angstrom": 5.845165462758928e-10,
      "grid_electron_count_error": 6.706524402488867e-08,
      "grid_first_moment_l2_error_bohr_e": 4.6489658180660744e-08,
      "half_work_max_absolute_residual_hartree": 2.168404344971009e-19,
      "local_target_electron_counts": [
        6.219376808694899,
        0.9451449861436009,
        0.9451510150369925,
        0.945139061304718,
        0.9451881958850373
      ],
      "maximum_local_metric_condition_number": 49265.51372295688,
      "name": "methane",
      "parsed_input": {
        "bytes": 2575,
        "logical_name": "@aux-density-intrinsic-smd.pcm",
        "sha256": "41026bbab3671d343928e2e73a2c194c0ef74f8f579f14c1162a0ccb4f266935"
      },
      "pcmsolver_cavity_sha256": "22f06d67889f246dd7f2699abef8312e948d5fa168c2e51f7c21067d3c4b0483",
      "pcmsolver_configuration_sha256": "5a9df05b2b222bddc68c1e7b16847902e1945100c82be53ee83febcf68f5614c",
      "predicted_polarization_energy_kcal_per_mol": -0.6706847505100745,
      "reciprocity_relative_defect": 0.0,
      "reference_polarization_energy_kcal_per_mol": -0.606126248717283,
      "reference_reaction_norm_sqrt_hartree": 0.04395278515287774,
      "surface_mep_area_weighted_relative_l2": 0.0875621649093675,
      "wall_seconds": 2.4299674249996315
    },
    {
      "actual_energy_error_kcal_per_mol": 0.19007314580127418,
      "atom_count": 12,
      "auxiliary_dimension": 1404,
      "case_passed": false,
      "cavity_point_count": 616,
      "chemical_class": "aromatic hydrocarbon",
      "compound_id": "mobley_3053621",
      "constrained_moment_max_absolute_error": 5.684341886080802e-14,
      "constraint_gram_condition_number": 105.63703605068731,
      "density_record": {
        "density_binding_residual_e": 0.0,
        "density_sha256": "5782acdb0e2712550440707ed9fb614f504d8c01ddaba04cede08acb5a796adb",
        "density_source": "checkpoint:scf/mo_coeff+scf/mo_occ",
        "electron_count_e": 42.0,
        "mo_orthonormality_inf": 5.0238924131917884e-11,
        "occupation_sum_e": 42.0,
        "occupied_orbital_count": 21
      },
      "energy_error_upper_bound_kcal_per_mol": 0.5062350193899634,
      "error_reaction_norm_sqrt_hartree": 0.007767257678039481,
      "functional_group": null,
      "geometry_max_absolute_error_angstrom": 2.4104900298027587e-09,
      "grid_electron_count_error": 5.562616891552352e-07,
      "grid_first_moment_l2_error_bohr_e": 2.606259672014341e-06,
      "half_work_max_absolute_residual_hartree": 1.734723475976807e-18,
      "local_target_electron_counts": [
        6.064943994253073,
        6.064937421779847,
        6.064936346922509,
        6.064971254303245,
        6.064882263998176,
        6.065030281256185,
        0.9350771216377339,
        0.934995605130205,
        0.935102024442638,
        0.9350106734482836,
        0.9350757694382856,
        0.9350366871281303
      ],
      "maximum_local_metric_condition_number": 49265.51372295688,
      "name": "benzene",
      "parsed_input": {
        "bytes": 2725,
        "logical_name": "@aux-density-intrinsic-smd.pcm",
        "sha256": "6e11a6f046f10cdd1836aca1cb3eb642af67b14fff66cdc2b638e0293e9c36a4"
      },
      "pcmsolver_cavity_sha256": "2ab84d39c93971ac1b971228c122f8a3a6a7a0b04ee0d584f3f35a9dcd74a34e",
      "pcmsolver_configuration_sha256": "2f87a96f5e054750cff89c2d0103f350689d11cd8eac3617c308600c73b27faf",
      "predicted_polarization_energy_kcal_per_mol": -3.32637601100291,
      "reciprocity_relative_defect": 3.3786395269327177e-16,
      "reference_polarization_energy_kcal_per_mol": -3.136302865201636,
      "reference_reaction_norm_sqrt_hartree": 0.09998016558159319,
      "surface_mep_area_weighted_relative_l2": 0.07356399311137769,
      "wall_seconds": 12.277702221999789
    },
    {
      "actual_energy_error_kcal_per_mol": 0.15758245807683974,
      "atom_count": 6,
      "auxiliary_dimension": 589,
      "case_passed": false,
      "cavity_point_count": 325,
      "chemical_class": "alcohol",
      "compound_id": "mobley_1636752",
      "constrained_moment_max_absolute_error": 7.105427357601002e-15,
      "constraint_gram_condition_number": 23.609536482695535,
      "density_record": {
        "density_binding_residual_e": 1.0658141036401503e-14,
        "density_sha256": "f1a1397bac6ec89a75b4ee8350dee9e8b34bcc6c5fd23fa6788329ba4346e947",
        "density_source": "checkpoint:scf/mo_coeff+scf/mo_occ",
        "electron_count_e": 18.00000000000001,
        "mo_orthonormality_inf": 2.212471629952794e-12,
        "occupation_sum_e": 18.0,
        "occupied_orbital_count": 9
      },
      "energy_error_upper_bound_kcal_per_mol": 0.6990137799460286,
      "error_reaction_norm_sqrt_hartree": 0.00801811616528834,
      "functional_group": "primary-alcohol",
      "geometry_max_absolute_error_angstrom": 1.4292456107511953e-09,
      "grid_electron_count_error": 3.249269369121066e-07,
      "grid_first_moment_l2_error_bohr_e": 1.2900989737445637e-06,
      "half_work_max_absolute_residual_hartree": 1.734723475976807e-18,
      "local_target_electron_counts": [
        6.089030205531325,
        8.244858737661621,
        0.9366693424546705,
        0.9516761796150436,
        0.9524347188110931,
        0.8253304909993122
      ],
      "maximum_local_metric_condition_number": 49265.51372295688,
      "name": "methanol",
      "parsed_input": {
        "bytes": 2595,
        "logical_name": "@aux-density-intrinsic-smd.pcm",
        "sha256": "bb205e1fc2dd008565b9057ae43b3e1ebd32e7528828ee62ce362c3257b13ba0"
      },
      "pcmsolver_cavity_sha256": "4ce005b6aeeaa42d2ca37d0e38c260c29e1962c698f9a299ab47839ccb24c399",
      "pcmsolver_configuration_sha256": "e2d13fbf5ad837a667d02f504e612696529ddbf2dbe512bae842a6babde11f42",
      "predicted_polarization_energy_kcal_per_mol": -5.5538229335132785,
      "reciprocity_relative_defect": 0.0,
      "reference_polarization_energy_kcal_per_mol": -5.711405391590118,
      "reference_reaction_norm_sqrt_hartree": 0.1349200047656818,
      "surface_mep_area_weighted_relative_l2": 0.04086410312840878,
      "wall_seconds": 3.9540643309992447
    },
    {
      "actual_energy_error_kcal_per_mol": 0.06939754812066566,
      "atom_count": 9,
      "auxiliary_dimension": 870,
      "case_passed": false,
      "cavity_point_count": 458,
      "chemical_class": "ether",
      "compound_id": "mobley_7015518",
      "constrained_moment_max_absolute_error": 2.842170943040401e-14,
      "constraint_gram_condition_number": 43.11883205668681,
      "density_record": {
        "density_binding_residual_e": 2.4868995751603507e-14,
        "density_sha256": "ff1545bd08ecc22ca5946f282b19d114909cd178c2b88cfc1653f31bd9227919",
        "density_source": "checkpoint:scf/mo_coeff+scf/mo_occ",
        "electron_count_e": 26.000000000000025,
        "mo_orthonormality_inf": 6.9471095542894545e-12,
        "occupation_sum_e": 26.0,
        "occupied_orbital_count": 13
      },
      "energy_error_upper_bound_kcal_per_mol": 0.6694062883460359,
      "error_reaction_norm_sqrt_hartree": 0.009179792539087557,
      "functional_group": "dialkyl-ether",
      "geometry_max_absolute_error_angstrom": 1.895192447420868e-09,
      "grid_electron_count_error": 4.3439053598604005e-07,
      "grid_first_moment_l2_error_bohr_e": 5.12604026250444e-06,
      "half_work_max_absolute_residual_hartree": 1.734723475976807e-18,
      "local_target_electron_counts": [
        6.085803908605075,
        8.15117555093477,
        6.086082931089436,
        0.9363649431722743,
        0.9509121122338615,
        0.95156197435088,
        0.9360954170344595,
        0.950639530510122,
        0.9513631976786111
      ],
      "maximum_local_metric_condition_number": 49265.51372295688,
      "name": "methoxymethane",
      "parsed_input": {
        "bytes": 2656,
        "logical_name": "@aux-density-intrinsic-smd.pcm",
        "sha256": "5332502c9343c13c7d390996bc049359065bc214ad538a8e625f86298add15c7"
      },
      "pcmsolver_cavity_sha256": "0d289c11fd2026af0d6f991375a407096b54bbcecdda9219f278136fc1204ac1",
      "pcmsolver_configuration_sha256": "001c669a983cf613670aa516f3c202e818cbc1f7d0a76e0807269da510e4c656",
      "predicted_polarization_energy_kcal_per_mol": -3.839558942237787,
      "reciprocity_relative_defect": 0.0,
      "reference_polarization_energy_kcal_per_mol": -3.908956490358453,
      "reference_reaction_norm_sqrt_hartree": 0.11161826627133621,
      "surface_mep_area_weighted_relative_l2": 0.05513942262075896,
      "wall_seconds": 6.686744247999741
    },
    {
      "actual_energy_error_kcal_per_mol": 0.053832861894800015,
      "atom_count": 10,
      "auxiliary_dimension": 1057,
      "case_passed": false,
      "cavity_point_count": 516,
      "chemical_class": "ketone",
      "compound_id": "mobley_3867265",
      "constrained_moment_max_absolute_error": 4.263256414560601e-14,
      "constraint_gram_condition_number": 54.5065584221752,
      "density_record": {
        "density_binding_residual_e": 1.4210854715202004e-14,
        "density_sha256": "9b5981bf825a8d6c2bb16b3acd7fac7d740469a4bb6be646ea3d8db8385f2184",
        "density_source": "checkpoint:scf/mo_coeff+scf/mo_occ",
        "electron_count_e": 31.999999999999986,
        "mo_orthonormality_inf": 7.817863160398813e-12,
        "occupation_sum_e": 32.0,
        "occupied_orbital_count": 16
      },
      "energy_error_upper_bound_kcal_per_mol": 0.8769872676364282,
      "error_reaction_norm_sqrt_hartree": 0.009306872107140898,
      "functional_group": "ketone",
      "geometry_max_absolute_error_angstrom": 2.1265638139311704e-09,
      "grid_electron_count_error": 2.1920132198260944e-07,
      "grid_first_moment_l2_error_bohr_e": 5.797780495182266e-06,
      "half_work_max_absolute_residual_hartree": 5.204170427930421e-18,
      "local_target_electron_counts": [
        6.163113787086332,
        5.839729928100741,
        8.247330242438753,
        6.163068792174072,
        0.9248103779677836,
        0.9369302513449894,
        0.9314977635272532,
        0.925254711761072,
        0.9372172866500122,
        0.9310470781502914
      ],
      "maximum_local_metric_condition_number": 49265.51372295688,
      "name": "acetone",
      "parsed_input": {
        "bytes": 2680,
        "logical_name": "@aux-density-intrinsic-smd.pcm",
        "sha256": "27d22f2828e3ac690d4ffa458b865eebc7fe76eb70e5c5f30e3815ea788e68e8"
      },
      "pcmsolver_cavity_sha256": "dfa55e1258a42fd42bc9c6594e13bd8259fcd44ee7bcc453c8a7ae0a4aaf6d91",
      "pcmsolver_configuration_sha256": "79f9b1f7ffd4fa31b4fb4b24a0462ef50f3a90b5a79871d1027a52a77e967248",
      "predicted_polarization_energy_kcal_per_mol": -6.697171824349441,
      "reciprocity_relative_defect": 1.6352859687847597e-16,
      "reference_polarization_energy_kcal_per_mol": -6.643338962454641,
      "reference_reaction_norm_sqrt_hartree": 0.14551174881294612,
      "surface_mep_area_weighted_relative_l2": 0.03515773892979853,
      "wall_seconds": 9.11989597599677
    },
    {
      "actual_energy_error_kcal_per_mol": 0.0481662314178353,
      "atom_count": 14,
      "auxiliary_dimension": 1552,
      "case_passed": false,
      "cavity_point_count": 718,
      "chemical_class": "ester",
      "compound_id": "mobley_6973347",
      "constrained_moment_max_absolute_error": 2.842170943040401e-14,
      "constraint_gram_condition_number": 160.54874570638782,
      "density_record": {
        "density_binding_residual_e": 2.842170943040401e-14,
        "density_sha256": "0d723637d907472e3d6250059b81945f3e7c14806e8bb50a88a3f1f1a89c191a",
        "density_source": "checkpoint:scf/mo_coeff+scf/mo_occ",
        "electron_count_e": 47.99999999999997,
        "mo_orthonormality_inf": 1.2332579402141164e-11,
        "occupation_sum_e": 48.0,
        "occupied_orbital_count": 24
      },
      "energy_error_upper_bound_kcal_per_mol": 1.0107770256291955,
      "error_reaction_norm_sqrt_hartree": 0.010560156312710862,
      "functional_group": "carboxylic-acid-ester",
      "geometry_max_absolute_error_angstrom": 3.0084663649176946e-09,
      "grid_electron_count_error": 1.0699117822809967e-06,
      "grid_first_moment_l2_error_bohr_e": 6.642071214984952e-06,
      "half_work_max_absolute_residual_hartree": 6.938893903907228e-18,
      "local_target_electron_counts": [
        6.1624195655681335,
        6.031976106830452,
        8.092641090555853,
        5.787965534198823,
        8.258953490487013,
        6.168325570673556,
        0.9342165792908963,
        0.9427123413216792,
        0.9427123371144552,
        0.9432039543629223,
        0.9434627704893883,
        0.9247883136020602,
        0.9361472792438817,
        0.9304761361726288
      ],
      "maximum_local_metric_condition_number": 49265.51372295688,
      "name": "ethyl acetate",
      "parsed_input": {
        "bytes": 2765,
        "logical_name": "@aux-density-intrinsic-smd.pcm",
        "sha256": "3880726c1e5cd0e96520a2a8ec5566e248166911d4dbdd36187d30de5cb6a33e"
      },
      "pcmsolver_cavity_sha256": "c291dbbbf480fc49f9082595d7bf9b5768328da4bb72cecc3149619f9387a490",
      "pcmsolver_configuration_sha256": "dab284270188af261742d00ebba87477de1690aa62927ebee5be76c842d9bf32",
      "predicted_polarization_energy_kcal_per_mol": -6.755140183038505,
      "reciprocity_relative_defect": 3.21975472521066e-16,
      "reference_polarization_energy_kcal_per_mol": -6.80330641445634,
      "reference_reaction_norm_sqrt_hartree": 0.14725324365043074,
      "surface_mep_area_weighted_relative_l2": 0.04228256377671043,
      "wall_seconds": 15.839332965999347
    },
    {
      "actual_energy_error_kcal_per_mol": 0.007468829079924371,
      "atom_count": 6,
      "auxiliary_dimension": 702,
      "case_passed": false,
      "cavity_point_count": 353,
      "chemical_class": "nitrile",
      "compound_id": "mobley_7532833",
      "constrained_moment_max_absolute_error": 7.105427357601002e-15,
      "constraint_gram_condition_number": 38.25228282894612,
      "density_record": {
        "density_binding_residual_e": 3.552713678800501e-15,
        "density_sha256": "036854afa04f92c5ea68a3a47e00aa99b0c630b93b6022a80a73130a04b15adf",
        "density_source": "checkpoint:scf/mo_coeff+scf/mo_occ",
        "electron_count_e": 21.999999999999996,
        "mo_orthonormality_inf": 6.800172731890111e-12,
        "occupation_sum_e": 22.0,
        "occupied_orbital_count": 11
      },
      "energy_error_upper_bound_kcal_per_mol": 0.6120200275783828,
      "error_reaction_norm_sqrt_hartree": 0.006701690279808471,
      "functional_group": "carbonitrile",
      "geometry_max_absolute_error_angstrom": 1.547174388605299e-09,
      "grid_electron_count_error": 7.121165879198088e-09,
      "grid_first_moment_l2_error_bohr_e": 3.016490691463565e-07,
      "half_work_max_absolute_residual_hartree": 3.469446951953614e-18,
      "local_target_electron_counts": [
        6.116040422600764,
        5.9077993286452894,
        7.2417009348496855,
        0.9114845982316995,
        0.9114925739551302,
        0.911482148838607
      ],
      "maximum_local_metric_condition_number": 49265.51372295688,
      "name": "acetonitrile",
      "parsed_input": {
        "bytes": 2597,
        "logical_name": "@aux-density-intrinsic-smd.pcm",
        "sha256": "c9b89d5440f2db09d996dcb11606412aee4ba4ac2306309d5c5faa9622f19582"
      },
      "pcmsolver_cavity_sha256": "0132eeb9dfeef778e451cca075e6a13ff45f97b1363578413499ee3e91be0388",
      "pcmsolver_configuration_sha256": "e0ad95bdad7b735be0915c6f8a8bb1b5ead587487f762e4128f0d9ebf8424844",
      "predicted_polarization_energy_kcal_per_mol": -6.335308665875106,
      "reciprocity_relative_defect": 0.0,
      "reference_polarization_energy_kcal_per_mol": -6.34277749495503,
      "reference_reaction_norm_sqrt_hartree": 0.1421819913673616,
      "surface_mep_area_weighted_relative_l2": 0.03136132007313255,
      "wall_seconds": 5.396502012001292
    },
    {
      "actual_energy_error_kcal_per_mol": 0.2141899369364487,
      "atom_count": 14,
      "auxiliary_dimension": 1638,
      "case_passed": false,
      "cavity_point_count": 692,
      "chemical_class": "aromatic amine",
      "compound_id": "mobley_4883284",
      "constrained_moment_max_absolute_error": 5.684341886080802e-14,
      "constraint_gram_condition_number": 127.07787475408286,
      "density_record": {
        "density_binding_residual_e": 1.4210854715202004e-14,
        "density_sha256": "27e7ea524f9e421d2e19369349b11d6280b2e967ff7c91ee2a9923ba3ba34f42",
        "density_source": "checkpoint:scf/mo_coeff+scf/mo_occ",
        "electron_count_e": 49.999999999999986,
        "mo_orthonormality_inf": 5.6482818422409764e-11,
        "occupation_sum_e": 50.0,
        "occupied_orbital_count": 25
      },
      "energy_error_upper_bound_kcal_per_mol": 0.8343298469241852,
      "error_reaction_norm_sqrt_hartree": 0.008908714427516576,
      "functional_group": "primary-aromatic-amine",
      "geometry_max_absolute_error_angstrom": 2.942451615695063e-09,
      "grid_electron_count_error": 1.4154532053112234e-06,
      "grid_first_moment_l2_error_bohr_e": 8.501038738034768e-06,
      "half_work_max_absolute_residual_hartree": 1.734723475976807e-18,
      "local_target_electron_counts": [
        6.090279026776205,
        6.064114302477605,
        6.091317860992661,
        5.9512572949885065,
        6.0912618736738855,
        6.064208124764655,
        7.243518687202991,
        0.9429880275213889,
        0.935057315588932,
        0.9407486947088818,
        0.9407269796687574,
        0.9350964211544716,
        0.8547331211626155,
        0.8546908538652409
      ],
      "maximum_local_metric_condition_number": 49265.51372295688,
      "name": "aniline",
      "parsed_input": {
        "bytes": 2768,
        "logical_name": "@aux-density-intrinsic-smd.pcm",
        "sha256": "af132f62757f8c671cee4b888ad290c28d3392faf5103ace818fc0ca64c20d62"
      },
      "pcmsolver_cavity_sha256": "96903f09a09d592dfb419d4fb0731424d7e97c57ea60d6899551b2c95dea54e4",
      "pcmsolver_configuration_sha256": "a6d9dec262d6ad02867fe736388699e5956d81127d6eeebe567ebe2c7727f9e5",
      "predicted_polarization_energy_kcal_per_mol": -6.791931067438131,
      "reciprocity_relative_defect": 1.6314336404061178e-16,
      "reference_polarization_energy_kcal_per_mol": -6.577741130501682,
      "reference_reaction_norm_sqrt_hartree": 0.14479155860750054,
      "surface_mep_area_weighted_relative_l2": 0.05466164763045464,
      "wall_seconds": 16.075166684997384
    },
    {
      "actual_energy_error_kcal_per_mol": 0.05056382775397756,
      "atom_count": 8,
      "auxiliary_dimension": 874,
      "case_passed": false,
      "cavity_point_count": 532,
      "chemical_class": "haloalkane",
      "compound_id": "mobley_2198613",
      "constrained_moment_max_absolute_error": 2.842170943040401e-14,
      "constraint_gram_condition_number": 39.42071366849133,
      "density_record": {
        "density_binding_residual_e": 0.0,
        "density_sha256": "f04d173e43f8162e2ce38fc2a11f698024d7dee8799c65e53653707120a33ba1",
        "density_source": "checkpoint:scf/mo_coeff+scf/mo_occ",
        "electron_count_e": 34.0,
        "mo_orthonormality_inf": 8.942624418750711e-12,
        "occupation_sum_e": 34.0,
        "occupied_orbital_count": 17
      },
      "energy_error_upper_bound_kcal_per_mol": 0.4179538217762655,
      "error_reaction_norm_sqrt_hartree": 0.0069743264934925605,
      "functional_group": "alkyl-chloride",
      "geometry_max_absolute_error_angstrom": 1.8150778657854971e-09,
      "grid_electron_count_error": 1.7049418659098592e-06,
      "grid_first_moment_l2_error_bohr_e": 4.389305844255795e-06,
      "half_work_max_absolute_residual_hartree": 1.734723475976807e-18,
      "local_target_electron_counts": [
        6.168811190997762,
        6.083245301109747,
        17.042559137002918,
        0.9380801603023947,
        0.9441013449353284,
        0.944077451237655,
        0.9395722440837033,
        0.9395514653886267
      ],
      "maximum_local_metric_condition_number": 55119.01746345221,
      "name": "chloroethane",
      "parsed_input": {
        "bytes": 2636,
        "logical_name": "@aux-density-intrinsic-smd.pcm",
        "sha256": "0f818db6225ba45d5c3bc04208b6fd0e6917dce5d1b07e0faedd3e386d7847d2"
      },
      "pcmsolver_cavity_sha256": "4c9000d7c3896aebeaa6d5a421c67da48cf62d92769cd17409249ff654df01d9",
      "pcmsolver_configuration_sha256": "1f080dc90e2987dad409515ace175ff752ca5c96c806e56acfb98e8b501f91eb",
      "predicted_polarization_energy_kcal_per_mol": -2.7069551119913697,
      "reciprocity_relative_defect": 0.0,
      "reference_polarization_energy_kcal_per_mol": -2.656391284237392,
      "reference_reaction_norm_sqrt_hartree": 0.09201335739441792,
      "surface_mep_area_weighted_relative_l2": 0.0392308751004211,
      "wall_seconds": 8.05160809500012
    },
    {
      "actual_energy_error_kcal_per_mol": 0.06184472504248186,
      "atom_count": 10,
      "auxiliary_dimension": 1135,
      "case_passed": false,
      "cavity_point_count": 588,
      "chemical_class": "sulfoxide",
      "compound_id": "mobley_8578590",
      "constrained_moment_max_absolute_error": 8.526512829121202e-14,
      "constraint_gram_condition_number": 57.65938169724942,
      "density_record": {
        "density_binding_residual_e": 3.552713678800501e-14,
        "density_sha256": "6f0771d0875b2144f155d5356bb9f9f13a042ce7b35fab57fea598eb3dd5b69e",
        "density_source": "checkpoint:scf/mo_coeff+scf/mo_occ",
        "electron_count_e": 41.999999999999964,
        "mo_orthonormality_inf": 5.7672595551353985e-12,
        "occupation_sum_e": 42.0,
        "occupied_orbital_count": 21
      },
      "energy_error_upper_bound_kcal_per_mol": 0.8361553742814334,
      "error_reaction_norm_sqrt_hartree": 0.007658093875931318,
      "functional_group": "sulfoxide",
      "geometry_max_absolute_error_angstrom": 2.21885532170063e-09,
      "grid_electron_count_error": 9.53736996933685e-06,
      "grid_first_moment_l2_error_bohr_e": 3.081778387435906e-05,
      "half_work_max_absolute_residual_hartree": 1.734723475976807e-18,
      "local_target_electron_counts": [
        6.177693226079619,
        15.657235972320203,
        8.376618654541064,
        6.179612108638909,
        0.9408409679904998,
        0.9320090067835477,
        0.9368891935608943,
        0.9304434926838654,
        0.9349159100990839,
        0.9337510046722637
      ],
      "maximum_local_metric_condition_number": 55119.017463653785,
      "name": "methylsulfinylmethane",
      "parsed_input": {
        "bytes": 2679,
        "logical_name": "@aux-density-intrinsic-smd.pcm",
        "sha256": "74df43588bd0fa3581466082a711c5f844c97b02723167a6796a3141220f05cc"
      },
      "pcmsolver_cavity_sha256": "b11c0e4a33442c6b72ecd1c2b3e4ae19a606de5dadea5a14dad45f1beda11376",
      "pcmsolver_configuration_sha256": "0076862b8674150b6dc0fe904e91f004b066bc755bc6e00ff4bd3f81468990a9",
      "predicted_polarization_energy_kcal_per_mol": -9.147464055054346,
      "reciprocity_relative_defect": 3.5857514338933663e-16,
      "reference_polarization_energy_kcal_per_mol": -9.085619330011864,
      "reference_reaction_norm_sqrt_hartree": 0.17016965667334094,
      "surface_mep_area_weighted_relative_l2": 0.031535898125654875,
      "wall_seconds": 9.13043916099923
    },
    {
      "actual_energy_error_kcal_per_mol": 0.02777380862142157,
      "atom_count": 9,
      "auxiliary_dimension": 1010,
      "case_passed": false,
      "cavity_point_count": 470,
      "chemical_class": "amide",
      "compound_id": "mobley_8048190",
      "constrained_moment_max_absolute_error": 1.4210854715202004e-14,
      "constraint_gram_condition_number": 53.236853751371584,
      "density_record": {
        "density_binding_residual_e": 2.4868995751603507e-14,
        "density_sha256": "61a8f36fc61e70cfcc36689a353dfd0973ff3f8376246fd962bcd7d02fabca61",
        "density_source": "checkpoint:scf/mo_coeff+scf/mo_occ",
        "electron_count_e": 31.999999999999975,
        "mo_orthonormality_inf": 3.253575187045499e-11,
        "occupation_sum_e": 32.0,
        "occupied_orbital_count": 16
      },
      "energy_error_upper_bound_kcal_per_mol": 0.9079069448185166,
      "error_reaction_norm_sqrt_hartree": 0.007770108123929967,
      "functional_group": "primary-carboxylic-acid-amide",
      "geometry_max_absolute_error_angstrom": 1.9189063671376516e-09,
      "grid_electron_count_error": 3.12029765581201e-07,
      "grid_first_moment_l2_error_bohr_e": 5.2550812606309016e-06,
      "half_work_max_absolute_residual_hartree": 3.469446951953614e-18,
      "local_target_electron_counts": [
        6.165594689935278,
        5.8262793095773855,
        8.302604057723341,
        7.220551069622431,
        0.928805424735212,
        0.942004417335228,
        0.9275845264870104,
        0.8414252488846394,
        0.8451509436696673
      ],
      "maximum_local_metric_condition_number": 49265.51372295688,
      "name": "acetamide",
      "parsed_input": {
        "bytes": 2657,
        "logical_name": "@aux-density-intrinsic-smd.pcm",
        "sha256": "c6f6758009ab09acf4020480acaabe60f9a12b7cb584efc3420152b5d657dae7"
      },
      "pcmsolver_cavity_sha256": "54f9e4521833f9ca0b08ea9169cf8bbe4583286ee77edb4ae86c215f16903273",
      "pcmsolver_configuration_sha256": "2844b50ed5a4058f92e257a988706b8a0c17121730f7a2638c03a62c9fe2e698",
      "predicted_polarization_energy_kcal_per_mol": -10.457287816567256,
      "reciprocity_relative_defect": 4.173136938779794e-16,
      "reference_polarization_energy_kcal_per_mol": -10.429514007945835,
      "reference_reaction_norm_sqrt_hartree": 0.18232108225300978,
      "surface_mep_area_weighted_relative_l2": 0.025437249524336982,
      "wall_seconds": 7.543353039000067
    },
    {
      "actual_energy_error_kcal_per_mol": 0.1782423663818554,
      "atom_count": 8,
      "auxiliary_dimension": 990,
      "case_passed": false,
      "cavity_point_count": 454,
      "chemical_class": "carboxylic acid",
      "compound_id": "mobley_3034976",
      "constrained_moment_max_absolute_error": 4.263256414560601e-14,
      "constraint_gram_condition_number": 38.50307279843389,
      "density_record": {
        "density_binding_residual_e": 2.1316282072803006e-14,
        "density_sha256": "a1f717009d5e3f6baa4217f40d80c997d63b79542a3adcfa3d1f7d781d40b331",
        "density_source": "checkpoint:scf/mo_coeff+scf/mo_occ",
        "electron_count_e": 32.00000000000002,
        "mo_orthonormality_inf": 4.6085582643964385e-12,
        "occupation_sum_e": 32.0,
        "occupied_orbital_count": 16
      },
      "energy_error_upper_bound_kcal_per_mol": 0.960932556977565,
      "error_reaction_norm_sqrt_hartree": 0.00801303465503423,
      "functional_group": "carboxylic-acid",
      "geometry_max_absolute_error_angstrom": 1.6997123708506479e-09,
      "grid_electron_count_error": 3.813536714858401e-06,
      "grid_first_moment_l2_error_bohr_e": 9.459395942408294e-06,
      "half_work_max_absolute_residual_hartree": 3.469446951953614e-18,
      "local_target_electron_counts": [
        6.164367985706054,
        5.79457215302996,
        8.266963442956834,
        8.189060618321445,
        0.9214020704665757,
        0.936055181219248,
        0.9240568507401817,
        0.8035255110964303
      ],
      "maximum_local_metric_condition_number": 49265.51372295688,
      "name": "acetic acid",
      "parsed_input": {
        "bytes": 2636,
        "logical_name": "@aux-density-intrinsic-smd.pcm",
        "sha256": "4ebca96e3442b9224255935a53d46814ebfb13438b80937154e6c507f149b9b0"
      },
      "pcmsolver_cavity_sha256": "730fc23d62b931b5f6b31e1ac13412c4c35cb043e68c5557c06a086b2bbbb24c",
      "pcmsolver_configuration_sha256": "a020ae0511f939d36c741381a495662d62522a12e9769f410a797c8d8bbc9879",
      "predicted_polarization_energy_kcal_per_mol": -10.805189844861973,
      "reciprocity_relative_defect": 0.0,
      "reference_polarization_energy_kcal_per_mol": -10.983432211243828,
      "reference_reaction_norm_sqrt_hartree": 0.18710004469302147,
      "surface_mep_area_weighted_relative_l2": 0.023389315359338247,
      "wall_seconds": 6.426691528999072
    }
  ],
  "result_sha256": "94928581ce9ce1147acd30ae52e7f73535bd11c3115a913d81a47610f0e93b1d",
  "schema_version": 1,
  "status": "fail"
}
