/home/axie/miniconda3/envs/maple/lib/python3.11/site-packages/e3nn/o3/_wigner.py:10: UserWarning: Environment variable TORCH_FORCE_NO_WEIGHTS_ONLY_LOAD detected, since the`weights_only` argument was not explicitly passed to `torch.load`, forcing weights_only=False.
  _Jd, _W3j_flat, _W3j_indices = torch.load(os.path.join(os.path.dirname(__file__), 'constants.pt'))
/home/axie/miniconda3/envs/maple/lib/python3.11/site-packages/mace/calculators/mace.py:226: UserWarning: Environment variable TORCH_FORCE_NO_WEIGHTS_ONLY_LOAD detected, since the`weights_only` argument was not explicitly passed to `torch.load`, forcing weights_only=False.
  torch.load(f=model_path, map_location=device)
WARNING:root:Default dtype float64 does not match model dtype float32, converting models to float64.
	Command being timed: "python tools/route2_release/run_variational_common_water_canary.py --checkpoint /home/axie/.cache/mace/MACEPOLAR1Mmodel --device cuda --output /tmp/route2-variational-common-water-576550e9-run2.json"
	User time (seconds): 87.68
	System time (seconds): 9.85
	Percent of CPU this job got: 103%
	Elapsed (wall clock) time (h:mm:ss or m:ss): 1:34.37
	Average shared text size (kbytes): 0
	Average unshared data size (kbytes): 0
	Average stack size (kbytes): 0
	Average total size (kbytes): 0
	Maximum resident set size (kbytes): 2314796
	Average resident set size (kbytes): 0
	Major (requiring I/O) page faults: 179
	Minor (reclaiming a frame) page faults: 472985
	Voluntary context switches: 4678
	Involuntary context switches: 543
	Swaps: 0
	File system inputs: 16864
	File system outputs: 112
	Socket messages sent: 0
	Socket messages received: 0
	Signals delivered: 0
	Page size (bytes): 4096
	Exit status: 0
