
**********************************************************************
*                                                                    *
*                        M   A   P   L   E                           *
*                                                                    *
*      MAchine-learning Potential for Landscape Exploration          *
*                                                                    *
*                                                                    *
*      © 2025 University of Pittsburgh. All rights reserved.         *
*      Licensed under CC BY 4.0 for academic use.                    *
*                                                                    *
*      Principal Developer:  Xujian Wang                             *
*                                                                    *
**********************************************************************


ERROR: Route 2 provider=torch profile must be one of: pure-macepolar-frozen-point-l1-ddpcm-smd-torch-cpu-v3, pure-macepolar-frozen-point-l1-ddpcm-smd-torch-cuda-v3.
ERROR: Error during calculation: Route 2 provider=torch profile must be one of: pure-macepolar-frozen-point-l1-ddpcm-smd-torch-cpu-v3, pure-macepolar-frozen-point-l1-ddpcm-smd-torch-cuda-v3.
Traceback (most recent call last):
  File "/home/axie/MAPLE/MAPLE-pure-mace-polar-v1/maple/main.py", line 132, in main
    eng(input_file, output_file)
  File "/home/axie/MAPLE/MAPLE-pure-mace-polar-v1/maple/function/engine.py", line 74, in __call__
    self._input_reader(input_file_name, output_file_name)
  File "/home/axie/MAPLE/MAPLE-pure-mace-polar-v1/maple/function/engine.py", line 116, in _input_reader
    self.atoms = reader(input_file_name, output_file_name)
                 ^^^^^^^^^^^^^^^^^^^^^^^^^^^^^^^^^^^^^^^^^
  File "/home/axie/MAPLE/MAPLE-pure-mace-polar-v1/maple/function/read/input_reader.py", line 239, in __call__
    self.settings_command(settings)
  File "/home/axie/MAPLE/MAPLE-pure-mace-polar-v1/maple/function/read/input_reader.py", line 403, in settings_command
    cc = CommandControl.from_settings(settings, output_path=self.output)
         ^^^^^^^^^^^^^^^^^^^^^^^^^^^^^^^^^^^^^^^^^^^^^^^^^^^^^^^^^^^^^^^
  File "/home/axie/MAPLE/MAPLE-pure-mace-polar-v1/maple/function/read/command_control.py", line 300, in from_settings
    cls._validate(params, task, output_path)
  File "/home/axie/MAPLE/MAPLE-pure-mace-polar-v1/maple/function/read/command_control.py", line 1209, in _validate
    cls._validate_solvation(params, task, output_path)
  File "/home/axie/MAPLE/MAPLE-pure-mace-polar-v1/maple/function/read/command_control.py", line 760, in _validate_solvation
    raise ValueError(msg)
ValueError: Route 2 provider=torch profile must be one of: pure-macepolar-frozen-point-l1-ddpcm-smd-torch-cpu-v3, pure-macepolar-frozen-point-l1-ddpcm-smd-torch-cuda-v3.
