#INFO: **** input file is /tmp/maple-route2-vqm24-qm-gate0-source/docs/implicit-solvation/benchmarks/run_route2_qm_gas_checkpoint.py ****
#!/usr/bin/env python3
"""Generate one fixed-geometry PySCF gas checkpoint for Route-2 references.

This runner is intentionally isolated from MAPLE's runtime dependencies.  It
creates only a gas-phase RKS checkpoint and an immutable JSON ledger.  The
checkpoint is later consumed directly by ``route2_qm_surface_mep.py``; no
separate AO density file is accepted or produced.
"""

from __future__ import annotations

import argparse
from datetime import datetime, timezone
import hashlib
import json
from pathlib import Path
import platform
import re
import subprocess
import sys
import time

import numpy as np
import pyscf
from pyscf import dft, gto, lib

REPO_ROOT = Path(__file__).resolve().parents[3]
RUNNER_RELATIVE_PATH = (
    "docs/implicit-solvation/benchmarks/run_route2_qm_gas_checkpoint.py"
)
OFFICIAL_NLC_EXAMPLE_URL = (
    "https://raw.githubusercontent.com/pyscf/pyscf/v2.13.1/"
    "examples/dft/15-nlc_functionals.py"
)
OFFICIAL_NLC_EXAMPLE_SHA256 = (
    "299f326e8f51a6522b8453146f9d7bf3975e88c0db5c097afe4ac5611e255427"
)
_GAFF_ELEMENT_PREFIXES = {
    "br": "Br",
    "cl": "Cl",
    "c": "C",
    "f": "F",
    "h": "H",
    "i": "I",
    "n": "N",
    "o": "O",
    "p": "P",
    "s": "S",
}


def _parse_args() -> argparse.Namespace:
    parser = argparse.ArgumentParser()
    parser.add_argument("--mol2", type=Path, required=True)
    parser.add_argument("--compound-id", required=True)
    parser.add_argument("--molecule-name", required=True)
    parser.add_argument("--output-dir", type=Path, required=True)
    parser.add_argument("--basis", default="def2-tzvpd")
    parser.add_argument("--grid-level", type=int, default=3)
    parser.add_argument(
        "--nlc-grid-profile",
        choices=("level", "pyscf-official-50x194-sg1"),
        default="pyscf-official-50x194-sg1",
    )
    parser.add_argument("--nlc-grid-level", type=int, default=3)
    parser.add_argument("--threads", type=int, default=8)
    parser.add_argument("--max-memory-mb", type=int, default=8000)
    return parser.parse_args()


def _git(*arguments: str) -> str:
    return subprocess.check_output(
        ["git", *arguments],
        cwd=REPO_ROOT,
        text=True,
    ).strip()


def _sha256(path: Path) -> str:
    digest = hashlib.sha256()
    with path.open("rb") as handle:
        for block in iter(lambda: handle.read(1024 * 1024), b""):
            digest.update(block)
    return digest.hexdigest()


def _require_clean_source() -> str:
    status = _git("status", "--porcelain", "--untracked-files=no")
    if status:
        raise RuntimeError(
            "The QM checkpoint runner requires a clean tracked checkout; "
            f"git reported:\n{status}"
        )
    _git("ls-files", "--error-unmatch", RUNNER_RELATIVE_PATH)
    return _git("rev-parse", "HEAD")


def _element_from_gaff_type(atom_type: str) -> str:
    normalized = atom_type.split(".", 1)[0].lower()
    for prefix in ("br", "cl"):
        if normalized.startswith(prefix):
            return _GAFF_ELEMENT_PREFIXES[prefix]
    if not normalized:
        raise ValueError("MOL2 atom type cannot be empty.")
    try:
        return _GAFF_ELEMENT_PREFIXES[normalized[0]]
    except KeyError as exc:
        raise ValueError(f"Unsupported GAFF atom type: {atom_type}") from exc


def _element_from_atom_name(atom_name: str) -> str:
    match = re.match(r"[A-Za-z]+", atom_name)
    if match is None:
        raise ValueError(f"MOL2 atom name has no element prefix: {atom_name}")
    letters = match.group(0)
    if len(letters) >= 2 and letters[:2].lower() in {"br", "cl"}:
        return letters[:2].title()
    return letters[0].upper()


def _mol2_geometry(path: Path) -> tuple[str, list[dict[str, object]]]:
    lines = path.read_text(encoding="utf-8", errors="strict").splitlines()
    try:
        start = lines.index("@<TRIPOS>ATOM") + 1
        stop = lines.index("@<TRIPOS>BOND")
    except ValueError as exc:
        raise ValueError("MOL2 input must contain ATOM and BOND sections.") from exc
    atoms: list[dict[str, object]] = []
    geometry: list[str] = []
    for line in lines[start:stop]:
        fields = line.split()
        if not fields:
            continue
        if len(fields) < 6:
            raise ValueError(f"Malformed MOL2 atom row: {line}")
        symbol_from_name = _element_from_atom_name(fields[1])
        symbol_from_type = _element_from_gaff_type(fields[5])
        if symbol_from_name != symbol_from_type:
            raise ValueError(
                "MOL2 atom-name/type element mismatch: "
                f"{fields[1]} versus {fields[5]}."
            )
        coordinates = [float(fields[index]) for index in (2, 3, 4)]
        if not np.all(np.isfinite(coordinates)):
            raise ValueError("MOL2 coordinates must be finite.")
        geometry.append(
            f"{symbol_from_type} "
            f"{coordinates[0]:.10f} {coordinates[1]:.10f} "
            f"{coordinates[2]:.10f}"
        )
        atoms.append(
            {
                "symbol": symbol_from_type,
                "position_angstrom": coordinates,
            }
        )
    if not atoms:
        raise ValueError("MOL2 input contains no atoms.")
    return "\n".join(geometry), atoms


def _configure_rks(molecule, arguments: argparse.Namespace):
    mean_field = dft.RKS(molecule, xc="wb97m-v").density_fit()
    mean_field.grids.level = arguments.grid_level
    if arguments.nlc_grid_profile == "pyscf-official-50x194-sg1":
        symbols = sorted(
            {molecule.atom_symbol(index) for index in range(molecule.natm)}
        )
        mean_field.nlcgrids.atom_grid = {symbol: (50, 194) for symbol in symbols}
        mean_field.nlcgrids.prune = dft.gen_grid.sg1_prune
    else:
        mean_field.nlcgrids.level = arguments.nlc_grid_level
    mean_field.conv_tol = 1.0e-10
    mean_field.conv_tol_grad = 1.0e-7
    mean_field.max_cycle = 100
    mean_field.max_memory = arguments.max_memory_mb
    return mean_field


def main() -> int:
    arguments = _parse_args()
    source_head = _require_clean_source()
    mol2_path = arguments.mol2.resolve()
    if not mol2_path.is_file():
        raise FileNotFoundError(mol2_path)
    output_dir = arguments.output_dir.resolve()
    output_dir.mkdir(parents=True, exist_ok=False)
    if arguments.threads < 1 or arguments.max_memory_mb < 1:
        raise ValueError("Threads and memory must be positive.")
    geometry, atoms = _mol2_geometry(mol2_path)

    lib.num_threads(arguments.threads)
    molecule = gto.M(
        atom=geometry,
        basis=arguments.basis,
        charge=0,
        spin=0,
        unit="Angstrom",
        symmetry=False,
        verbose=4,
        max_memory=arguments.max_memory_mb,
    )
    checkpoint = output_dir / "gas.chk"
    result_path = output_dir / "gas.json"
    cycle_count = 0

    def count_cycle(_environment):
        nonlocal cycle_count
        cycle_count += 1

    mean_field = _configure_rks(molecule, arguments)
    mean_field.callback = count_cycle
    mean_field.chkfile = str(checkpoint)
    started = time.perf_counter()
    energy_hartree = float(mean_field.kernel())
    elapsed = time.perf_counter() - started
    if not mean_field.converged:
        raise RuntimeError("Gas-phase PySCF reference did not converge.")

    direct_density = np.asarray(mean_field.make_rdm1(), dtype=float)
    checkpoint_density = (
        np.asarray(mean_field.mo_coeff, dtype=float)
        * np.asarray(mean_field.mo_occ, dtype=float)[None, :]
    ) @ np.asarray(mean_field.mo_coeff, dtype=float).T
    checkpoint_density = 0.5 * (checkpoint_density + checkpoint_density.T)
    checkpoint_binding_residual = float(
        np.max(np.abs(direct_density - checkpoint_density))
    )
    if checkpoint_binding_residual > 1.0e-10:
        raise RuntimeError(
            "The saved checkpoint orbitals do not reconstruct the converged "
            "closed-shell AO density."
        )

    record = {
        "schema_version": 1,
        "artifact_id": (f"route2-qm-gas-checkpoint-{arguments.compound_id}-v1"),
        "generated_at_utc": datetime.now(timezone.utc).isoformat(),
        "status": "pass",
        "source": {
            "git_head": source_head,
            "runner_path": RUNNER_RELATIVE_PATH,
            "runner_sha256": _sha256(REPO_ROOT / RUNNER_RELATIVE_PATH),
            "source_sha256": {
                RUNNER_RELATIVE_PATH: _sha256(REPO_ROOT / RUNNER_RELATIVE_PATH),
            },
            "argv": [sys.executable, *sys.argv],
            "effective_arguments": {
                "basis": arguments.basis,
                "grid_level": arguments.grid_level,
                "nlc_grid_profile": arguments.nlc_grid_profile,
                "nlc_grid_level": arguments.nlc_grid_level,
                "threads": arguments.threads,
                "max_memory_mb": arguments.max_memory_mb,
            },
        },
        "runtime": {
            "python": platform.python_version(),
            "python_executable": {
                "invoked": sys.executable,
                "resolved": str(Path(sys.executable).resolve()),
                "resolved_sha256": _sha256(Path(sys.executable).resolve()),
            },
            "pyscf": pyscf.__version__,
            "numpy": np.__version__,
            "threads": lib.num_threads(),
        },
        "system": {
            "compound_id": arguments.compound_id,
            "molecule": arguments.molecule_name,
            "charge": 0,
            "multiplicity": 1,
            "atom_count": molecule.natm,
            "method": "omegaB97M-V",
            "basis": arguments.basis,
            "reference": "RKS",
            "density_fitting": True,
            "geometry": atoms,
        },
        "numerics": {
            "semilocal_grid_level": arguments.grid_level,
            "nonlocal_grid_profile": arguments.nlc_grid_profile,
            "nonlocal_grid_level": (
                arguments.nlc_grid_level
                if arguments.nlc_grid_profile == "level"
                else None
            ),
            "nonlocal_atom_grid": (
                [50, 194]
                if arguments.nlc_grid_profile == "pyscf-official-50x194-sg1"
                else None
            ),
            "nonlocal_prune": (
                "sg1_prune"
                if arguments.nlc_grid_profile == "pyscf-official-50x194-sg1"
                else "PySCF level default"
            ),
            "scf_energy_tolerance_hartree": 1.0e-10,
            "scf_gradient_tolerance": 1.0e-7,
            "maximum_scf_cycles": 100,
            "maximum_memory_mb": arguments.max_memory_mb,
        },
        "input": {
            "mol2_path": str(mol2_path),
            "mol2_sha256": _sha256(mol2_path),
        },
        "result": {
            "energy_hartree": energy_hartree,
            "scf_cycles": cycle_count,
            "elapsed_seconds": elapsed,
            "semilocal_grid_point_count": int(mean_field.grids.coords.shape[0]),
            "nonlocal_grid_point_count": int(mean_field.nlcgrids.coords.shape[0]),
            "checkpoint": {
                "path": str(checkpoint),
                "sha256": _sha256(checkpoint),
            },
            "checkpoint_density_binding_residual_inf": (checkpoint_binding_residual),
        },
        "official_documentation": {
            "solvent": "https://pyscf.org/user/solvent.html",
            "nlc_example": {
                "url": OFFICIAL_NLC_EXAMPLE_URL,
                "sha256": OFFICIAL_NLC_EXAMPLE_SHA256,
            },
        },
        "claim_boundary": (
            "One neutral closed-shell fixed-geometry gas-phase electronic "
            "reference. It is not a solution free energy, continuum result, "
            "conformer ensemble, or production MAPLE dependency."
        ),
    }
    with result_path.open("x", encoding="utf-8") as handle:
        json.dump(record, handle, indent=2, sort_keys=True, allow_nan=False)
        handle.write("\n")
    print(json.dumps(record, indent=2, sort_keys=True, allow_nan=False))
    return 0


if __name__ == "__main__":
    raise SystemExit(main())
#INFO: ******************** input file end ********************


System: uname_result(system='Linux', node='LAPTOP-3IEKGRSV', release='6.6.114.1-microsoft-standard-WSL2', version='#1 SMP PREEMPT_DYNAMIC Mon Dec  1 20:46:23 UTC 2025', machine='x86_64')  Threads 8
Python 3.11.14 (main, Oct 21 2025, 18:31:21) [GCC 11.2.0]
numpy 2.4.6  scipy 1.17.1  h5py 3.16.0
Date: Mon Aug 24 05:37:57 2026
PySCF version 2.13.1
PySCF path  /home/axie/miniconda3/envs/maple/lib/python3.11/site-packages/pyscf

[CONFIG] conf_file None
[INPUT] verbose = 4
[INPUT] num. atoms = 9
[INPUT] num. electrons = 76
[INPUT] charge = 0
[INPUT] spin (= nelec alpha-beta = 2S) = 0
[INPUT] symmetry False subgroup None
[INPUT] Mole.unit = Angstrom
[INPUT] Symbol           X                Y                Z      unit          X                Y                Z       unit  Magmom
[INPUT]  1 O      0.188687156700   2.190664130200  -0.154066417000 AA    0.356567049386   4.139755236987  -0.291143333123 Bohr   0.0
[INPUT]  2 C      0.405298468300   0.919440816400   0.279973242100 AA    0.765903103793   1.737491330743   0.529072749776 Bohr   0.0
[INPUT]  3 Br    -1.274548805500  -0.199595944700  -0.154355141900 AA   -2.408548174787  -0.377181671057  -0.291688944109 Bohr   0.0
[INPUT]  4 N      1.560291784800   0.308479334000  -0.256107658300 AA    2.948524147681   0.582941456348  -0.483973332591 Bohr   0.0
[INPUT]  5 S      2.120405811100  -1.127090529900   0.489187756000 AA    4.006986255915  -2.129892419102   0.924430882331 Bohr   0.0
[INPUT]  6 H     -0.000145169700   2.176511569500  -1.101937119600 AA   -0.000274330975   4.113010773302  -2.082359362536 Bohr   0.0
[INPUT]  7 H      0.435680758200   0.900712750200   1.373958476300 AA    0.823317310741   1.702100414782   2.596405226732 Bohr   0.0
[INPUT]  8 H      1.550454521500   0.243785170000  -1.273120853500 AA    2.929934414229   0.460687204531  -2.405849736588 Bohr   0.0
[INPUT]  9 H      1.051252860900  -1.937074496600   0.239062679000 AA    1.986579994766  -3.660540281454   0.451762989915 Bohr   0.0

nuclear repulsion = 419.45082038083
number of shells = 95
number of NR pGTOs = 387
number of NR cGTOs = 253
basis = def2-tzvpd
ecp = {}
CPU time:         1.61


******** <class 'pyscf.df.df_jk.DFRKS'> ********
method = DFRKS
initial guess = minao
damping factor = 0
level_shift factor = 0
DIIS = <class 'pyscf.scf.diis.CDIIS'>
diis_start_cycle = 1
diis_space = 8
diis_damp = 0
SCF conv_tol = 1e-10
SCF conv_tol_grad = 1e-07
SCF max_cycles = 100
direct_scf = False
chkfile to save SCF result = /home/axie/.cache/maple-route2-hybrid-runs/vqm24-nonuniform-qm-gate-a-20260824/bromine/gas/gas.chk
max_memory 8000 MB (current use 101 MB)
XC library pyscf.dft.libxc version 7.0.0
    S. Lehtola, C. Steigemann, M. J.T. Oliveira, and M. A.L. Marques.,  SoftwareX 7, 1–5 (2018)
XC functionals = wb97m-v
    N. Mardirossian and M. Head-Gordon.,  J. Chem. Phys. 144, 214110 (2016)
radial grids: 
    Treutler-Ahlrichs [JCP 102, 346 (1995); DOI:10.1063/1.469408] (M4) radial grids
    
becke partition: Becke, JCP 88, 2547 (1988); DOI:10.1063/1.454033
pruning grids: <function nwchem_prune at 0x8802a57c9a0>
grids dens level: 3
symmetrized grids: False
atomic radii adjust function: <function treutler_atomic_radii_adjust at 0x8802a57c900>
** Following is NLC and NLC Grids **
NLC functional = wb97m-v
radial grids: 
    Treutler-Ahlrichs [JCP 102, 346 (1995); DOI:10.1063/1.469408] (M4) radial grids
    
becke partition: Becke, JCP 88, 2547 (1988); DOI:10.1063/1.454033
pruning grids: <function nwchem_prune at 0x8802a57c9a0>
grids dens level: 3
symmetrized grids: False
atomic radii adjust function: <function treutler_atomic_radii_adjust at 0x8802a57c900>
small_rho_cutoff = 0
Initial guess from minao.
tot grids = 120640
tot grids = 120640
******** <class 'pyscf.df.df.DF'> ********
auxbasis = def2-tzvp-jkfit
max_memory = 8000
Create RSH-DF object <pyscf.df.df.DF object at 0x880308eae10> for omega=0.3
******** <class 'pyscf.df.df.DF'> ********
auxbasis = auxmol.basis = def2-tzvp-jkfit
max_memory = 8000
init E= -3142.20206066613
  HOMO = -0.281764773004635  LUMO = -0.0204468938843967
cycle= 1 E= -3142.55879520949  delta_E= -0.357  |g|= 0.746  |ddm|= 2.71
  HOMO = -0.356417557650143  LUMO = -0.0170683317761544
cycle= 2 E= -3142.56318474107  delta_E= -0.00439  |g|= 0.806  |ddm|= 1.31
  HOMO = -0.36268994784398  LUMO = 0.0154247160673576
cycle= 3 E= -3142.681206309  delta_E= -0.118  |g|= 0.0748  |ddm|= 0.569
  HOMO = -0.365526560671448  LUMO = 0.0185379844157635
cycle= 4 E= -3142.68224782411  delta_E= -0.00104  |g|= 0.0279  |ddm|= 0.112
  HOMO = -0.365157139787742  LUMO = 0.0190701848410151
cycle= 5 E= -3142.682449513  delta_E= -0.000202  |g|= 0.0122  |ddm|= 0.0457
  HOMO = -0.36530698216778  LUMO = 0.0190090018049552
cycle= 6 E= -3142.6824965369  delta_E= -4.7e-05  |g|= 0.00313  |ddm|= 0.0185
  HOMO = -0.365200265656407  LUMO = 0.0191369994199255
cycle= 7 E= -3142.6825024833  delta_E= -5.95e-06  |g|= 0.00105  |ddm|= 0.00922
  HOMO = -0.365205845009893  LUMO = 0.0191042266840701
cycle= 8 E= -3142.68250316842  delta_E= -6.85e-07  |g|= 0.00046  |ddm|= 0.00283
  HOMO = -0.365208248732931  LUMO = 0.0191172207788823
cycle= 9 E= -3142.68250326166  delta_E= -9.32e-08  |g|= 0.000162  |ddm|= 0.0011
  HOMO = -0.365202555922802  LUMO = 0.0191202715630116
cycle= 10 E= -3142.68250327333  delta_E= -1.17e-08  |g|= 4.58e-05  |ddm|= 0.000388
  HOMO = -0.36519813621784  LUMO = 0.0191218160250453
cycle= 11 E= -3142.68250327455  delta_E= -1.22e-09  |g|= 1.7e-05  |ddm|= 0.000119
  HOMO = -0.365198529719142  LUMO = 0.0191213081834119
cycle= 12 E= -3142.68250327467  delta_E= -1.21e-10  |g|= 4.37e-06  |ddm|= 4.19e-05
  HOMO = -0.365198351467947  LUMO = 0.0191214621177578
cycle= 13 E= -3142.68250327469  delta_E= -2.14e-11  |g|= 2.66e-06  |ddm|= 1.4e-05
  HOMO = -0.365198283146857  LUMO = 0.0191214582221283
cycle= 14 E= -3142.68250327471  delta_E= -1.27e-11  |g|= 1.03e-06  |ddm|= 4.24e-06
  HOMO = -0.365198238296458  LUMO = 0.0191214631732637
cycle= 15 E= -3142.6825032747  delta_E= 1e-11  |g|= 3.48e-07  |ddm|= 2.07e-06
  HOMO = -0.365198259295048  LUMO = 0.0191214561989088
cycle= 16 E= -3142.68250327469  delta_E= 5e-12  |g|= 1.59e-07  |ddm|= 8.84e-07
  HOMO = -0.36519825879726  LUMO = 0.0191214601341288
cycle= 17 E= -3142.68250327471  delta_E= -1.55e-11  |g|= 5.78e-08  |ddm|= 3.82e-07
  HOMO = -0.365198254724211  LUMO = 0.0191214583867124
Extra cycle  E= -3142.68250327471  delta_E= -4.55e-13  |g|= 4.28e-08  |ddm|= 1.47e-07
converged SCF energy = -3142.68250327471
{
  "artifact_id": "route2-qm-gas-checkpoint-vqm24-gatea-bromine-447833-v1",
  "claim_boundary": "One neutral closed-shell fixed-geometry gas-phase electronic reference. It is not a solution free energy, continuum result, conformer ensemble, or production MAPLE dependency.",
  "generated_at_utc": "2026-08-23T21:43:54.415093+00:00",
  "input": {
    "mol2_path": "/home/axie/.cache/maple-route2-hybrid-runs/vqm24-nonuniform-qm-gate-a-20260824/bromine/geometry.mol2",
    "mol2_sha256": "5d9544735e0fbd98d513b1c710c6d875949d873e8425631c291a7860c435004f"
  },
  "numerics": {
    "maximum_memory_mb": 8000,
    "maximum_scf_cycles": 100,
    "nonlocal_atom_grid": null,
    "nonlocal_grid_level": 3,
    "nonlocal_grid_profile": "level",
    "nonlocal_prune": "PySCF level default",
    "scf_energy_tolerance_hartree": 1e-10,
    "scf_gradient_tolerance": 1e-07,
    "semilocal_grid_level": 3
  },
  "official_documentation": {
    "nlc_example": {
      "sha256": "299f326e8f51a6522b8453146f9d7bf3975e88c0db5c097afe4ac5611e255427",
      "url": "https://raw.githubusercontent.com/pyscf/pyscf/v2.13.1/examples/dft/15-nlc_functionals.py"
    },
    "solvent": "https://pyscf.org/user/solvent.html"
  },
  "result": {
    "checkpoint": {
      "path": "/home/axie/.cache/maple-route2-hybrid-runs/vqm24-nonuniform-qm-gate-a-20260824/bromine/gas/gas.chk",
      "sha256": "9e8c09cdbca99ac3bf13d80fb670fa2533dd131b3b78a672f75d2544a016e84a"
    },
    "checkpoint_density_binding_residual_inf": 1.3877787807814457e-17,
    "elapsed_seconds": 357.3009953510009,
    "energy_hartree": -3142.682503274706,
    "nonlocal_grid_point_count": 120640,
    "scf_cycles": 17,
    "semilocal_grid_point_count": 120640
  },
  "runtime": {
    "numpy": "2.4.6",
    "pyscf": "2.13.1",
    "python": "3.11.14",
    "python_executable": {
      "invoked": "/home/axie/miniconda3/envs/maple/bin/python",
      "resolved": "/home/axie/miniconda3/envs/maple/bin/python3.11",
      "resolved_sha256": "7d68ade3cc070c3cd72717ea617a0565bd7fb9eb67cd8ed468dad9ac207add8d"
    },
    "threads": 8
  },
  "schema_version": 1,
  "source": {
    "argv": [
      "/home/axie/miniconda3/envs/maple/bin/python",
      "/tmp/maple-route2-vqm24-qm-gate0-source/docs/implicit-solvation/benchmarks/run_route2_qm_gas_checkpoint.py",
      "--mol2",
      "/home/axie/.cache/maple-route2-hybrid-runs/vqm24-nonuniform-qm-gate-a-20260824/bromine/geometry.mol2",
      "--compound-id",
      "vqm24-gatea-bromine-447833",
      "--molecule-name",
      "Vector-QM24_DFT_all__DFT_all__187246",
      "--output-dir",
      "/home/axie/.cache/maple-route2-hybrid-runs/vqm24-nonuniform-qm-gate-a-20260824/bromine/gas",
      "--basis",
      "def2-tzvpd",
      "--grid-level",
      "3",
      "--nlc-grid-profile",
      "level",
      "--nlc-grid-level",
      "3",
      "--threads",
      "8",
      "--max-memory-mb",
      "8000"
    ],
    "effective_arguments": {
      "basis": "def2-tzvpd",
      "grid_level": 3,
      "max_memory_mb": 8000,
      "nlc_grid_level": 3,
      "nlc_grid_profile": "level",
      "threads": 8
    },
    "git_head": "0e64f187748bd3aabab9eb2797a7f7affab47c8b",
    "runner_path": "docs/implicit-solvation/benchmarks/run_route2_qm_gas_checkpoint.py",
    "runner_sha256": "3c11704002357fcc94516a71bcebf14cbf9113ec5fed0b2d2cb06fd9638c84bb",
    "source_sha256": {
      "docs/implicit-solvation/benchmarks/run_route2_qm_gas_checkpoint.py": "3c11704002357fcc94516a71bcebf14cbf9113ec5fed0b2d2cb06fd9638c84bb"
    }
  },
  "status": "pass",
  "system": {
    "atom_count": 9,
    "basis": "def2-tzvpd",
    "charge": 0,
    "compound_id": "vqm24-gatea-bromine-447833",
    "density_fitting": true,
    "geometry": [
      {
        "position_angstrom": [
          0.1886871567,
          2.1906641302,
          -0.154066417
        ],
        "symbol": "O"
      },
      {
        "position_angstrom": [
          0.4052984683,
          0.9194408164,
          0.2799732421
        ],
        "symbol": "C"
      },
      {
        "position_angstrom": [
          -1.2745488055,
          -0.1995959447,
          -0.1543551419
        ],
        "symbol": "Br"
      },
      {
        "position_angstrom": [
          1.5602917848,
          0.308479334,
          -0.2561076583
        ],
        "symbol": "N"
      },
      {
        "position_angstrom": [
          2.1204058111,
          -1.1270905299,
          0.489187756
        ],
        "symbol": "S"
      },
      {
        "position_angstrom": [
          -0.0001451697,
          2.1765115695,
          -1.1019371196
        ],
        "symbol": "H"
      },
      {
        "position_angstrom": [
          0.4356807582,
          0.9007127502,
          1.3739584763
        ],
        "symbol": "H"
      },
      {
        "position_angstrom": [
          1.5504545215,
          0.24378517,
          -1.2731208535
        ],
        "symbol": "H"
      },
      {
        "position_angstrom": [
          1.0512528609,
          -1.9370744966,
          0.239062679
        ],
        "symbol": "H"
      }
    ],
    "method": "omegaB97M-V",
    "molecule": "Vector-QM24_DFT_all__DFT_all__187246",
    "multiplicity": 1,
    "reference": "RKS"
  }
}
