
**********************************************************************
*                                                                    *
*                        M   A   P   L   E                           *
*                                                                    *
*      MAchine-learning Potential for Landscape Exploration          *
*                                                                    *
*                                                                    *
*      © 2025 University of Pittsburgh. All rights reserved.         *
*      Licensed under CC BY 4.0 for academic use.                    *
*                                                                    *
*      Principal Developer:  Xujian Wang                             *
*                                                                    *
**********************************************************************


Parsing # commands...
Global parameter: model = ANI-1xnr
Task set to 'ts'
Global parameter: device = gpu0
Parsed configuration:
----------------------------------------
Task: ts
model          : ani-1xnr
method         : dmf
refine         : prfo
device         : gpu0

                             Coordinates                              
**********************************************************************

Group 1 (from file: react.xyz)
--------------------
1    C              0.826066             0.550860            -0.126179
2    H              0.455445             1.241751            -0.878432
3    O              0.568075             1.024651             1.118743
4    C              1.441110            -0.587360            -0.436361
5    H              0.909909             0.393232             1.766632
6    H              1.591683            -0.859293            -1.474189
7    H              1.808953            -1.273475             0.323724

Group 2 (from file: prod.xyz)
--------------------
1    C              0.964601             0.915184             0.079478
2    H              1.213995             1.461369            -0.856381
3    O              0.558938             1.513833             1.046148
4    C              1.173339            -0.574112             0.026877
5    H              0.895519            -1.026143             0.981199
6    H              0.571803            -1.005747            -0.781942
7    H              2.223047            -0.794017            -0.201441

======================================================================
Direct MaxFlux (DMF) transition-state search
======================================================================
Input structures : 2 (2 endpoints + 0 intermediate guess)
beta             : 10.0000 1/eV
movable points   : 10  (total eval points = 12)
B-spline         : nsegs=6, degree=3
backend          : numpy
update_teval     : False
initial path     : fbenm
ipopt output     : False
mass weighted    : False
convergence      : tight

Generating initial DMF path with FB-ENM...
FB-ENM initial path completed.

Fixed endpoints:
    Reactant  E = -29.67961367 Eh
    Product   E = -29.70969722 Eh
    dE(P-R)     = -18.8777 kcal/mol

Solving the direct MaxFlux variational problem (IPOPT)...

IPOPT status : 0  (Algorithm terminated successfully at a locally optimal point, satisfying the convergence tolerances (can be specified by options).)
objective    :  2.47029325 eV  (internal soft-max barrier estimate)
IPOPT log    : disabled

---------------------------------------------------------------
Starting DMF TS refinement with PRFO from t_max guess
---------------------------------------------------------------

Starting Transition State Search (TS) with RS-PRFO...
Hessian recalc interval: 1; update method: bofill
Trust radius adaptation: eta_shrink=0.75, eta_expand=1.75
Convergence thresholds: f_max=0.002850, f_rms=0.001900, dp_max=0.003150, dp_rms=0.002100

----------------------------------------------------------------------
                             Iteration: 1                             


                             Coordinates                              
----------------------------------------------------------------------
0    C               -0.1977               0.7258              -0.1955
1    H               -0.3801               1.5217              -0.9330
2    O               -0.5442               0.8867               1.0981
3    C                0.2838              -0.6093              -0.2542
4    H               -0.2839              -0.3238               1.0141
5    H               -0.0024              -1.3518              -1.0111
6    H                1.2442              -0.7679               0.2590


Energy:                  -29.607340 Convergence criteria  Is converged 
Maximum Force:             0.003339     0.002850                No
RMS Force:                 0.001506     0.001900                Yes
Maximum Displacement:      0.087461     0.003150                No
RMS Displacement:          0.026851     0.002100                No

Model change: -7.462980e-04  Actual change: -7.249117e-04  rho: 0.971
Trust radius (MW):  0.200000  Step norm (MW):  0.198129  On boundary: False

----------------------------------------------------------------------
                             Iteration: 2                             


                             Coordinates                              
----------------------------------------------------------------------
0    C               -0.1926               0.7243              -0.2129
1    H               -0.3708               1.5223              -0.9463
2    O               -0.5407               0.8791               1.0796
3    C                0.2888              -0.6127              -0.2716
4    H               -0.2729              -0.3309               0.9961
5    H               -0.0089              -1.3573              -1.0211
6    H                1.2534              -0.7708               0.2308


Energy:                  -29.607351 Convergence criteria  Is converged 
Maximum Force:             0.000078     0.002850                Yes
RMS Force:                 0.000034     0.001900                Yes
Maximum Displacement:      0.028216     0.003150                No
RMS Displacement:          0.011741     0.002100                No

Model change: -1.162991e-05  Actual change: -1.172721e-05  rho: 1.008
Trust radius (MW):  0.200000  Step norm (MW):  0.128295  On boundary: False

----------------------------------------------------------------------
                             Iteration: 3                             


                             Coordinates                              
----------------------------------------------------------------------
0    C               -0.1926               0.7257              -0.2138
1    H               -0.3705               1.5241              -0.9469
2    O               -0.5413               0.8799               1.0786
3    C                0.2896              -0.6110              -0.2729
4    H               -0.2726              -0.3298               0.9949
5    H               -0.0078              -1.3555              -1.0223
6    H                1.2543              -0.7688               0.2294


Energy:                  -29.607351 Convergence criteria  Is converged 
Maximum Force:             0.000001     0.002850                Yes
RMS Force:                 0.000000     0.001900                Yes
Maximum Displacement:      0.001970     0.003150                Yes
RMS Displacement:          0.001172     0.002100                Yes

Model change: -2.243056e-08  Actual change: -2.980232e-08  rho: 1.329
Trust radius (MW):  0.012500  Step norm (MW):  0.012183  On boundary: False


----------------------------------------------------------------------
                          Normal Termination                          


---------------------------------------------------------------
                         DMF PATH SUMMARY
---------------------------------------------------------------
Energies in Eh (dE vs reactant in kcal/mol).

Point   t_eval        E(Eh)       dE(kcal/mol)
  0     0.0000      -29.679614       -0.000
  1     0.0909      -29.670966        5.427
  2     0.1818      -29.651101       17.892
  3     0.2727      -29.635891       27.436
  4     0.3636      -29.639092       25.428
  5     0.4545      -29.617622       38.901
  6     0.5455      -29.617212       39.158 <= tmax / TS guess
  7     0.6364      -29.657368       13.959
  8     0.7273      -29.639227       25.343
  9     0.8182      -29.638467       25.820
 10     0.9091      -29.687428       -4.903
 11     1.0000      -29.709697      -18.878

---------------------------------------------------------------
              DMF TMAX / TS GUESS (highest point of path)
---------------------------------------------------------------
t_max                       ....   0.5004
E(t_max)                    ....  -29.60661476 Eh
Forward barrier (t_max - R) ....   45.808 kcal/mol
Reverse barrier (t_max - P) ....   64.685 kcal/mol
max|F| at t_max guess       ....   0.026010 Eh/Angstrom

t_max / TS guess XYZ (Angstrom):
C       -0.222913       0.715731      -0.188995
H       -0.467584       1.477644      -0.933132
O       -0.516802       0.901685       1.091475
C        0.282634      -0.612234      -0.253784
H       -0.315864      -0.357927       1.008859
H        0.016595      -1.357847      -1.010137
H        1.223935      -0.767050       0.285714

---------------------------------------------------------------
                      DMF-PRFO REFINEMENT
---------------------------------------------------------------
Energy (refined TS)                  ....  -29.60735143 Eh
max|F| (refined TS)                  ....   0.000001 Eh/Angstrom
RMS |F| (refined TS)                 ....   0.000000 Eh/Angstrom

-----------------------------------------
  REFINED TS STRUCTURE (ANGSTROEM)
-----------------------------------------
C       -0.192551       0.725749      -0.213827
H       -0.370525       1.524075      -0.946889
O       -0.541272       0.879891       1.078607
C        0.289593      -0.610952      -0.272856
H       -0.272594      -0.329822       0.994899
H       -0.007820      -1.355506      -1.022299
H        1.254280      -0.768838       0.229381

Wrote DMF MEP to          : /home/hungn/Desktop/MyRepo/MLP/MAPLE/examples/ts/dmf/inp1_dmf_mep.xyz
Wrote DMF t_max to        : /home/hungn/Desktop/MyRepo/MLP/MAPLE/examples/ts/dmf/inp1_dmf_tmax.xyz
Wrote t_max trajectory to : /home/hungn/Desktop/MyRepo/MLP/MAPLE/examples/ts/dmf/inp1_dmf_tmax_traj.xyz
Wrote refined TS structure to:  /home/hungn/Desktop/MyRepo/MLP/MAPLE/examples/ts/dmf/inp1_dmf_refine_prfo_ts.xyz



Program started: 2026-07-07 00:20:19

======================================================================
                      TIMING SUMMARY
======================================================================
Input Reading.......................................   1.133 s  (   5.5 %)
  Settings Parsing....................................   1.129 s  (  99.7 %)
  Coordinate Section Parsing..........................   0.003 s  (   0.3 %)
  Post-Processing Expansion...........................   0.000 s  (   0.0 %)
MLP Initialization..................................   0.219 s  (   1.1 %)
Job Dispatching.....................................  19.285 s  (  93.4 %)
  Transition State Optimization.......................  19.285 s  ( 100.0 %)
======================================================================
Total wall time: 20.638 s
Total CPU time: 23.618 s
======================================================================

Program ended: 2026-07-07 00:20:39
TOTAL RUN TIME: 0 days 0 hours 0 minutes 20 seconds 638 msec
