
**********************************************************************
*                                                                    *
*                        M   A   P   L   E                           *
*                                                                    *
*      MAchine-learning Potential for Landscape Exploration          *
*                                                                    *
*                                                                    *
*      © 2025 University of Pittsburgh. All rights reserved.         *
*      Licensed under CC BY 4.0 for academic use.                    *
*                                                                    *
*      Principal Developer:  Xujian Wang                             *
*                                                                    *
**********************************************************************


Parsing # commands...
Global parameter: model = aimnet2
Task set to 'ts'
Global parameter: device = gpu0
Parsed configuration:
----------------------------------------
Task: ts
model          : aimnet2
method         : dmf
refine         : prfo
device         : gpu0

                             Coordinates                              
**********************************************************************

Group 1 (from file: react.xyz)
--------------------
1    C              0.826066             0.550860            -0.126179
2    H              0.455445             1.241751            -0.878432
3    O              0.568075             1.024651             1.118743
4    C              1.441110            -0.587360            -0.436361
5    H              0.909909             0.393232             1.766632
6    H              1.591683            -0.859293            -1.474189
7    H              1.808953            -1.273475             0.323724

Group 2 (from file: prod.xyz)
--------------------
1    C              0.964601             0.915184             0.079478
2    H              1.213995             1.461369            -0.856381
3    O              0.558938             1.513833             1.046148
4    C              1.173339            -0.574112             0.026877
5    H              0.895519            -1.026143             0.981199
6    H              0.571803            -1.005747            -0.781942
7    H              2.223047            -0.794017            -0.201441

======================================================================
Direct MaxFlux (DMF) transition-state search
======================================================================
Input structures : 2 (2 endpoints + 0 intermediate guess)
beta             : 10.0000 1/eV
movable points   : 10  (total eval points = 12)
B-spline         : nsegs=6, degree=3
backend          : numpy
update_teval     : False
initial path     : fbenm
ipopt output     : False
mass weighted    : False
convergence      : tight

Generating initial DMF path with FB-ENM...
FB-ENM initial path completed.

Fixed endpoints:
    Reactant  E = -153.91462211 Eh
    Product   E = -153.93155682 Eh
    dE(P-R)     = -10.6267 kcal/mol

Solving the direct MaxFlux variational problem (IPOPT)...

IPOPT status : 0  (Algorithm terminated successfully at a locally optimal point, satisfying the convergence tolerances (can be specified by options).)
objective    :  2.46337867 eV  (internal soft-max barrier estimate)
IPOPT log    : disabled

---------------------------------------------------------------
Starting DMF TS refinement with PRFO from t_max guess
---------------------------------------------------------------

Starting Transition State Search (TS) with RS-PRFO...
Hessian recalc interval: 1; update method: bofill
Trust radius adaptation: eta_shrink=0.75, eta_expand=1.75
Convergence thresholds: f_max=0.002850, f_rms=0.001900, dp_max=0.003150, dp_rms=0.002100

----------------------------------------------------------------------
                             Iteration: 1                             


                             Coordinates                              
----------------------------------------------------------------------
0    C               -0.2148               0.6722              -0.1385
1    H               -0.5332               1.3232              -0.9562
2    O               -0.3937               1.0387               1.0745
3    C                0.2437              -0.6426              -0.2251
4    H               -0.2711              -0.3134               1.1373
5    H                0.0983              -1.1965              -1.1483
6    H                1.2129              -0.8901               0.2283


Energy:                 -153.823629 Convergence criteria  Is converged 
Maximum Force:             0.019554     0.002850                No
RMS Force:                 0.006719     0.001900                No
Maximum Displacement:      0.103803     0.003150                No
RMS Displacement:          0.039130     0.002100                No

Model change: -3.926245e-03  Actual change: -2.979715e-03  rho: 0.759
Trust radius (MW):  0.200000  Step norm (MW):  0.194966  On boundary: False

----------------------------------------------------------------------
                             Iteration: 2                             


                             Coordinates                              
----------------------------------------------------------------------
0    C               -0.2108               0.6736              -0.1336
1    H               -0.5191               1.3255              -0.9529
2    O               -0.4270               1.0282               1.0775
3    C                0.2748              -0.6344              -0.2299
4    H               -0.2412              -0.3016               1.1233
5    H                0.1291              -1.1727              -1.1636
6    H                1.2483              -0.8746               0.2061


Energy:                 -153.823910 Convergence criteria  Is converged 
Maximum Force:             0.002015     0.002850                Yes
RMS Force:                 0.000676     0.001900                Yes
Maximum Displacement:      0.035391     0.003150                No
RMS Displacement:          0.018902     0.002100                No

Model change: -2.964066e-04  Actual change: -2.809205e-04  rho: 0.948
Trust radius (MW):  0.200000  Step norm (MW):  0.195129  On boundary: False

----------------------------------------------------------------------
                             Iteration: 3                             


                             Coordinates                              
----------------------------------------------------------------------
0    C               -0.2179               0.6713              -0.1342
1    H               -0.5404               1.3163              -0.9533
2    O               -0.4262               1.0281               1.0769
3    C                0.2801              -0.6324              -0.2288
4    H               -0.2255              -0.2983               1.1292
5    H                0.1310              -1.1759              -1.1588
6    H                1.2605              -0.8604               0.1983


Energy:                 -153.823912 Convergence criteria  Is converged 
Maximum Force:             0.000177     0.002850                Yes
RMS Force:                 0.000074     0.001900                Yes
Maximum Displacement:      0.021265     0.003150                No
RMS Displacement:          0.008074     0.002100                No

Model change: -1.709659e-06  Actual change: -1.454446e-06  rho: 0.851
Trust radius (MW):  0.050000  Step norm (MW):  0.048740  On boundary: False

----------------------------------------------------------------------
                             Iteration: 4                             


                             Coordinates                              
----------------------------------------------------------------------
0    C               -0.2192               0.6645              -0.1316
1    H               -0.5418               1.3095              -0.9506
2    O               -0.4274               1.0213               1.0795
3    C                0.2787              -0.6391              -0.2263
4    H               -0.2270              -0.3050               1.1316
5    H                0.1296              -1.1826              -1.1563
6    H                1.2590              -0.8671               0.2007


Energy:                 -153.823912 Convergence criteria  Is converged 
Maximum Force:             0.000000     0.002850                Yes
RMS Force:                 0.000000     0.001900                Yes
Maximum Displacement:      0.006853     0.003150                No
RMS Displacement:          0.004245     0.002100                No

Model change: -3.296021e-08  Actual change: -1.264974e-07  rho: 3.838
Trust radius (MW):  0.050000  Step norm (MW):  0.048734  On boundary: False

----------------------------------------------------------------------
                             Iteration: 5                             


                             Coordinates                              
----------------------------------------------------------------------
0    C               -0.2192               0.6645              -0.1316
1    H               -0.5418               1.3096              -0.9506
2    O               -0.4274               1.0212               1.0794
3    C                0.2786              -0.6391              -0.2265
4    H               -0.2270              -0.3051               1.1315
5    H                0.1294              -1.1825              -1.1565
6    H                1.2589              -0.8672               0.2005


Energy:                 -153.823912 Convergence criteria  Is converged 
Maximum Force:             0.000000     0.002850                Yes
RMS Force:                 0.000000     0.001900                Yes
Maximum Displacement:      0.000244     0.003150                Yes
RMS Displacement:          0.000111     0.002100                Yes

Model change: -3.016044e-12  Actual change:  6.735576e-08  rho: -22332.484
Trust radius (MW):  0.001000  Step norm (MW):  0.000975  On boundary: False


----------------------------------------------------------------------
                          Normal Termination                          


---------------------------------------------------------------
                         DMF PATH SUMMARY
---------------------------------------------------------------
Energies in Eh (dE vs reactant in kcal/mol).

Point   t_eval        E(Eh)       dE(kcal/mol)
  0     0.0000     -153.914622        0.000
  1     0.0909     -153.898518       10.105
  2     0.1818     -153.881189       20.980
  3     0.2727     -153.855830       36.892
  4     0.3636     -153.859498       34.591
  5     0.4545     -153.839146       47.362
  6     0.5455     -153.840141       46.737 <= tmax / TS guess
  7     0.6364     -153.876695       23.799
  8     0.7273     -153.885183       18.473
  9     0.8182     -153.896023       11.671
 10     0.9091     -153.916690       -1.298
 11     1.0000     -153.931557      -10.627

---------------------------------------------------------------
              DMF TMAX / TS GUESS (highest point of path)
---------------------------------------------------------------
t_max                       ....   0.5011
E(t_max)                    ....  -153.82064946 Eh
Forward barrier (t_max - R) ....   58.969 kcal/mol
Reverse barrier (t_max - P) ....   69.595 kcal/mol
max|F| at t_max guess       ....   0.057435 Eh/Angstrom

t_max / TS guess XYZ (Angstrom):
C       -0.212086       0.676725      -0.142242
H       -0.565278       1.314566      -0.950437
O       -0.385754       1.025952       1.072875
C        0.243204      -0.630462      -0.221776
H       -0.341151      -0.299419       1.039674
H        0.112375      -1.213218      -1.130171
H        1.148691      -0.874144       0.332077

---------------------------------------------------------------
                      DMF-PRFO REFINEMENT
---------------------------------------------------------------
Energy (refined TS)                  ....  -153.82391161 Eh
max|F| (refined TS)                  ....   0.000000 Eh/Angstrom
RMS |F| (refined TS)                 ....   0.000000 Eh/Angstrom

-----------------------------------------
  REFINED TS STRUCTURE (ANGSTROEM)
-----------------------------------------
C       -0.219214       0.664495      -0.131649
H       -0.541762       1.309582      -0.950580
O       -0.427366       1.021223       1.079448
C        0.278635      -0.639109      -0.226533
H       -0.226982      -0.305140       1.131486
H        0.129439      -1.182523      -1.156541
H        1.258884      -0.867245       0.200491

Wrote DMF MEP to          : /home/hungn/Desktop/MyRepo/MLP/MAPLE/examples/ts/dmf/inp2_dmf_mep.xyz
Wrote DMF t_max to        : /home/hungn/Desktop/MyRepo/MLP/MAPLE/examples/ts/dmf/inp2_dmf_tmax.xyz
Wrote t_max trajectory to : /home/hungn/Desktop/MyRepo/MLP/MAPLE/examples/ts/dmf/inp2_dmf_tmax_traj.xyz
Wrote refined TS structure to:  /home/hungn/Desktop/MyRepo/MLP/MAPLE/examples/ts/dmf/inp2_dmf_refine_prfo_ts.xyz



Program started: 2026-07-07 00:19:34

======================================================================
                      TIMING SUMMARY
======================================================================
Input Reading.......................................   1.135 s  (   6.2 %)
  Settings Parsing....................................   1.132 s  (  99.7 %)
  Coordinate Section Parsing..........................   0.002 s  (   0.2 %)
  Post-Processing Expansion...........................   0.000 s  (   0.0 %)
MLP Initialization..................................   0.177 s  (   1.0 %)
Job Dispatching.....................................  16.926 s  (  92.8 %)
  Transition State Optimization.......................  16.925 s  ( 100.0 %)
======================================================================
Total wall time: 18.238 s
Total CPU time: 21.827 s
======================================================================

Program ended: 2026-07-07 00:19:53
TOTAL RUN TIME: 0 days 0 hours 0 minutes 18 seconds 237 msec
