
**********************************************************************
*                                                                    *
*                        M   A   P   L   E                           *
*                                                                    *
*      MAchine-learning Potential for Landscape Exploration          *
*                                                                    *
*                                                                    *
*      © 2025 University of Pittsburgh. All rights reserved.         *
*      Licensed under CC BY 4.0 for academic use.                    *
*                                                                    *
*      Principal Developer:  Xujian Wang                             *
*                                                                    *
**********************************************************************


Parsing # commands...
Global parameter: model = uma with options {'size': 'uma-s-1p1', 'task': 'omol'}
Task set to 'parmfit'
Global parameter: device = gpu0
Parsed configuration:
----------------------------------------
Task: parmfit
model          : uma(size=uma-s-1p1,task=omol)
method         : correction
input          : Toluene.in
device         : gpu0

                             Coordinates                              
**********************************************************************

Group 1 (inline)
--------------------
1    C              0.000000             1.520000             0.000000
2    C              0.000000             0.000000             0.000000
3    C              1.209000            -0.697500             0.000000
4    C              1.209000            -2.092500             0.000000
5    C              0.000000            -2.790000             0.000000
6    C             -1.209000            -2.092500             0.000000
7    C             -1.209000            -0.697500             0.000000
8    H              1.026700             1.883300             0.000000
9    H             -0.513400             1.883300             0.889200
10   H             -0.513400             1.883300            -0.889200
11   H              2.147000            -0.155900             0.000000
12   H              2.147000            -2.634100             0.000000
13   H              0.000000            -3.873200             0.000000
14   H             -2.147000            -2.634100             0.000000
15   H             -2.147000            -0.155900             0.000000

[Correction] initial parameter assignment ...

======================================================================
                       Parmfit Correction Setup                       
======================================================================
Input mol2:        toluene_ff.mol2
Initial frcmod:    Toluene_work/Toluene_original.frcmod
Topology atoms:    15
Topology bonds:    15
Bonded refinement: mSeminario
QM reference:     disabled
QM compare:       disabled
TorsionFit:        enabled
Torsion backend:   cgbs
Torsion constraint:projected
Torsion ensemble:false
Scan grid:         10.0000 deg x 36 steps
Stage2 refine:     max_fast_cycles=3, max_iter_per_cycle=256, tol=1e-06
Torsion bonds:      auto-select non-ring torsion bonds with proper torsions

Assigned terms:
  bonds:      15 (unmatched: 0)
  angles:     24 (unmatched: 0)
  dihedrals:  30 (unmatched: 0)
  impropers:  6 (unmatched: 0)
  nonbonds:   15 (unmatched: 0)
======================================================================

[Correction] MLIP geometry optimization ...
[Correction] MLIP Hessian + mSeminario ...

============================================================================================================
                                       mSeminario bond/angle changes                                        
============================================================================================================
Display convention: left = before this stage | right = after this stage
Only changed force-field items are shown below.


------------------------------------------------------------------------------------------------------------
                                                   BONDS                                                    
------------------------------------------------------------------------------------------------------------
(1,2)            c3-ca             k=243.910000  r=1.515000           | 	 k=259.075896  r=1.501976          
(1,8)            c3-hc             k=345.250000  r=1.096000           | 	 k=357.861678  r=1.088549          
(1,9)            c3-hc             k=345.250000  r=1.096000           | 	 k=352.329067  r=1.090532          
(1,10)           c3-hc             k=345.250000  r=1.096000           | 	 k=352.343963  r=1.090522          
(2,3)            ca-ca             k=354.250000  r=1.399000           | 	 k=386.854951  r=1.388926          
(2,7)            ca-ca             k=354.250000  r=1.399000           | 	 k=376.395453  r=1.392698          
(3,4)            ca-ca             k=354.250000  r=1.399000           | 	 k=404.680248  r=1.387465          
(3,11)           ca-ha             k=360.690000  r=1.086000           | 	 k=375.902618  r=1.083502          
(4,5)            ca-ca             k=354.250000  r=1.399000           | 	 k=403.739978  r=1.385466          
(4,12)           ca-ha             k=360.690000  r=1.086000           | 	 k=381.001895  r=1.082173          
(5,6)            ca-ca             k=354.250000  r=1.399000           | 	 k=395.879030  r=1.388672          
(5,13)           ca-ha             k=360.690000  r=1.086000           | 	 k=384.190172  r=1.080908          
(6,7)            ca-ca             k=354.250000  r=1.399000           | 	 k=407.678343  r=1.384649          
(6,14)           ca-ha             k=360.690000  r=1.086000           | 	 k=380.509956  r=1.082381          
(7,15)           ca-ha             k=360.690000  r=1.086000           | 	 k=374.703304  r=1.083999          

------------------------------------------------------------------------------------------------------------
                                                   ANGLES                                                   
------------------------------------------------------------------------------------------------------------
(2,1,8)          ca-c3-hc                k=43.610000  theta=110.6300          | 	 k=52.122222  theta=110.8773         
(2,1,9)          ca-c3-hc                k=43.610000  theta=110.6300          | 	 k=55.333769  theta=110.9244         
(2,1,10)         ca-c3-hc                k=43.610000  theta=110.6300          | 	 k=54.410248  theta=110.9244         
(8,1,9)          hc-c3-hc                k=35.800000  theta=107.7300          | 	 k=32.714113  theta=108.1504         
(8,1,10)         hc-c3-hc                k=35.800000  theta=107.7300          | 	 k=30.073137  theta=108.1507         
(9,1,10)         hc-c3-hc                k=35.800000  theta=107.7300          | 	 k=30.254652  theta=107.6875         
(1,2,3)          c3-ca-ca                k=60.740000  theta=120.8300          | 	 k=97.253011  theta=120.8029         
(1,2,7)          c3-ca-ca                k=60.740000  theta=120.8300          | 	 k=97.433785  theta=120.5270         
(3,2,7)          ca-ca-ca                k=63.670000  theta=120.0200          | 	 k=114.086812  theta=118.6700        
(2,3,4)          ca-ca-ca                k=63.670000  theta=120.0200          | 	 k=115.366381  theta=120.8270        
(2,3,11)         ca-ca-ha                k=44.900000  theta=119.8800          | 	 k=33.444421  theta=119.1766         
(4,3,11)         ca-ca-ha                k=44.900000  theta=119.8800          | 	 k=33.942741  theta=119.9964         
(3,4,5)          ca-ca-ca                k=63.670000  theta=120.0200          | 	 k=114.146111  theta=120.0287        
(3,4,12)         ca-ca-ha                k=44.900000  theta=119.8800          | 	 k=34.333887  theta=119.8170         
(5,4,12)         ca-ca-ha                k=44.900000  theta=119.8800          | 	 k=33.733673  theta=120.1543         
(4,5,6)          ca-ca-ca                k=63.670000  theta=120.0200          | 	 k=107.936107  theta=119.6531        
(4,5,13)         ca-ca-ha                k=44.900000  theta=119.8800          | 	 k=33.055843  theta=120.1705         
(6,5,13)         ca-ca-ha                k=44.900000  theta=119.8800          | 	 k=33.076342  theta=120.1763         
(5,6,7)          ca-ca-ca                k=63.670000  theta=120.0200          | 	 k=108.629825  theta=120.0862        
(5,6,14)         ca-ca-ha                k=44.900000  theta=119.8800          | 	 k=33.358150  theta=119.9664         
(7,6,14)         ca-ca-ha                k=44.900000  theta=119.8800          | 	 k=33.352386  theta=119.9474         
(2,7,6)          ca-ca-ca                k=63.670000  theta=120.0200          | 	 k=107.413288  theta=120.7349        
(2,7,15)         ca-ca-ha                k=44.900000  theta=119.8800          | 	 k=33.620985  theta=119.3261         
(6,7,15)         ca-ca-ha                k=44.900000  theta=119.8800          | 	 k=33.683273  theta=119.9390         

[Correction] TorsionFit ...

============================================================================================================
                                         TorsionFit torsion changes                                         
============================================================================================================
Display convention: left = before this stage | right = after this stage
Only changed force-field items are shown below.


------------------------------------------------------------------------------------------------------------
                                                 DIHEDRALS                                                  
------------------------------------------------------------------------------------------------------------
(3,2,1,8)          ca-ca-c3-hc                term=1 k=0.000000  n=1.000  phase=0.0000  |  k=0.327205  n=1.000  phase=0.0093 
(3,2,1,8)          ca-ca-c3-hc                term=2 k=NA  n=NA  phase=NA               |  k=0.339371  n=2.000  phase=-179.9940
(3,2,1,8)          ca-ca-c3-hc                term=3 k=NA  n=NA  phase=NA               |  k=0.293569  n=3.000  phase=107.4948
(3,2,1,8)          ca-ca-c3-hc                term=4 k=NA  n=NA  phase=NA               |  k=0.224171  n=4.000  phase=-0.1067
(7,2,1,8)          ca-ca-c3-hc                term=1 k=0.000000  n=1.000  phase=0.0000  |  k=0.327285  n=1.000  phase=-179.9907
(7,2,1,8)          ca-ca-c3-hc                term=2 k=NA  n=NA  phase=NA               |  k=0.339561  n=2.000  phase=-179.9940
(7,2,1,8)          ca-ca-c3-hc                term=3 k=NA  n=NA  phase=NA               |  k=0.293727  n=3.000  phase=107.8234
(7,2,1,8)          ca-ca-c3-hc                term=4 k=NA  n=NA  phase=NA               |  k=0.221668  n=4.000  phase=-0.1062
(3,2,1,9)          ca-ca-c3-hc                term=1 k=0.000000  n=1.000  phase=0.0000  |  k=0.327205  n=1.000  phase=0.0093 
(3,2,1,9)          ca-ca-c3-hc                term=2 k=NA  n=NA  phase=NA               |  k=0.339371  n=2.000  phase=-179.9940
(3,2,1,9)          ca-ca-c3-hc                term=3 k=NA  n=NA  phase=NA               |  k=0.293569  n=3.000  phase=107.4948
(3,2,1,9)          ca-ca-c3-hc                term=4 k=NA  n=NA  phase=NA               |  k=0.224171  n=4.000  phase=-0.1067
(7,2,1,9)          ca-ca-c3-hc                term=1 k=0.000000  n=1.000  phase=0.0000  |  k=0.327285  n=1.000  phase=-179.9907
(7,2,1,9)          ca-ca-c3-hc                term=2 k=NA  n=NA  phase=NA               |  k=0.339561  n=2.000  phase=-179.9940
(7,2,1,9)          ca-ca-c3-hc                term=3 k=NA  n=NA  phase=NA               |  k=0.293727  n=3.000  phase=107.8234
(7,2,1,9)          ca-ca-c3-hc                term=4 k=NA  n=NA  phase=NA               |  k=0.221668  n=4.000  phase=-0.1062
(3,2,1,10)         ca-ca-c3-hc                term=1 k=0.000000  n=1.000  phase=0.0000  |  k=0.327205  n=1.000  phase=0.0093 
(3,2,1,10)         ca-ca-c3-hc                term=2 k=NA  n=NA  phase=NA               |  k=0.339371  n=2.000  phase=-179.9940
(3,2,1,10)         ca-ca-c3-hc                term=3 k=NA  n=NA  phase=NA               |  k=0.293569  n=3.000  phase=107.4948
(3,2,1,10)         ca-ca-c3-hc                term=4 k=NA  n=NA  phase=NA               |  k=0.224171  n=4.000  phase=-0.1067
(7,2,1,10)         ca-ca-c3-hc                term=1 k=0.000000  n=1.000  phase=0.0000  |  k=0.327285  n=1.000  phase=-179.9907
(7,2,1,10)         ca-ca-c3-hc                term=2 k=NA  n=NA  phase=NA               |  k=0.339561  n=2.000  phase=-179.9940
(7,2,1,10)         ca-ca-c3-hc                term=3 k=NA  n=NA  phase=NA               |  k=0.293727  n=3.000  phase=107.8234
(7,2,1,10)         ca-ca-c3-hc                term=4 k=NA  n=NA  phase=NA               |  k=0.221668  n=4.000  phase=-0.1062

[Correction] export GROMACS ...
[Correction] export Amber ...

======================================================================
                      PARMFIT CORRECTION RESULT                       
======================================================================
Status: completed
Input mol2: toluene_ff.mol2

Main products:
  Amber mol2:   Toluene_work/Toluene_maple.mol2
  Amber frcmod: Toluene_work/Toluene_maple.frcmod
  GROMACS top:  Toluene_work/Toluene_maple.top
  GROMACS gro:  Toluene_work/Toluene_maple.gro
  Amber tleap:  Toluene_work/Toluene_maple_tleap.in

Stage timing:
  TorsionFit                           13s
  Hessian + mSeminario                  6s
  geometry optimization                 2s
  initial parameter assignment          0s
  export Amber                          0s
  export GROMACS                        0s
  charge fitting                        0s

Parameter changes:
  bonded refinement:              mSeminario
  bonds changed by bonded refine:  15
  angles changed by bonded refine: 24
  dihedrals changed by TorsionFit: 6
  other changes:                   none

Torsion energy trace:
  
torsion bond (1, 2):
    scan xyz: Toluene_work/torsionfit/Toluene_torsionfit_1-2_scan_final.xyz
    angle_deg    MLIP_ref     orig_ref    stage0_ref    stage1_ref    stage2_ref
       0.0032    0.014619    0.082108    0.021950    0.019618    0.019648
      10.0032    0.015661    0.066048    0.012316    0.011282    0.010429
      20.0032    0.018856    0.040582   -0.002207   -0.000040   -0.003311
      30.0032    0.021838    0.025382   -0.004939    0.001378   -0.005192
      40.0032    0.023444    0.030279    0.010133    0.020390    0.010533
      50.0032    0.024197    0.045507    0.030954    0.043966    0.031717
      60.0032    0.024763    0.050994    0.037960    0.052001    0.038896
      70.0032    0.025250    0.036256    0.023082    0.036355    0.024154
      80.0032    0.024290    0.011268   -0.001088    0.009950    0.000163
      90.0032    0.021052   -0.003912   -0.013705   -0.005755   -0.012269
     100.0032    0.015898    0.001170   -0.005330   -0.000523   -0.003777
     110.0032    0.011103    0.017573    0.013710    0.016182    0.015304
     120.0032    0.008819    0.025863    0.023261    0.024886    0.024869
     130.0032    0.009429    0.015581    0.013130    0.015646    0.014745
     140.0032    0.011408   -0.004156   -0.007090   -0.002260   -0.005554
     150.0032    0.012577   -0.014275   -0.018185   -0.010373   -0.016931
     160.0032    0.012277   -0.004989   -0.010368    0.000198   -0.009619
     170.0032    0.011332    0.014351    0.007561    0.019928    0.007728
     180.0032    0.011065    0.023993    0.017008    0.029827    0.016759
     190.0032    0.011686    0.013328    0.008455    0.020330    0.008137
     200.0032    0.011791   -0.008320   -0.008990    0.000776   -0.009031
     210.0032    0.010226   -0.021349   -0.017550   -0.010588   -0.017138
     220.0032    0.007318   -0.015346   -0.009034   -0.004914   -0.008204
     230.0032    0.004613    0.001156    0.006806    0.008823    0.007925
     240.0032    0.004151    0.009447    0.012255    0.013583    0.013566
     250.0032    0.006018   -0.000374   -0.000216    0.002136    0.001249
     260.0032    0.008706   -0.019081   -0.019448   -0.014610   -0.017888
     270.0032    0.010218   -0.027938   -0.026440   -0.018378   -0.024927
     280.0032    0.010053   -0.017566   -0.013077   -0.001973   -0.011796
     290.0032    0.009237    0.002529    0.009664    0.022818    0.010602
     300.0032    0.009094    0.012716    0.021501    0.035217    0.022127
     310.0032    0.009800    0.002531    0.012191    0.024859    0.012649
     320.0032    0.009927   -0.018783   -0.008875    0.001352   -0.008464
     330.0032    0.008066   -0.031746   -0.022668   -0.015753   -0.022299
     340.0032    0.004569   -0.025799   -0.019014   -0.015497   -0.018773
     350.0032    0.001146   -0.009084   -0.005825   -0.004876   -0.005755
     360.0032    0.000000    0.000000    0.000000    0.000000    0.000000
    MLIP_ref vs stage2_final: MAE = 0.014596 kcal/mol, RMSE = 0.017840 kcal/mol

TorsionFit:
  state: enabled
  torsion bonds: (1, 2)
  scan files:
    (1, 2): Toluene_work/torsionfit/Toluene_torsionfit_1-2_scan_final.xyz
  stage1: completed
  stage2: enabled, max_fast_cycles=3
  fast cycles: executed=3, accepted=3, rejected=0
  final parameters: Stage2 fast cycle 3

Warnings:
  none
======================================================================

======================================================================
                              IMPORTANT                               
======================================================================
Due to the limitations of custom atom types, the exported topology
must be normalized with ParmEd before use. tleap identifies hydrogens
by the leading character of the atom type, which MAPLE types do not
carry, so it writes an empty BONDS_INC_HYDROGEN section and SHAKE
(ntc=2) would constrain nothing. ParmEd rebuilds that section from
ATOMIC_NUMBER, e.g.:
  tleap -f Toluene_maple_tleap.in
  parmed -p Toluene_maple_gas.prmtop <<< $'outparm Toluene_maple_gas_parmed.prmtop\nquit'
======================================================================



Program started: 2026-09-23 04:30:50

======================================================================
                      TIMING SUMMARY
======================================================================
Input Reading.......................................   1.142 s  (   3.6 %)
  Settings Parsing....................................   1.141 s  (  99.9 %)
  Coordinate Section Parsing..........................   0.000 s  (   0.0 %)
  Post-Processing Expansion...........................   0.000 s  (   0.0 %)
MLP Initialization..................................   9.809 s  (  31.0 %)
Job Dispatching.....................................  20.654 s  (  65.3 %)
  Parmfit optimization................................  20.653 s  ( 100.0 %)
    Parmfit correction..................................  20.604 s  (  99.8 %)
======================================================================
Total wall time: 31.606 s
Total CPU time: 33.637 s
======================================================================

Program ended: 2026-09-23 04:31:21
TOTAL RUN TIME: 0 days 0 hours 0 minutes 31 seconds 606 msec
