                Step[ FC]     Time          Energy          fmax
BFGSLineSearch:    0[  0] 00:36:20   -14584.415596       1.0380
BFGSLineSearch:    1[  2] 00:36:21   -14584.438560       0.4527
BFGSLineSearch:    2[  4] 00:36:21   -14584.444319       0.2038
BFGSLineSearch:    3[  6] 00:36:21   -14584.446555       0.1499
BFGSLineSearch:    4[  8] 00:36:21   -14584.448256       0.1005
BFGSLineSearch:    5[ 10] 00:36:21   -14584.449905       0.1543
BFGSLineSearch:    6[ 12] 00:36:22   -14584.450844       0.1596
BFGSLineSearch:    7[ 14] 00:36:22   -14584.452340       0.1226
BFGSLineSearch:    8[ 16] 00:36:22   -14584.453340       0.0898
BFGSLineSearch:    9[ 18] 00:36:22   -14584.454486       0.1603
BFGSLineSearch:   10[ 20] 00:36:22   -14584.455427       0.0881
BFGSLineSearch:   11[ 22] 00:36:23   -14584.456236       0.0793
BFGSLineSearch:   12[ 24] 00:36:23   -14584.457086       0.0856
BFGSLineSearch:   13[ 26] 00:36:23   -14584.458337       0.1172
BFGSLineSearch:   14[ 28] 00:36:23   -14584.459441       0.0689
BFGSLineSearch:   15[ 29] 00:36:23   -14584.460506       0.1228
BFGSLineSearch:   16[ 31] 00:36:24   -14584.461094       0.0974
BFGSLineSearch:   17[ 33] 00:36:24   -14584.461682       0.0785
BFGSLineSearch:   18[ 35] 00:36:24   -14584.462118       0.0489
BFGSLineSearch:   19[ 37] 00:36:24   -14584.462422       0.0498
BFGSLineSearch:   20[ 39] 00:36:24   -14584.462720       0.0575
BFGSLineSearch:   21[ 41] 00:36:25   -14584.463014       0.0573
BFGSLineSearch:   22[ 43] 00:36:25   -14584.463403       0.0427
BFGSLineSearch:   23[ 44] 00:36:25   -14584.463920       0.0861
BFGSLineSearch:   24[ 46] 00:36:25   -14584.464159       0.0421
BFGSLineSearch:   25[ 48] 00:36:25   -14584.464404       0.0512
BFGSLineSearch:   26[ 50] 00:36:26   -14584.464742       0.0576
BFGSLineSearch:   27[ 52] 00:36:26   -14584.465045       0.0597
BFGSLineSearch:   28[ 53] 00:36:26   -14584.465593       0.0430
BFGSLineSearch:   29[ 55] 00:36:26   -14584.466009       0.1113
BFGSLineSearch:   30[ 57] 00:36:26   -14584.466461       0.0649
BFGSLineSearch:   31[ 58] 00:36:26   -14584.467177       0.0551
BFGSLineSearch:   32[ 60] 00:36:27   -14584.467493       0.0652
BFGSLineSearch:   33[ 62] 00:36:27   -14584.467824       0.0523
BFGSLineSearch:   34[ 63] 00:36:27   -14584.468233       0.0359
BFGSLineSearch:   35[ 65] 00:36:27   -14584.468669       0.0579
BFGSLineSearch:   36[ 66] 00:36:27   -14584.468950       0.0659
BFGSLineSearch:   37[ 67] 00:36:27   -14584.469157       0.0209
BFGSLineSearch:   38[ 68] 00:36:27   -14584.469361       0.0158
BFGSLineSearch:   39[ 70] 00:36:28   -14584.469827       0.0495
BFGSLineSearch:   40[ 72] 00:36:28   -14584.471143       0.0324
BFGSLineSearch:   41[ 74] 00:36:28   -14584.471825       0.0692
BFGSLineSearch:   42[ 75] 00:36:28   -14584.472689       0.0596
BFGSLineSearch:   43[ 76] 00:36:28   -14584.473172       0.0261
BFGSLineSearch:   44[ 77] 00:36:28   -14584.473528       0.0733
BFGSLineSearch:   45[ 78] 00:36:28   -14584.473857       0.0200
BFGSLineSearch:   46[ 80] 00:36:29   -14584.474362       0.0588
BFGSLineSearch:   47[ 82] 00:36:29   -14584.475040       0.0819
BFGSLineSearch:   48[ 84] 00:36:29   -14584.475758       0.0686
BFGSLineSearch:   49[ 86] 00:36:29   -14584.475921       0.0566
BFGSLineSearch:   50[ 87] 00:36:29   -14584.476311       0.0391
BFGSLineSearch:   51[ 88] 00:36:29   -14584.476586       0.0364
BFGSLineSearch:   52[ 89] 00:36:30   -14584.476786       0.0222
BFGSLineSearch:   53[ 90] 00:36:30   -14584.476935       0.0267
BFGSLineSearch:   54[ 91] 00:36:30   -14584.477045       0.0217
BFGSLineSearch:   55[ 93] 00:36:30   -14584.477420       0.0368
BFGSLineSearch:   56[ 95] 00:36:30   -14584.478073       0.0882
BFGSLineSearch:   57[ 96] 00:36:30   -14584.478712       0.0420
BFGSLineSearch:   58[ 97] 00:36:30   -14584.479451       0.0489
BFGSLineSearch:   59[ 99] 00:36:31   -14584.479766       0.0836
BFGSLineSearch:   60[100] 00:36:31   -14584.480184       0.0497
BFGSLineSearch:   61[101] 00:36:31   -14584.480366       0.0237
BFGSLineSearch:   62[102] 00:36:31   -14584.480433       0.0243
BFGSLineSearch:   63[104] 00:36:31   -14584.480524       0.0462
BFGSLineSearch:   64[106] 00:36:31   -14584.480741       0.0379
BFGSLineSearch:   65[108] 00:36:32   -14584.481078       0.0479
BFGSLineSearch:   66[110] 00:36:32   -14584.481324       0.0691
BFGSLineSearch:   67[112] 00:36:32   -14584.481503       0.0309
BFGSLineSearch:   68[113] 00:36:32   -14584.481594       0.0234
BFGSLineSearch:   69[114] 00:36:32   -14584.481644       0.0219
BFGSLineSearch:   70[115] 00:36:32   -14584.481679       0.0163
BFGSLineSearch:   71[117] 00:36:33   -14584.481711       0.0145
BFGSLineSearch:   72[119] 00:36:33   -14584.481753       0.0141
BFGSLineSearch:   73[120] 00:36:33   -14584.481783       0.0187
BFGSLineSearch:   74[122] 00:36:33   -14584.481823       0.0285
BFGSLineSearch:   75[124] 00:36:33   -14584.481900       0.0303
BFGSLineSearch:   76[125] 00:36:33   -14584.481965       0.0386
BFGSLineSearch:   77[128] 00:36:34   -14584.482100       0.0198
BFGSLineSearch:   78[130] 00:36:34   -14584.482213       0.0349
BFGSLineSearch:   79[132] 00:36:34   -14584.482258       0.0294
BFGSLineSearch:   80[133] 00:36:34   -14584.482313       0.0138
BFGSLineSearch:   81[134] 00:36:34   -14584.482327       0.0061
