                Step[ FC]     Time          Energy          fmax
BFGSLineSearch:    0[  0] 00:40:25   -14584.487293       1.6266
BFGSLineSearch:    1[  2] 00:40:25   -14584.515414       0.5087
BFGSLineSearch:    2[  4] 00:40:26   -14584.523309       0.4915
BFGSLineSearch:    3[  6] 00:40:26   -14584.527560       0.3160
BFGSLineSearch:    4[  8] 00:40:26   -14584.530603       0.2508
BFGSLineSearch:    5[ 10] 00:40:26   -14584.531969       0.1776
BFGSLineSearch:    6[ 12] 00:40:26   -14584.533985       0.2061
BFGSLineSearch:    7[ 14] 00:40:26   -14584.535830       0.2332
BFGSLineSearch:    8[ 16] 00:40:26   -14584.537802       0.1678
BFGSLineSearch:    9[ 69] 00:40:30   -14584.540904       0.1002
BFGSLineSearch:   10[120] 00:40:32   -14584.540938       0.1001
BFGSLineSearch:   11[180] 00:40:36   -14584.540985       0.0996
BFGSLineSearch:   12[227] 00:40:39   -14584.541145       0.0986
BFGSLineSearch:   13[232] 00:40:39   -14584.541144       0.0986
BFGSLineSearch:   14[236] 00:40:39   -14584.541143       0.0986
BFGSLineSearch:   15[282] 00:40:42   -14584.541145       0.0986
BFGSLineSearch:   16[284] 00:40:42   -14584.517199       0.0941
BFGSLineSearch:   17[287] 00:40:42   -14584.522839       0.2799
BFGSLineSearch:   18[338] 00:40:45   -14584.525811       0.2359
BFGSLineSearch:   19[388] 00:40:48   -14584.525985       0.2320
BFGSLineSearch:   20[441] 00:40:51   -14584.526224       0.2293
BFGSLineSearch:   21[512] 00:40:56   -14584.526225       0.2293
BFGSLineSearch:   22[516] 00:40:56   -14584.526223       0.2293
