                Step[ FC]     Time          Energy          fmax
BFGSLineSearch:    0[  0] 00:42:07   -14584.906215       1.2438
BFGSLineSearch:    1[  2] 00:42:07   -14584.926814       0.4575
BFGSLineSearch:    2[  4] 00:42:07   -14584.933583       0.4654
BFGSLineSearch:    3[  6] 00:42:07   -14584.937501       0.2772
BFGSLineSearch:    4[  8] 00:42:07   -14584.940260       0.2189
BFGSLineSearch:    5[ 10] 00:42:08   -14584.941484       0.1791
BFGSLineSearch:    6[ 12] 00:42:08   -14584.943164       0.1776
BFGSLineSearch:    7[ 14] 00:42:08   -14584.944370       0.1726
BFGSLineSearch:    8[ 16] 00:42:08   -14584.945478       0.1164
BFGSLineSearch:    9[ 19] 00:42:08   -14584.947377       0.1362
BFGSLineSearch:   10[ 22] 00:42:08   -14584.948896       0.2006
BFGSLineSearch:   11[ 80] 00:42:12   -14584.949062       0.2033
BFGSLineSearch:   12[111] 00:42:13   -14584.949105       0.2024
BFGSLineSearch:   13[175] 00:42:16   -14584.949106       0.2024
BFGSLineSearch:   14[178] 00:42:16   -14584.949105       0.2024
BFGSLineSearch:   15[182] 00:42:16   -14584.949104       0.2024
BFGSLineSearch:   16[186] 00:42:17   -14584.949103       0.2024
BFGSLineSearch:   17[215] 00:42:18   -14584.949104       0.2024
BFGSLineSearch:   18[219] 00:42:18   -14584.949104       0.2024
BFGSLineSearch:   19[260] 00:42:20   -14584.949104       0.2024
BFGSLineSearch:   20[264] 00:42:20   -14584.949104       0.2024
BFGSLineSearch:   21[268] 00:42:20   -14584.949103       0.2024
BFGSLineSearch:   22[289] 00:42:22   -14584.949106       0.2024
BFGSLineSearch:   23[292] 00:42:22   -14584.949103       0.2024
BFGSLineSearch:   24[347] 00:42:24   -14584.949104       0.2024
BFGSLineSearch:   25[351] 00:42:24   -14584.949104       0.2024
BFGSLineSearch:   26[355] 00:42:25   -14584.949103       0.2024
BFGSLineSearch:   27[429] 00:42:28   -14584.949105       0.2024
BFGSLineSearch:   28[433] 00:42:28   -14584.949103       0.2024
BFGSLineSearch:   29[455] 00:42:29   -14584.949106       0.2024
BFGSLineSearch:   30[459] 00:42:30   -14584.949104       0.2024
BFGSLineSearch:   31[499] 00:42:32   -14584.949169       0.2009
BFGSLineSearch:   32[503] 00:42:32   -14584.949169       0.2009
BFGSLineSearch:   33[540] 00:42:34   -14584.949170       0.2009
BFGSLineSearch:   34[607] 00:42:37   -14584.949170       0.2009
BFGSLineSearch:   35[611] 00:42:37   -14584.949168       0.2009
BFGSLineSearch:   36[658] 00:42:39   -14584.949169       0.2009
