       Step     Time          Energy          fmax
FIRE2:    0 00:47:39   -14584.012153        1.272446
FIRE2:    1 00:47:39   -14583.580364        7.733420
FIRE2:    2 00:47:39   -14583.888828        3.538620
FIRE2:    3 00:47:39   -14584.024634        1.137101
FIRE2:    4 00:47:39   -14584.033537        0.884373
FIRE2:    5 00:47:39   -14584.039338        0.321995
FIRE2:    6 00:47:40   -14584.039969        0.224676
FIRE2:    7 00:47:40   -14584.040672        0.120377
FIRE2:    8 00:47:40   -14584.040923        0.166911
FIRE2:    9 00:47:40   -14584.040957        0.126842
FIRE2:   10 00:47:40   -14584.041002        0.118691
FIRE2:   11 00:47:40   -14584.041079        0.108806
FIRE2:   12 00:47:40   -14584.041185        0.107207
FIRE2:   13 00:47:40   -14584.041314        0.105037
FIRE2:   14 00:47:40   -14584.041446        0.102310
FIRE2:   15 00:47:40   -14584.041587        0.099102
FIRE2:   16 00:47:40   -14584.041728        0.095561
FIRE2:   17 00:47:40   -14584.041886        0.091866
FIRE2:   18 00:47:40   -14584.042047        0.088139
FIRE2:   19 00:47:40   -14584.042217        0.084436
FIRE2:   20 00:47:40   -14584.042382        0.080749
FIRE2:   21 00:47:40   -14584.042541        0.077044
FIRE2:   22 00:47:40   -14584.042692        0.073296
FIRE2:   23 00:47:40   -14584.042839        0.069513
FIRE2:   24 00:47:40   -14584.042986        0.065719
FIRE2:   25 00:47:40   -14584.043129        0.061939
FIRE2:   26 00:47:40   -14584.043262        0.058200
FIRE2:   27 00:47:40   -14584.043398        0.054531
FIRE2:   28 00:47:40   -14584.043523        0.050967
FIRE2:   29 00:47:40   -14584.043643        0.047533
FIRE2:   30 00:47:40   -14584.043775        0.043908
FIRE2:   31 00:47:40   -14584.043911        0.041361
FIRE2:   32 00:47:40   -14584.044053        0.039650
FIRE2:   33 00:47:40   -14584.044203        0.037845
FIRE2:   34 00:47:40   -14584.044361        0.035967
FIRE2:   35 00:47:40   -14584.044525        0.035561
FIRE2:   36 00:47:41   -14584.044697        0.035088
FIRE2:   37 00:47:41   -14584.044877        0.034443
FIRE2:   38 00:47:41   -14584.045067        0.033603
FIRE2:   39 00:47:41   -14584.045267        0.032578
FIRE2:   40 00:47:41   -14584.045482        0.031379
FIRE2:   41 00:47:41   -14584.045713        0.030576
FIRE2:   42 00:47:41   -14584.045963        0.030602
FIRE2:   43 00:47:41   -14584.046234        0.030504
FIRE2:   44 00:47:41   -14584.046529        0.030271
FIRE2:   45 00:47:41   -14584.021970        0.060209
FIRE2:   46 00:47:41   -14584.022334        0.027001
FIRE2:   47 00:47:41   -14584.022656        0.044212
FIRE2:   48 00:47:41   -14584.023021        0.041392
FIRE2:   49 00:47:41   -14584.023407        0.030624
FIRE2:   50 00:47:41   -14584.023800        0.037282
FIRE2:   51 00:47:41   -14584.024236        0.030475
FIRE2:   52 00:47:41   -14583.996557        0.046541
FIRE2:   53 00:47:41   -14583.997024        0.045194
FIRE2:   54 00:47:41   -14583.997470        0.055966
FIRE2:   55 00:47:41   -14583.997964        0.041527
FIRE2:   56 00:47:41   -14583.998432        0.051498
FIRE2:   57 00:47:41   -14583.998919        0.076133
FIRE2:   58 00:47:41   -14583.999374        0.109875
FIRE2:   59 00:47:41   -14583.999872        0.120687
FIRE2:   60 00:47:41   -14584.000333        0.148020
FIRE2:   61 00:47:41   -14584.000739        0.208792
FIRE2:   62 00:47:41   -14584.000615        0.231836
FIRE2:   63 00:47:42   -14584.000899        0.040793
FIRE2:   64 00:47:42   -14584.000729        0.200415
FIRE2:   65 00:47:42   -14584.000869        0.113601
FIRE2:   66 00:47:42   -14584.000941        0.042047
FIRE2:   67 00:47:42   -14584.000939        0.078153
FIRE2:   68 00:47:42   -14584.000959        0.046205
FIRE2:   69 00:47:42   -14584.000965        0.040277
FIRE2:   70 00:47:42   -14584.000971        0.029481
FIRE2:   71 00:47:42   -14584.000979        0.027784
FIRE2:   72 00:47:42   -14584.000990        0.027780
FIRE2:   73 00:47:42   -14584.000998        0.027778
FIRE2:   74 00:47:42   -14584.001013        0.028656
FIRE2:   75 00:47:42   -14584.001029        0.028970
FIRE2:   76 00:47:42   -14584.001045        0.027779
FIRE2:   77 00:47:42   -14584.001064        0.027782
FIRE2:   78 00:47:42   -14584.001083        0.027788
FIRE2:   79 00:47:42   -14584.001102        0.027792
FIRE2:   80 00:47:42   -14584.001119        0.027799
FIRE2:   81 00:47:42   -14584.001139        0.027804
FIRE2:   82 00:47:42   -14584.001160        0.027808
FIRE2:   83 00:47:42   -14584.001179        0.027812
FIRE2:   84 00:47:42   -14584.001202        0.027816
FIRE2:   85 00:47:42   -14584.001221        0.027819
FIRE2:   86 00:47:42   -14584.001244        0.027824
FIRE2:   87 00:47:42   -14584.001264        0.027827
FIRE2:   88 00:47:42   -14584.001288        0.027832
FIRE2:   89 00:47:42   -14584.001309        0.027837
FIRE2:   90 00:47:43   -14584.001335        0.027842
FIRE2:   91 00:47:43   -14584.001364        0.027847
FIRE2:   92 00:47:43   -14584.001398        0.027851
FIRE2:   93 00:47:43   -14584.001431        0.027857
FIRE2:   94 00:47:43   -14584.001474        0.027862
FIRE2:   95 00:47:43   -14584.001517        0.027865
FIRE2:   96 00:47:43   -14584.001569        0.027870
FIRE2:   97 00:47:43   -14584.001623        0.027875
FIRE2:   98 00:47:43   -14584.001689        0.027881
FIRE2:   99 00:47:43   -14584.001760        0.027885
FIRE2:  100 00:47:43   -14584.001838        0.027887
FIRE2:  101 00:47:43   -14583.866592        0.294298
FIRE2:  102 00:47:43   -14583.866903        0.246532
FIRE2:  103 00:47:43   -14583.867311        0.156904
FIRE2:  104 00:47:43   -14584.001512        0.261100
FIRE2:  105 00:47:43   -14583.867531        0.092891
FIRE2:  106 00:47:43   -14583.867546        0.083960
FIRE2:  107 00:47:43   -14583.867565        0.077427
FIRE2:  108 00:47:43   -14584.001646        0.230480
FIRE2:  109 00:47:43   -14584.001657        0.227886
FIRE2:  110 00:47:44   -14584.001658        0.227886
FIRE2:  111 00:47:44   -14583.867586        0.068325
FIRE2:  112 00:47:44   -14583.867584        0.068096
FIRE2:  113 00:47:44   -14584.001658        0.227993
FIRE2:  114 00:47:44   -14583.867587        0.068278
FIRE2:  115 00:47:44   -14583.867586        0.068047
FIRE2:  116 00:47:44   -14584.001657        0.228029
FIRE2:  117 00:47:44   -14583.867586        0.068227
FIRE2:  118 00:47:44   -14583.867587        0.068009
FIRE2:  119 00:47:44   -14584.001656        0.228068
FIRE2:  120 00:47:44   -14583.867585        0.068180
FIRE2:  121 00:47:44   -14583.867585        0.068321
FIRE2:  122 00:47:44   -14583.867589        0.068101
FIRE2:  123 00:47:44   -14584.001657        0.227948
FIRE2:  124 00:47:44   -14583.867588        0.068273
FIRE2:  125 00:47:44   -14583.867588        0.068053
FIRE2:  126 00:47:44   -14584.001658        0.227991
FIRE2:  127 00:47:44   -14583.867590        0.068220
FIRE2:  128 00:47:44   -14584.001660        0.227804
FIRE2:  129 00:47:44   -14583.867586        0.068331
FIRE2:  130 00:47:44   -14583.867588        0.068110
FIRE2:  131 00:47:45   -14584.001660        0.227915
FIRE2:  132 00:47:45   -14583.867589        0.068279
FIRE2:  133 00:47:45   -14584.001660        0.227727
FIRE2:  134 00:47:45   -14584.001662        0.227761
FIRE2:  135 00:47:45   -14583.867587        0.068344
FIRE2:  136 00:47:45   -14583.867588        0.068126
FIRE2:  137 00:47:45   -14584.001658        0.227882
FIRE2:  138 00:47:45   -14583.867589        0.068295
FIRE2:  139 00:47:45   -14584.001661        0.227697
FIRE2:  140 00:47:45   -14584.001658        0.227734
FIRE2:  141 00:47:45   -14583.867587        0.068362
FIRE2:  142 00:47:45   -14583.867588        0.068134
FIRE2:  143 00:47:45   -14584.001657        0.227838
FIRE2:  144 00:47:45   -14584.001658        0.227806
FIRE2:  145 00:47:45   -14583.867588        0.068274
FIRE2:  146 00:47:45   -14584.001658        0.227695
FIRE2:  147 00:47:45   -14584.001658        0.227733
FIRE2:  148 00:47:46   -14583.867587        0.068336
FIRE2:  149 00:47:46   -14583.867588        0.068117
FIRE2:  150 00:47:46   -14584.001659        0.227841
FIRE2:  151 00:47:46   -14583.867588        0.068288
FIRE2:  152 00:47:46   -14584.001659        0.227659
FIRE2:  153 00:47:46   -14584.001660        0.227701
FIRE2:  154 00:47:46   -14583.867588        0.068356
FIRE2:  155 00:47:46   -14583.867588        0.068131
FIRE2:  156 00:47:46   -14584.001658        0.227811
FIRE2:  157 00:47:46   -14583.867589        0.068310
FIRE2:  158 00:47:46   -14583.867590        0.068090
FIRE2:  159 00:47:46   -14584.001657        0.227855
FIRE2:  160 00:47:46   -14583.867589        0.068261
FIRE2:  161 00:47:46   -14584.001661        0.227661
FIRE2:  162 00:47:46   -14583.867590        0.068360
FIRE2:  163 00:47:46   -14583.867589        0.068143
FIRE2:  164 00:47:46   -14584.001658        0.227773
FIRE2:  165 00:47:46   -14583.867588        0.068311
FIRE2:  166 00:47:46   -14584.001661        0.227588
FIRE2:  167 00:47:47   -14584.001659        0.227628
FIRE2:  168 00:47:47   -14583.867589        0.068374
FIRE2:  169 00:47:47   -14583.867589        0.068148
FIRE2:  170 00:47:47   -14584.001657        0.227739
FIRE2:  171 00:47:47   -14583.867590        0.068330
FIRE2:  172 00:47:47   -14583.867590        0.068114
FIRE2:  173 00:47:47   -14584.001658        0.227773
FIRE2:  174 00:47:47   -14583.867588        0.068280
FIRE2:  175 00:47:47   -14584.001659        0.227589
FIRE2:  176 00:47:47   -14584.001658        0.227631
FIRE2:  177 00:47:47   -14583.867589        0.068351
FIRE2:  178 00:47:47   -14583.867588        0.068124
FIRE2:  179 00:47:47   -14584.001658        0.227744
FIRE2:  180 00:47:47   -14583.867590        0.068301
FIRE2:  181 00:47:47   -14584.001658        0.227560
FIRE2:  182 00:47:47   -14584.001660        0.227595
FIRE2:  183 00:47:47   -14583.867589        0.068364
FIRE2:  184 00:47:48   -14584.001661        0.227480
FIRE2:  185 00:47:48   -14584.001660        0.227522
FIRE2:  186 00:47:48   -14583.867590        0.068422
FIRE2:  187 00:47:48   -14583.867591        0.068208
FIRE2:  188 00:47:48   -14584.001661        0.227634
FIRE2:  189 00:47:48   -14583.867591        0.068382
FIRE2:  190 00:47:48   -14583.867590        0.068153
FIRE2:  191 00:47:48   -14584.001658        0.227680
FIRE2:  192 00:47:48   -14583.867589        0.068333
FIRE2:  193 00:47:48   -14584.001659        0.227485
FIRE2:  194 00:47:48   -14584.001659        0.227526
FIRE2:  195 00:47:48   -14583.867589        0.068396
FIRE2:  196 00:47:48   -14583.867591        0.068175
FIRE2:  197 00:47:48   -14584.001658        0.227639
FIRE2:  198 00:47:48   -14583.867590        0.068341
FIRE2:  199 00:47:49   -14584.001660        0.227456
FIRE2:  200 00:47:49   -14584.001659        0.227496
FIRE2:  201 00:47:49   -14583.867590        0.068410
FIRE2:  202 00:47:49   -14583.867590        0.068184
FIRE2:  203 00:47:49   -14584.001657        0.227608
FIRE2:  204 00:47:49   -14583.867591        0.068365
FIRE2:  205 00:47:49   -14583.867590        0.068142
FIRE2:  206 00:47:49   -14584.001659        0.227645
FIRE2:  207 00:47:49   -14583.867591        0.068311
FIRE2:  208 00:47:49   -14584.001659        0.227462
FIRE2:  209 00:47:49   -14584.001662        0.227502
FIRE2:  210 00:47:49   -14583.867591        0.068381
FIRE2:  211 00:47:49   -14583.867590        0.068158
FIRE2:  212 00:47:49   -14584.001660        0.227612
FIRE2:  213 00:47:49   -14583.867592        0.068332
FIRE2:  214 00:47:49   -14584.001661        0.227427
FIRE2:  215 00:47:49   -14584.001661        0.227464
FIRE2:  216 00:47:49   -14583.867591        0.068391
FIRE2:  217 00:47:50   -14583.867590        0.068173
FIRE2:  218 00:47:50   -14584.001657        0.227576
FIRE2:  219 00:47:50   -14583.867591        0.068340
FIRE2:  220 00:47:50   -14583.867592        0.068122
FIRE2:  221 00:47:50   -14584.001660        0.227615
FIRE2:  222 00:47:50   -14583.867590        0.068295
FIRE2:  223 00:47:50   -14584.001660        0.227436
FIRE2:  224 00:47:50   -14583.867591        0.068403
FIRE2:  225 00:47:50   -14583.867594        0.068180
FIRE2:  226 00:47:50   -14584.001660        0.227552
FIRE2:  227 00:47:50   -14583.867592        0.068350
FIRE2:  228 00:47:50   -14584.001662        0.227354
FIRE2:  229 00:47:50   -14584.001661        0.227403
FIRE2:  230 00:47:50   -14583.867592        0.068416
FIRE2:  231 00:47:50   -14583.867592        0.068196
FIRE2:  232 00:47:50   -14584.001660        0.227515
FIRE2:  233 00:47:50   -14583.867593        0.068373
FIRE2:  234 00:47:51   -14583.867592        0.068144
FIRE2:  235 00:47:51   -14584.001660        0.227556
FIRE2:  236 00:47:51   -14583.867592        0.068319
FIRE2:  237 00:47:51   -14584.001662        0.227358
FIRE2:  238 00:47:51   -14583.867593        0.068419
FIRE2:  239 00:47:51   -14583.867596        0.068204
FIRE2:  240 00:47:51   -14584.001659        0.227476
FIRE2:  241 00:47:51   -14583.867592        0.068375
FIRE2:  242 00:47:51   -14583.867593        0.068153
FIRE2:  243 00:47:51   -14584.001660        0.227524
FIRE2:  244 00:47:51   -14583.867594        0.068332
FIRE2:  245 00:47:51   -14583.867595        0.068099
FIRE2:  246 00:47:51   -14584.001659        0.227566
FIRE2:  247 00:47:51   -14583.867593        0.068277
FIRE2:  248 00:47:51   -14583.867593        0.068422
FIRE2:  249 00:47:51   -14583.867595        0.068196
FIRE2:  250 00:47:51   -14584.001662        0.227455
FIRE2:  251 00:47:51   -14583.867593        0.068372
FIRE2:  252 00:47:52   -14584.001663        0.227260
FIRE2:  253 00:47:52   -14584.001662        0.227309
FIRE2:  254 00:47:52   -14583.867595        0.068430
FIRE2:  255 00:47:52   -14583.867596        0.068214
FIRE2:  256 00:47:52   -14584.001663        0.227419
FIRE2:  257 00:47:52   -14583.867594        0.068390
FIRE2:  258 00:47:52   -14584.001663        0.227231
FIRE2:  259 00:47:52   -14584.001664        0.227268
FIRE2:  260 00:47:52   -14583.867592        0.068451
FIRE2:  261 00:47:52   -14583.867595        0.068233
FIRE2:  262 00:47:52   -14584.001661        0.227390
FIRE2:  263 00:47:53   -14583.867593        0.068402
FIRE2:  264 00:47:53   -14584.001662        0.227201
FIRE2:  265 00:47:53   -14584.001663        0.227238
FIRE2:  266 00:47:53   -14583.867594        0.068467
FIRE2:  267 00:47:53   -14583.867594        0.068243
FIRE2:  268 00:47:53   -14584.001662        0.227358
FIRE2:  269 00:47:53   -14583.867593        0.068416
FIRE2:  270 00:47:53   -14584.001663        0.227163
FIRE2:  271 00:47:53   -14584.001663        0.227207
FIRE2:  272 00:47:53   -14583.867595        0.068473
FIRE2:  273 00:47:53   -14583.867597        0.068257
FIRE2:  274 00:47:53   -14584.001663        0.227320
FIRE2:  275 00:47:53   -14583.867595        0.068435
FIRE2:  276 00:47:53   -14583.867596        0.068208
FIRE2:  277 00:47:53   -14584.001661        0.227364
FIRE2:  278 00:47:54   -14583.867596        0.068383
FIRE2:  279 00:47:54   -14583.867595        0.068167
FIRE2:  280 00:47:54   -14584.001662        0.227406
FIRE2:  281 00:47:54   -14583.867596        0.068334
FIRE2:  282 00:47:54   -14584.001662        0.227219
FIRE2:  283 00:47:54   -14583.867597        0.068432
FIRE2:  284 00:47:54   -14583.867598        0.068215
FIRE2:  285 00:47:54   -14584.001666        0.227334
FIRE2:  286 00:47:54   -14583.867597        0.068392
FIRE2:  287 00:47:54   -14583.867597        0.068163
FIRE2:  288 00:47:54   -14584.001666        0.227376
FIRE2:  289 00:47:54   -14583.867597        0.068340
FIRE2:  290 00:47:54   -14584.001664        0.227181
FIRE2:  291 00:47:54   -14584.001665        0.227233
FIRE2:  292 00:47:54   -14583.867595        0.068400
FIRE2:  293 00:47:54   -14583.867596        0.068184
FIRE2:  294 00:47:54   -14584.001659        0.227349
FIRE2:  295 00:47:55   -14583.867597        0.068359
FIRE2:  296 00:47:55   -14584.001664        0.227156
FIRE2:  297 00:47:55   -14583.867597        0.068462
FIRE2:  298 00:47:55   -14583.867599        0.068246
FIRE2:  299 00:47:55   -14584.001664        0.227271
FIRE2:  300 00:47:55   -14583.867598        0.068411
FIRE2:  301 00:47:55   -14583.867599        0.068193
FIRE2:  302 00:47:55   -14584.001662        0.227317
FIRE2:  303 00:47:55   -14583.867598        0.068366
FIRE2:  304 00:47:55   -14583.867598        0.068136
FIRE2:  305 00:47:55   -14584.001661        0.227362
FIRE2:  306 00:47:55   -14583.867600        0.068319
FIRE2:  307 00:47:55   -14584.001661        0.227165
FIRE2:  308 00:47:55   -14583.867598        0.068417
FIRE2:  309 00:47:56   -14583.867598        0.068199
FIRE2:  310 00:47:56   -14584.001662        0.227281
FIRE2:  311 00:47:56   -14583.867599        0.068360
FIRE2:  312 00:47:56   -14584.001662        0.227102
FIRE2:  313 00:47:56   -14584.001662        0.227143
FIRE2:  314 00:47:56   -14583.867597        0.068434
FIRE2:  315 00:47:56   -14583.867597        0.068205
FIRE2:  316 00:47:56   -14584.001664        0.227259
FIRE2:  317 00:47:56   -14583.867597        0.068384
FIRE2:  318 00:47:56   -14583.867598        0.068166
FIRE2:  319 00:47:56   -14584.001664        0.227292
FIRE2:  320 00:47:56   -14583.867598        0.068340
FIRE2:  321 00:47:56   -14584.001666        0.227109
FIRE2:  322 00:47:56   -14584.001663        0.227154
FIRE2:  323 00:47:56   -14583.867598        0.068402
FIRE2:  324 00:47:56   -14583.867598        0.068183
FIRE2:  325 00:47:56   -14584.001662        0.227269
FIRE2:  326 00:47:56   -14583.867598        0.068347
FIRE2:  327 00:47:57   -14583.867598        0.068128
FIRE2:  328 00:47:57   -14584.001663        0.227313
FIRE2:  329 00:47:57   -14583.867600        0.068309
FIRE2:  330 00:47:57   -14584.001662        0.227123
FIRE2:  331 00:47:57   -14583.867599        0.068410
FIRE2:  332 00:47:57   -14583.867598        0.068177
FIRE2:  333 00:47:57   -14584.001663        0.227241
FIRE2:  334 00:47:57   -14583.867598        0.068358
FIRE2:  335 00:47:57   -14583.867601        0.068138
FIRE2:  336 00:47:57   -14584.001662        0.227280
FIRE2:  337 00:47:57   -14583.867600        0.068314
FIRE2:  338 00:47:57   -14584.001663        0.227091
FIRE2:  339 00:47:57   -14584.001663        0.227136
FIRE2:  340 00:47:57   -14583.867599        0.068376
FIRE2:  341 00:47:57   -14584.001665        0.227015
FIRE2:  342 00:47:58   -14584.001664        0.227058
FIRE2:  343 00:47:58   -14583.867599        0.068437
FIRE2:  344 00:47:58   -14583.867599        0.068218
FIRE2:  345 00:47:58   -14584.001664        0.227179
FIRE2:  346 00:47:58   -14583.867602        0.068390
FIRE2:  347 00:47:58   -14583.867600        0.068161
FIRE2:  348 00:47:58   -14584.001664        0.227225
FIRE2:  349 00:47:58   -14583.867601        0.068342
FIRE2:  350 00:47:58   -14584.001664        0.227032
FIRE2:  351 00:47:58   -14584.001665        0.227073
FIRE2:  352 00:47:58   -14583.867600        0.068399
FIRE2:  353 00:47:58   -14583.867601        0.068179
FIRE2:  354 00:47:58   -14584.001663        0.227186
FIRE2:  355 00:47:58   -14583.867600        0.068353
FIRE2:  356 00:47:59   -14584.001664        0.227007
FIRE2:  357 00:47:59   -14584.001662        0.227039
FIRE2:  358 00:47:59   -14583.867600        0.068420
FIRE2:  359 00:47:59   -14583.867600        0.068194
FIRE2:  360 00:47:59   -14584.001666        0.227163
FIRE2:  361 00:47:59   -14584.001664        0.227128
FIRE2:  362 00:47:59   -14583.867598        0.068330
FIRE2:  363 00:47:59   -14584.001664        0.227016
FIRE2:  364 00:47:59   -14584.001664        0.227052
FIRE2:  365 00:47:59   -14583.867598        0.068392
FIRE2:  366 00:47:59   -14583.867601        0.068174
FIRE2:  367 00:47:59   -14584.001664        0.227168
FIRE2:  368 00:47:59   -14583.867601        0.068352
FIRE2:  369 00:47:59   -14584.001663        0.226985
FIRE2:  370 00:48:00   -14584.001664        0.227020
FIRE2:  371 00:48:00   -14583.867602        0.068411
FIRE2:  372 00:48:00   -14583.867601        0.068185
FIRE2:  373 00:48:00   -14584.001663        0.227140
FIRE2:  374 00:48:00   -14583.867603        0.068358
FIRE2:  375 00:48:00   -14583.867602        0.068132
FIRE2:  376 00:48:00   -14584.001665        0.227188
FIRE2:  377 00:48:00   -14583.867603        0.068311
FIRE2:  378 00:48:00   -14583.867605        0.068085
FIRE2:  379 00:48:00   -14584.001664        0.227226
FIRE2:  380 00:48:00   -14583.867603        0.068256
FIRE2:  381 00:48:00   -14584.001663        0.227041
FIRE2:  382 00:48:00   -14583.867603        0.068362
FIRE2:  383 00:48:00   -14583.867604        0.068141
FIRE2:  384 00:48:00   -14584.001666        0.227156
FIRE2:  385 00:48:00   -14583.867604        0.068322
FIRE2:  386 00:48:01   -14584.001667        0.226972
FIRE2:  387 00:48:01   -14584.001667        0.227013
FIRE2:  388 00:48:01   -14583.867602        0.068383
FIRE2:  389 00:48:01   -14583.867604        0.068160
FIRE2:  390 00:48:01   -14584.001665        0.227130
FIRE2:  391 00:48:01   -14583.867603        0.068339
FIRE2:  392 00:48:01   -14583.867603        0.068105
FIRE2:  393 00:48:01   -14584.001665        0.227178
FIRE2:  394 00:48:01   -14583.867603        0.068283
FIRE2:  395 00:48:01   -14584.001665        0.226981
FIRE2:  396 00:48:01   -14583.867603        0.068388
FIRE2:  397 00:48:01   -14583.867602        0.068168
FIRE2:  398 00:48:01   -14584.001662        0.227099
FIRE2:  399 00:48:01   -14583.867601        0.068345
FIRE2:  400 00:48:01   -14583.867603        0.068116
FIRE2:  401 00:48:02   -14584.001664        0.227148
FIRE2:  402 00:48:02   -14583.867601        0.068290
FIRE2:  403 00:48:02   -14583.867603        0.068072
FIRE2:  404 00:48:02   -14584.001667        0.227188
FIRE2:  405 00:48:02   -14583.867602        0.068237
FIRE2:  406 00:48:02   -14584.001667        0.226999
FIRE2:  407 00:48:02   -14583.867603        0.068347
FIRE2:  408 00:48:02   -14583.867605        0.068121
FIRE2:  409 00:48:02   -14584.001665        0.227118
FIRE2:  410 00:48:02   -14583.867605        0.068296
FIRE2:  411 00:48:02   -14583.867604        0.068077
FIRE2:  412 00:48:02   -14584.001662        0.227162
FIRE2:  413 00:48:02   -14583.867603        0.068251
FIRE2:  414 00:48:02   -14584.001665        0.226975
FIRE2:  415 00:48:02   -14584.001667        0.227011
FIRE2:  416 00:48:02   -14583.867607        0.068312
FIRE2:  417 00:48:03   -14583.867604        0.068092
FIRE2:  418 00:48:03   -14584.001665        0.227131
FIRE2:  419 00:48:03   -14583.867604        0.068259
FIRE2:  420 00:48:03   -14584.001667        0.226947
FIRE2:  421 00:48:03   -14584.001667        0.226986
FIRE2:  422 00:48:03   -14583.867605        0.068331
FIRE2:  423 00:48:03   -14583.867604        0.068104
FIRE2:  424 00:48:03   -14584.001667        0.227095
FIRE2:  425 00:48:03   -14583.867604        0.068274
FIRE2:  426 00:48:03   -14584.001666        0.226917
FIRE2:  427 00:48:03   -14584.001666        0.226958
FIRE2:  428 00:48:03   -14583.867604        0.068345
FIRE2:  429 00:48:03   -14583.867606        0.068115
FIRE2:  430 00:48:03   -14584.001664        0.227080
FIRE2:  431 00:48:03   -14583.867604        0.068291
FIRE2:  432 00:48:03   -14583.867606        0.068072
FIRE2:  433 00:48:03   -14584.001665        0.227114
FIRE2:  434 00:48:04   -14583.867606        0.068252
FIRE2:  435 00:48:04   -14583.867605        0.068018
FIRE2:  436 00:48:04   -14584.001666        0.227163
FIRE2:  437 00:48:04   -14583.867605        0.068195
FIRE2:  438 00:48:04   -14584.001667        0.226968
FIRE2:  439 00:48:04   -14583.867605        0.068300
FIRE2:  440 00:48:04   -14583.867605        0.068081
FIRE2:  441 00:48:04   -14584.001665        0.227092
FIRE2:  442 00:48:04   -14583.867605        0.068257
FIRE2:  443 00:48:04   -14584.001666        0.226901
FIRE2:  444 00:48:04   -14584.001667        0.226945
FIRE2:  445 00:48:04   -14583.867603        0.068318
FIRE2:  446 00:48:04   -14583.867605        0.068096
FIRE2:  447 00:48:04   -14584.001665        0.227060
FIRE2:  448 00:48:05   -14583.867605        0.068272
FIRE2:  449 00:48:05   -14583.867606        0.068045
FIRE2:  450 00:48:05   -14584.001665        0.227114
FIRE2:  451 00:48:05   -14583.867606        0.068220
FIRE2:  452 00:48:05   -14584.001665        0.226914
FIRE2:  453 00:48:05   -14583.867606        0.068320
FIRE2:  454 00:48:05   -14583.867607        0.068101
FIRE2:  455 00:48:05   -14584.001665        0.227037
FIRE2:  456 00:48:05   -14584.001666        0.227004
FIRE2:  457 00:48:05   -14583.867607        0.068229
FIRE2:  458 00:48:05   -14584.001665        0.226889
FIRE2:  459 00:48:05   -14584.001664        0.226926
FIRE2:  460 00:48:05   -14584.001666        0.226972
FIRE2:  461 00:48:05   -14583.867606        0.068262
FIRE2:  462 00:48:05   -14583.867606        0.068031
FIRE2:  463 00:48:05   -14584.001664        0.227092
FIRE2:  464 00:48:05   -14583.867609        0.068208
FIRE2:  465 00:48:06   -14584.001666        0.226907
FIRE2:  466 00:48:06   -14584.001666        0.226941
FIRE2:  467 00:48:06   -14583.867607        0.068277
FIRE2:  468 00:48:06   -14583.867607        0.068047
FIRE2:  469 00:48:06   -14584.001662        0.227063
FIRE2:  470 00:48:06   -14584.001666        0.227026
FIRE2:  471 00:48:06   -14583.867609        0.068182
FIRE2:  472 00:48:06   -14584.001666        0.226913
FIRE2:  473 00:48:06   -14584.001665        0.226957
FIRE2:  474 00:48:06   -14583.867609        0.068251
FIRE2:  475 00:48:06   -14583.867606        0.068021
FIRE2:  476 00:48:06   -14584.001666        0.227077
FIRE2:  477 00:48:06   -14584.001665        0.227041
FIRE2:  478 00:48:06   -14583.867609        0.068165
FIRE2:  479 00:48:06   -14584.001665        0.226927
FIRE2:  480 00:48:07   -14584.001667        0.226964
FIRE2:  481 00:48:07   -14583.867610        0.068224
FIRE2:  482 00:48:07   -14583.867607        0.068004
FIRE2:  483 00:48:07   -14584.001664        0.227083
FIRE2:  484 00:48:07   -14583.867608        0.068181
FIRE2:  485 00:48:07   -14583.867608        0.067952
FIRE2:  486 00:48:07   -14584.001666        0.227134
FIRE2:  487 00:48:07   -14583.867607        0.068133
FIRE2:  488 00:48:07   -14583.867607        0.067909
FIRE2:  489 00:48:07   -14584.001667        0.227170
FIRE2:  490 00:48:07   -14583.867609        0.068085
FIRE2:  491 00:48:07   -14583.867607        0.068220
FIRE2:  492 00:48:07   -14583.867607        0.067997
FIRE2:  493 00:48:07   -14584.001666        0.227065
FIRE2:  494 00:48:07   -14583.867608        0.068180
FIRE2:  495 00:48:07   -14583.867608        0.067954
FIRE2:  496 00:48:07   -14584.001667        0.227106
FIRE2:  497 00:48:08   -14583.867608        0.068128
FIRE2:  498 00:48:08   -14584.001666        0.226922
FIRE2:  499 00:48:08   -14584.001666        0.226961
FIRE2:  500 00:48:08   -14583.867607        0.068190
FIRE2:  501 00:48:08   -14583.867608        0.067969
FIRE2:  502 00:48:08   -14584.001670        0.227077
FIRE2:  503 00:48:08   -14583.867610        0.068136
FIRE2:  504 00:48:08   -14583.867607        0.067915
FIRE2:  505 00:48:08   -14584.001667        0.227123
FIRE2:  506 00:48:08   -14583.867612        0.068098
FIRE2:  507 00:48:08   -14584.001666        0.226931
FIRE2:  508 00:48:08   -14584.001665        0.226974
FIRE2:  509 00:48:08   -14583.867611        0.068154
FIRE2:  510 00:48:08   -14583.867610        0.067932
FIRE2:  511 00:48:08   -14584.001667        0.227097
FIRE2:  512 00:48:08   -14583.867611        0.068108
FIRE2:  513 00:48:08   -14584.001669        0.226904
FIRE2:  514 00:48:09   -14583.867612        0.068211
FIRE2:  515 00:48:09   -14583.867611        0.067985
FIRE2:  516 00:48:09   -14584.001665        0.227024
FIRE2:  517 00:48:09   -14583.867612        0.068168
FIRE2:  518 00:48:09   -14583.867610        0.067937
FIRE2:  519 00:48:09   -14584.001667        0.227070
FIRE2:  520 00:48:09   -14583.867611        0.068109
FIRE2:  521 00:48:09   -14583.867612        0.067894
FIRE2:  522 00:48:09   -14584.001667        0.227114
FIRE2:  523 00:48:09   -14583.867610        0.068068
FIRE2:  524 00:48:09   -14584.001667        0.226924
FIRE2:  525 00:48:09   -14583.867611        0.068171
FIRE2:  526 00:48:09   -14583.867613        0.067946
FIRE2:  527 00:48:09   -14584.001667        0.227044
FIRE2:  528 00:48:09   -14584.001668        0.227014
FIRE2:  529 00:48:10   -14583.867612        0.068087
FIRE2:  530 00:48:10   -14584.001668        0.226896
FIRE2:  531 00:48:10   -14584.001669        0.226940
FIRE2:  532 00:48:10   -14583.867612        0.068144
FIRE2:  533 00:48:10   -14583.867612        0.067923
FIRE2:  534 00:48:10   -14584.001670        0.227057
FIRE2:  535 00:48:10   -14584.001668        0.227022
FIRE2:  536 00:48:10   -14583.867613        0.068056
FIRE2:  537 00:48:10   -14583.867613        0.067834
FIRE2:  538 00:48:10   -14584.001668        0.227145
FIRE2:  539 00:48:10   -14583.867612        0.068012
FIRE2:  540 00:48:10   -14584.001668        0.226955
FIRE2:  541 00:48:10   -14584.001668        0.226990
FIRE2:  542 00:48:10   -14583.867613        0.068072
FIRE2:  543 00:48:10   -14583.867613        0.067855
FIRE2:  544 00:48:10   -14584.001668        0.227110
FIRE2:  545 00:48:10   -14583.867614        0.068028
FIRE2:  546 00:48:11   -14583.867615        0.067799
FIRE2:  547 00:48:11   -14584.001669        0.227155
FIRE2:  548 00:48:11   -14583.867612        0.067974
FIRE2:  549 00:48:11   -14584.001670        0.226974
FIRE2:  550 00:48:11   -14584.001667        0.227012
FIRE2:  551 00:48:11   -14583.867612        0.068047
FIRE2:  552 00:48:11   -14583.867612        0.067822
FIRE2:  553 00:48:11   -14584.001665        0.227126
FIRE2:  554 00:48:11   -14583.867612        0.067990
FIRE2:  555 00:48:11   -14584.001667        0.226943
FIRE2:  556 00:48:11   -14584.001668        0.226986
FIRE2:  557 00:48:11   -14583.867613        0.068068
FIRE2:  558 00:48:11   -14583.867613        0.067840
FIRE2:  559 00:48:11   -14584.001668        0.227100
FIRE2:  560 00:48:11   -14583.867612        0.068007
FIRE2:  561 00:48:11   -14584.001667        0.226913
FIRE2:  562 00:48:12   -14584.001667        0.226956
FIRE2:  563 00:48:12   -14583.867612        0.068076
FIRE2:  564 00:48:12   -14583.867614        0.067855
FIRE2:  565 00:48:12   -14584.001668        0.227070
FIRE2:  566 00:48:12   -14583.867611        0.068028
FIRE2:  567 00:48:12   -14583.867613        0.067796
FIRE2:  568 00:48:12   -14584.001668        0.227119
FIRE2:  569 00:48:12   -14583.867612        0.067980
FIRE2:  570 00:48:12   -14583.867616        0.067754
FIRE2:  571 00:48:12   -14584.001666        0.227163
FIRE2:  572 00:48:12   -14583.867614        0.067934
FIRE2:  573 00:48:12   -14583.867613        0.068077
FIRE2:  574 00:48:12   -14583.867614        0.067846
FIRE2:  575 00:48:12   -14584.001668        0.227051
FIRE2:  576 00:48:12   -14583.867615        0.068022
FIRE2:  577 00:48:12   -14583.867616        0.067802
FIRE2:  578 00:48:13   -14584.001668        0.227099
FIRE2:  579 00:48:13   -14583.867617        0.067980
FIRE2:  580 00:48:13   -14583.867615        0.067759
FIRE2:  581 00:48:13   -14584.001668        0.227136
FIRE2:  582 00:48:13   -14583.867614        0.067926
FIRE2:  583 00:48:13   -14584.001669        0.226954
FIRE2:  584 00:48:13   -14583.867615        0.068037
FIRE2:  585 00:48:13   -14583.867614        0.067807
FIRE2:  586 00:48:13   -14584.001668        0.227070
FIRE2:  587 00:48:13   -14584.001668        0.227038
FIRE2:  588 00:48:13   -14583.867616        0.067945
FIRE2:  589 00:48:13   -14583.867615        0.067719
FIRE2:  590 00:48:13   -14584.001667        0.227164
FIRE2:  591 00:48:13   -14583.867616        0.067896
FIRE2:  592 00:48:13   -14583.867614        0.067677
FIRE2:  593 00:48:13   -14584.001669        0.227203
FIRE2:  594 00:48:13   -14583.867617        0.067852
FIRE2:  595 00:48:14   -14583.867618        0.068000
FIRE2:  596 00:48:14   -14583.867617        0.067766
FIRE2:  597 00:48:14   -14584.001669        0.227090
FIRE2:  598 00:48:14   -14584.001667        0.227062
FIRE2:  599 00:48:14   -14583.867618        0.067913
FIRE2:  600 00:48:14   -14583.867616        0.067681
FIRE2:  601 00:48:14   -14584.001669        0.227172
