#INFO: **** input file is /tmp/maple-route2-vqm24-qm-gate0-source/docs/implicit-solvation/benchmarks/run_route2_qm_gas_checkpoint.py ****
#!/usr/bin/env python3
"""Generate one fixed-geometry PySCF gas checkpoint for Route-2 references.

This runner is intentionally isolated from MAPLE's runtime dependencies.  It
creates only a gas-phase RKS checkpoint and an immutable JSON ledger.  The
checkpoint is later consumed directly by ``route2_qm_surface_mep.py``; no
separate AO density file is accepted or produced.
"""

from __future__ import annotations

import argparse
from datetime import datetime, timezone
import hashlib
import json
from pathlib import Path
import platform
import re
import subprocess
import sys
import time

import numpy as np
import pyscf
from pyscf import dft, gto, lib

REPO_ROOT = Path(__file__).resolve().parents[3]
RUNNER_RELATIVE_PATH = (
    "docs/implicit-solvation/benchmarks/run_route2_qm_gas_checkpoint.py"
)
OFFICIAL_NLC_EXAMPLE_URL = (
    "https://raw.githubusercontent.com/pyscf/pyscf/v2.13.1/"
    "examples/dft/15-nlc_functionals.py"
)
OFFICIAL_NLC_EXAMPLE_SHA256 = (
    "299f326e8f51a6522b8453146f9d7bf3975e88c0db5c097afe4ac5611e255427"
)
_GAFF_ELEMENT_PREFIXES = {
    "br": "Br",
    "cl": "Cl",
    "c": "C",
    "f": "F",
    "h": "H",
    "i": "I",
    "n": "N",
    "o": "O",
    "p": "P",
    "s": "S",
}


def _parse_args() -> argparse.Namespace:
    parser = argparse.ArgumentParser()
    parser.add_argument("--mol2", type=Path, required=True)
    parser.add_argument("--compound-id", required=True)
    parser.add_argument("--molecule-name", required=True)
    parser.add_argument("--output-dir", type=Path, required=True)
    parser.add_argument("--basis", default="def2-tzvpd")
    parser.add_argument("--grid-level", type=int, default=3)
    parser.add_argument(
        "--nlc-grid-profile",
        choices=("level", "pyscf-official-50x194-sg1"),
        default="pyscf-official-50x194-sg1",
    )
    parser.add_argument("--nlc-grid-level", type=int, default=3)
    parser.add_argument("--threads", type=int, default=8)
    parser.add_argument("--max-memory-mb", type=int, default=8000)
    return parser.parse_args()


def _git(*arguments: str) -> str:
    return subprocess.check_output(
        ["git", *arguments],
        cwd=REPO_ROOT,
        text=True,
    ).strip()


def _sha256(path: Path) -> str:
    digest = hashlib.sha256()
    with path.open("rb") as handle:
        for block in iter(lambda: handle.read(1024 * 1024), b""):
            digest.update(block)
    return digest.hexdigest()


def _require_clean_source() -> str:
    status = _git("status", "--porcelain", "--untracked-files=no")
    if status:
        raise RuntimeError(
            "The QM checkpoint runner requires a clean tracked checkout; "
            f"git reported:\n{status}"
        )
    _git("ls-files", "--error-unmatch", RUNNER_RELATIVE_PATH)
    return _git("rev-parse", "HEAD")


def _element_from_gaff_type(atom_type: str) -> str:
    normalized = atom_type.split(".", 1)[0].lower()
    for prefix in ("br", "cl"):
        if normalized.startswith(prefix):
            return _GAFF_ELEMENT_PREFIXES[prefix]
    if not normalized:
        raise ValueError("MOL2 atom type cannot be empty.")
    try:
        return _GAFF_ELEMENT_PREFIXES[normalized[0]]
    except KeyError as exc:
        raise ValueError(f"Unsupported GAFF atom type: {atom_type}") from exc


def _element_from_atom_name(atom_name: str) -> str:
    match = re.match(r"[A-Za-z]+", atom_name)
    if match is None:
        raise ValueError(f"MOL2 atom name has no element prefix: {atom_name}")
    letters = match.group(0)
    if len(letters) >= 2 and letters[:2].lower() in {"br", "cl"}:
        return letters[:2].title()
    return letters[0].upper()


def _mol2_geometry(path: Path) -> tuple[str, list[dict[str, object]]]:
    lines = path.read_text(encoding="utf-8", errors="strict").splitlines()
    try:
        start = lines.index("@<TRIPOS>ATOM") + 1
        stop = lines.index("@<TRIPOS>BOND")
    except ValueError as exc:
        raise ValueError("MOL2 input must contain ATOM and BOND sections.") from exc
    atoms: list[dict[str, object]] = []
    geometry: list[str] = []
    for line in lines[start:stop]:
        fields = line.split()
        if not fields:
            continue
        if len(fields) < 6:
            raise ValueError(f"Malformed MOL2 atom row: {line}")
        symbol_from_name = _element_from_atom_name(fields[1])
        symbol_from_type = _element_from_gaff_type(fields[5])
        if symbol_from_name != symbol_from_type:
            raise ValueError(
                "MOL2 atom-name/type element mismatch: "
                f"{fields[1]} versus {fields[5]}."
            )
        coordinates = [float(fields[index]) for index in (2, 3, 4)]
        if not np.all(np.isfinite(coordinates)):
            raise ValueError("MOL2 coordinates must be finite.")
        geometry.append(
            f"{symbol_from_type} "
            f"{coordinates[0]:.10f} {coordinates[1]:.10f} "
            f"{coordinates[2]:.10f}"
        )
        atoms.append(
            {
                "symbol": symbol_from_type,
                "position_angstrom": coordinates,
            }
        )
    if not atoms:
        raise ValueError("MOL2 input contains no atoms.")
    return "\n".join(geometry), atoms


def _configure_rks(molecule, arguments: argparse.Namespace):
    mean_field = dft.RKS(molecule, xc="wb97m-v").density_fit()
    mean_field.grids.level = arguments.grid_level
    if arguments.nlc_grid_profile == "pyscf-official-50x194-sg1":
        symbols = sorted(
            {molecule.atom_symbol(index) for index in range(molecule.natm)}
        )
        mean_field.nlcgrids.atom_grid = {symbol: (50, 194) for symbol in symbols}
        mean_field.nlcgrids.prune = dft.gen_grid.sg1_prune
    else:
        mean_field.nlcgrids.level = arguments.nlc_grid_level
    mean_field.conv_tol = 1.0e-10
    mean_field.conv_tol_grad = 1.0e-7
    mean_field.max_cycle = 100
    mean_field.max_memory = arguments.max_memory_mb
    return mean_field


def main() -> int:
    arguments = _parse_args()
    source_head = _require_clean_source()
    mol2_path = arguments.mol2.resolve()
    if not mol2_path.is_file():
        raise FileNotFoundError(mol2_path)
    output_dir = arguments.output_dir.resolve()
    output_dir.mkdir(parents=True, exist_ok=False)
    if arguments.threads < 1 or arguments.max_memory_mb < 1:
        raise ValueError("Threads and memory must be positive.")
    geometry, atoms = _mol2_geometry(mol2_path)

    lib.num_threads(arguments.threads)
    molecule = gto.M(
        atom=geometry,
        basis=arguments.basis,
        charge=0,
        spin=0,
        unit="Angstrom",
        symmetry=False,
        verbose=4,
        max_memory=arguments.max_memory_mb,
    )
    checkpoint = output_dir / "gas.chk"
    result_path = output_dir / "gas.json"
    cycle_count = 0

    def count_cycle(_environment):
        nonlocal cycle_count
        cycle_count += 1

    mean_field = _configure_rks(molecule, arguments)
    mean_field.callback = count_cycle
    mean_field.chkfile = str(checkpoint)
    started = time.perf_counter()
    energy_hartree = float(mean_field.kernel())
    elapsed = time.perf_counter() - started
    if not mean_field.converged:
        raise RuntimeError("Gas-phase PySCF reference did not converge.")

    direct_density = np.asarray(mean_field.make_rdm1(), dtype=float)
    checkpoint_density = (
        np.asarray(mean_field.mo_coeff, dtype=float)
        * np.asarray(mean_field.mo_occ, dtype=float)[None, :]
    ) @ np.asarray(mean_field.mo_coeff, dtype=float).T
    checkpoint_density = 0.5 * (checkpoint_density + checkpoint_density.T)
    checkpoint_binding_residual = float(
        np.max(np.abs(direct_density - checkpoint_density))
    )
    if checkpoint_binding_residual > 1.0e-10:
        raise RuntimeError(
            "The saved checkpoint orbitals do not reconstruct the converged "
            "closed-shell AO density."
        )

    record = {
        "schema_version": 1,
        "artifact_id": (f"route2-qm-gas-checkpoint-{arguments.compound_id}-v1"),
        "generated_at_utc": datetime.now(timezone.utc).isoformat(),
        "status": "pass",
        "source": {
            "git_head": source_head,
            "runner_path": RUNNER_RELATIVE_PATH,
            "runner_sha256": _sha256(REPO_ROOT / RUNNER_RELATIVE_PATH),
            "source_sha256": {
                RUNNER_RELATIVE_PATH: _sha256(REPO_ROOT / RUNNER_RELATIVE_PATH),
            },
            "argv": [sys.executable, *sys.argv],
            "effective_arguments": {
                "basis": arguments.basis,
                "grid_level": arguments.grid_level,
                "nlc_grid_profile": arguments.nlc_grid_profile,
                "nlc_grid_level": arguments.nlc_grid_level,
                "threads": arguments.threads,
                "max_memory_mb": arguments.max_memory_mb,
            },
        },
        "runtime": {
            "python": platform.python_version(),
            "python_executable": {
                "invoked": sys.executable,
                "resolved": str(Path(sys.executable).resolve()),
                "resolved_sha256": _sha256(Path(sys.executable).resolve()),
            },
            "pyscf": pyscf.__version__,
            "numpy": np.__version__,
            "threads": lib.num_threads(),
        },
        "system": {
            "compound_id": arguments.compound_id,
            "molecule": arguments.molecule_name,
            "charge": 0,
            "multiplicity": 1,
            "atom_count": molecule.natm,
            "method": "omegaB97M-V",
            "basis": arguments.basis,
            "reference": "RKS",
            "density_fitting": True,
            "geometry": atoms,
        },
        "numerics": {
            "semilocal_grid_level": arguments.grid_level,
            "nonlocal_grid_profile": arguments.nlc_grid_profile,
            "nonlocal_grid_level": (
                arguments.nlc_grid_level
                if arguments.nlc_grid_profile == "level"
                else None
            ),
            "nonlocal_atom_grid": (
                [50, 194]
                if arguments.nlc_grid_profile == "pyscf-official-50x194-sg1"
                else None
            ),
            "nonlocal_prune": (
                "sg1_prune"
                if arguments.nlc_grid_profile == "pyscf-official-50x194-sg1"
                else "PySCF level default"
            ),
            "scf_energy_tolerance_hartree": 1.0e-10,
            "scf_gradient_tolerance": 1.0e-7,
            "maximum_scf_cycles": 100,
            "maximum_memory_mb": arguments.max_memory_mb,
        },
        "input": {
            "mol2_path": str(mol2_path),
            "mol2_sha256": _sha256(mol2_path),
        },
        "result": {
            "energy_hartree": energy_hartree,
            "scf_cycles": cycle_count,
            "elapsed_seconds": elapsed,
            "semilocal_grid_point_count": int(mean_field.grids.coords.shape[0]),
            "nonlocal_grid_point_count": int(mean_field.nlcgrids.coords.shape[0]),
            "checkpoint": {
                "path": str(checkpoint),
                "sha256": _sha256(checkpoint),
            },
            "checkpoint_density_binding_residual_inf": (checkpoint_binding_residual),
        },
        "official_documentation": {
            "solvent": "https://pyscf.org/user/solvent.html",
            "nlc_example": {
                "url": OFFICIAL_NLC_EXAMPLE_URL,
                "sha256": OFFICIAL_NLC_EXAMPLE_SHA256,
            },
        },
        "claim_boundary": (
            "One neutral closed-shell fixed-geometry gas-phase electronic "
            "reference. It is not a solution free energy, continuum result, "
            "conformer ensemble, or production MAPLE dependency."
        ),
    }
    with result_path.open("x", encoding="utf-8") as handle:
        json.dump(record, handle, indent=2, sort_keys=True, allow_nan=False)
        handle.write("\n")
    print(json.dumps(record, indent=2, sort_keys=True, allow_nan=False))
    return 0


if __name__ == "__main__":
    raise SystemExit(main())
#INFO: ******************** input file end ********************


System: uname_result(system='Linux', node='LAPTOP-3IEKGRSV', release='6.6.114.1-microsoft-standard-WSL2', version='#1 SMP PREEMPT_DYNAMIC Mon Dec  1 20:46:23 UTC 2025', machine='x86_64')  Threads 8
Python 3.11.14 (main, Oct 21 2025, 18:31:21) [GCC 11.2.0]
numpy 2.4.6  scipy 1.17.1  h5py 3.16.0
Date: Mon Aug 24 05:49:09 2026
PySCF version 2.13.1
PySCF path  /home/axie/miniconda3/envs/maple/lib/python3.11/site-packages/pyscf

[CONFIG] conf_file None
[INPUT] verbose = 4
[INPUT] num. atoms = 8
[INPUT] num. electrons = 76
[INPUT] charge = 0
[INPUT] spin (= nelec alpha-beta = 2S) = 0
[INPUT] symmetry False subgroup None
[INPUT] Mole.unit = Angstrom
[INPUT] Symbol           X                Y                Z      unit          X                Y                Z       unit  Magmom
[INPUT]  1 F     -0.318104611200  -2.542713476900  -0.164625310000 AA   -0.601130594129  -4.805032084582  -0.311096749072 Bohr   0.0
[INPUT]  2 S     -2.156166620400  -0.107519611400   0.171007764900 AA   -4.074564391485  -0.203182618566   0.323157840835 Bohr   0.0
[INPUT]  3 S     -0.685880841900   1.378727238300   0.270504885500 AA   -1.296126945277   2.605416880865   0.511180148952 Bohr   0.0
[INPUT]  4 S      0.949057846500   0.711816149200  -0.808193434400 AA    1.793459406255   1.345137573031  -1.527264246688 Bohr   0.0
[INPUT]  5 S      2.148829812300  -0.362791036500   0.491831643300 AA    4.060699833548  -0.685575699432   0.929427105232 Bohr   0.0
[INPUT]  6 H     -2.547320119000   0.086925095200  -1.111359211300 AA   -4.813737376504   0.164264623280  -2.100164535370 Bohr   0.0
[INPUT]  7 H     -1.082078921600  -2.009244882800  -0.063808833100 AA   -2.044832806989  -3.796922545676  -0.120581218887 Bohr   0.0
[INPUT]  8 H      1.509724247800  -1.545247097700   0.308237630900 AA    2.852965351957  -2.920093809432   0.582484703686 Bohr   0.0

nuclear repulsion = 443.883125490498
number of shells = 93
number of NR pGTOs = 376
number of NR cGTOs = 251
basis = def2-tzvpd
ecp = {}
CPU time:         1.94


******** <class 'pyscf.df.df_jk.DFRKS'> ********
method = DFRKS
initial guess = minao
damping factor = 0
level_shift factor = 0
DIIS = <class 'pyscf.scf.diis.CDIIS'>
diis_start_cycle = 1
diis_space = 8
diis_damp = 0
SCF conv_tol = 1e-10
SCF conv_tol_grad = 1e-07
SCF max_cycles = 100
direct_scf = False
chkfile to save SCF result = /home/axie/.cache/maple-route2-hybrid-runs/vqm24-nonuniform-qm-gate-a-20260824/sulfur/gas/gas.chk
max_memory 8000 MB (current use 101 MB)
XC library pyscf.dft.libxc version 7.0.0
    S. Lehtola, C. Steigemann, M. J.T. Oliveira, and M. A.L. Marques.,  SoftwareX 7, 1–5 (2018)
XC functionals = wb97m-v
    N. Mardirossian and M. Head-Gordon.,  J. Chem. Phys. 144, 214110 (2016)
radial grids: 
    Treutler-Ahlrichs [JCP 102, 346 (1995); DOI:10.1063/1.469408] (M4) radial grids
    
becke partition: Becke, JCP 88, 2547 (1988); DOI:10.1063/1.454033
pruning grids: <function nwchem_prune at 0xd870fa789a0>
grids dens level: 3
symmetrized grids: False
atomic radii adjust function: <function treutler_atomic_radii_adjust at 0xd870fa78900>
** Following is NLC and NLC Grids **
NLC functional = wb97m-v
radial grids: 
    Treutler-Ahlrichs [JCP 102, 346 (1995); DOI:10.1063/1.469408] (M4) radial grids
    
becke partition: Becke, JCP 88, 2547 (1988); DOI:10.1063/1.454033
pruning grids: <function nwchem_prune at 0xd870fa789a0>
grids dens level: 3
symmetrized grids: False
atomic radii adjust function: <function treutler_atomic_radii_adjust at 0xd870fa78900>
small_rho_cutoff = 0
Initial guess from minao.
tot grids = 119208
tot grids = 119208
******** <class 'pyscf.df.df.DF'> ********
auxbasis = def2-tzvp-jkfit
max_memory = 8000
Create RSH-DF object <pyscf.df.df.DF object at 0xd870fa229d0> for omega=0.3
******** <class 'pyscf.df.df.DF'> ********
auxbasis = auxmol.basis = def2-tzvp-jkfit
max_memory = 8000
init E= -1694.61023121156
  HOMO = -0.276302794994982  LUMO = -0.0749505329316372
cycle= 1 E= -1694.35222852306  delta_E= 0.258  |g|= 0.578  |ddm|= 2.27
  HOMO = -0.360235122556911  LUMO = -0.0412073533822192
cycle= 2 E= -1694.37563486975  delta_E= -0.0234  |g|= 0.581  |ddm|= 0.628
  HOMO = -0.354400083645028  LUMO = -0.0108376839282937
cycle= 3 E= -1694.42459480825  delta_E= -0.049  |g|= 0.057  |ddm|= 0.278
  HOMO = -0.351768365086008  LUMO = -0.00499390390668754
cycle= 4 E= -1694.425340354  delta_E= -0.000746  |g|= 0.0187  |ddm|= 0.0622
  HOMO = -0.353457483992949  LUMO = -0.00623769671242584
cycle= 5 E= -1694.42547451049  delta_E= -0.000134  |g|= 0.0066  |ddm|= 0.0234
  HOMO = -0.35340126932216  LUMO = -0.00566385850273252
cycle= 6 E= -1694.42549443056  delta_E= -1.99e-05  |g|= 0.00216  |ddm|= 0.0105
  HOMO = -0.353362578684116  LUMO = -0.0057467481534066
cycle= 7 E= -1694.42549745116  delta_E= -3.02e-06  |g|= 0.000886  |ddm|= 0.00444
  HOMO = -0.35344188721833  LUMO = -0.00576488130339996
cycle= 8 E= -1694.4254979481  delta_E= -4.97e-07  |g|= 0.00027  |ddm|= 0.00173
  HOMO = -0.353453729467525  LUMO = -0.00576109206014334
cycle= 9 E= -1694.42549802965  delta_E= -8.15e-08  |g|= 0.00011  |ddm|= 0.00084
  HOMO = -0.353449698209226  LUMO = -0.00576160696657143
cycle= 10 E= -1694.42549803866  delta_E= -9.01e-09  |g|= 2.95e-05  |ddm|= 0.000251
  HOMO = -0.353451793476104  LUMO = -0.00575938803571954
cycle= 11 E= -1694.42549803954  delta_E= -8.8e-10  |g|= 1.25e-05  |ddm|= 8.64e-05
  HOMO = -0.353451118015354  LUMO = -0.00576017665832417
cycle= 12 E= -1694.42549803961  delta_E= -7.05e-11  |g|= 4.83e-06  |ddm|= 2.06e-05
  HOMO = -0.353451122117207  LUMO = -0.00575987580302
cycle= 13 E= -1694.42549803962  delta_E= -1.32e-11  |g|= 1.74e-06  |ddm|= 9.98e-06
  HOMO = -0.353451120652097  LUMO = -0.00575983353467614
cycle= 14 E= -1694.42549803963  delta_E= -3.64e-12  |g|= 7.22e-07  |ddm|= 2.46e-06
  HOMO = -0.353451120920575  LUMO = -0.00575987705541504
cycle= 15 E= -1694.42549803962  delta_E= 4.55e-12  |g|= 3.84e-07  |ddm|= 1.66e-06
  HOMO = -0.353451127666948  LUMO = -0.00575985199846468
cycle= 16 E= -1694.42549803963  delta_E= -5e-12  |g|= 1.49e-07  |ddm|= 7.99e-07
  HOMO = -0.353451123285741  LUMO = -0.00575985529660398
cycle= 17 E= -1694.42549803963  delta_E= 1.36e-12  |g|= 6.58e-08  |ddm|= 3.74e-07
  HOMO = -0.353451127713892  LUMO = -0.00575985574736369
Extra cycle  E= -1694.42549803962  delta_E= 1.82e-12  |g|= 4.96e-08  |ddm|= 1.46e-07
converged SCF energy = -1694.42549803962
{
  "artifact_id": "route2-qm-gas-checkpoint-vqm24-gatea-sulfur-389495-v1",
  "claim_boundary": "One neutral closed-shell fixed-geometry gas-phase electronic reference. It is not a solution free energy, continuum result, conformer ensemble, or production MAPLE dependency.",
  "generated_at_utc": "2026-08-23T21:52:57.043383+00:00",
  "input": {
    "mol2_path": "/home/axie/.cache/maple-route2-hybrid-runs/vqm24-nonuniform-qm-gate-a-20260824/sulfur/geometry.mol2",
    "mol2_sha256": "5e27be234d9e87a13e3a6fc26487be10efd0c921ab0a7b622235443530d205c3"
  },
  "numerics": {
    "maximum_memory_mb": 8000,
    "maximum_scf_cycles": 100,
    "nonlocal_atom_grid": null,
    "nonlocal_grid_level": 3,
    "nonlocal_grid_profile": "level",
    "nonlocal_prune": "PySCF level default",
    "scf_energy_tolerance_hartree": 1e-10,
    "scf_gradient_tolerance": 1e-07,
    "semilocal_grid_level": 3
  },
  "official_documentation": {
    "nlc_example": {
      "sha256": "299f326e8f51a6522b8453146f9d7bf3975e88c0db5c097afe4ac5611e255427",
      "url": "https://raw.githubusercontent.com/pyscf/pyscf/v2.13.1/examples/dft/15-nlc_functionals.py"
    },
    "solvent": "https://pyscf.org/user/solvent.html"
  },
  "result": {
    "checkpoint": {
      "path": "/home/axie/.cache/maple-route2-hybrid-runs/vqm24-nonuniform-qm-gate-a-20260824/sulfur/gas/gas.chk",
      "sha256": "765e951896d249f7837f2b60bf4b40d00b2da0bc4d202fd28b5a38752eca2547"
    },
    "checkpoint_density_binding_residual_inf": 6.938893903907228e-18,
    "elapsed_seconds": 227.80151574699994,
    "energy_hartree": -1694.425498039624,
    "nonlocal_grid_point_count": 119208,
    "scf_cycles": 17,
    "semilocal_grid_point_count": 119208
  },
  "runtime": {
    "numpy": "2.4.6",
    "pyscf": "2.13.1",
    "python": "3.11.14",
    "python_executable": {
      "invoked": "/home/axie/miniconda3/envs/maple/bin/python",
      "resolved": "/home/axie/miniconda3/envs/maple/bin/python3.11",
      "resolved_sha256": "7d68ade3cc070c3cd72717ea617a0565bd7fb9eb67cd8ed468dad9ac207add8d"
    },
    "threads": 8
  },
  "schema_version": 1,
  "source": {
    "argv": [
      "/home/axie/miniconda3/envs/maple/bin/python",
      "/tmp/maple-route2-vqm24-qm-gate0-source/docs/implicit-solvation/benchmarks/run_route2_qm_gas_checkpoint.py",
      "--mol2",
      "/home/axie/.cache/maple-route2-hybrid-runs/vqm24-nonuniform-qm-gate-a-20260824/sulfur/geometry.mol2",
      "--compound-id",
      "vqm24-gatea-sulfur-389495",
      "--molecule-name",
      "Vector-QM24_DFT_all__DFT_all__782711",
      "--output-dir",
      "/home/axie/.cache/maple-route2-hybrid-runs/vqm24-nonuniform-qm-gate-a-20260824/sulfur/gas",
      "--basis",
      "def2-tzvpd",
      "--grid-level",
      "3",
      "--nlc-grid-profile",
      "level",
      "--nlc-grid-level",
      "3",
      "--threads",
      "8",
      "--max-memory-mb",
      "8000"
    ],
    "effective_arguments": {
      "basis": "def2-tzvpd",
      "grid_level": 3,
      "max_memory_mb": 8000,
      "nlc_grid_level": 3,
      "nlc_grid_profile": "level",
      "threads": 8
    },
    "git_head": "0e64f187748bd3aabab9eb2797a7f7affab47c8b",
    "runner_path": "docs/implicit-solvation/benchmarks/run_route2_qm_gas_checkpoint.py",
    "runner_sha256": "3c11704002357fcc94516a71bcebf14cbf9113ec5fed0b2d2cb06fd9638c84bb",
    "source_sha256": {
      "docs/implicit-solvation/benchmarks/run_route2_qm_gas_checkpoint.py": "3c11704002357fcc94516a71bcebf14cbf9113ec5fed0b2d2cb06fd9638c84bb"
    }
  },
  "status": "pass",
  "system": {
    "atom_count": 8,
    "basis": "def2-tzvpd",
    "charge": 0,
    "compound_id": "vqm24-gatea-sulfur-389495",
    "density_fitting": true,
    "geometry": [
      {
        "position_angstrom": [
          -0.3181046112,
          -2.5427134769,
          -0.16462531
        ],
        "symbol": "F"
      },
      {
        "position_angstrom": [
          -2.1561666204,
          -0.1075196114,
          0.1710077649
        ],
        "symbol": "S"
      },
      {
        "position_angstrom": [
          -0.6858808419,
          1.3787272383,
          0.2705048855
        ],
        "symbol": "S"
      },
      {
        "position_angstrom": [
          0.9490578465,
          0.7118161492,
          -0.8081934344
        ],
        "symbol": "S"
      },
      {
        "position_angstrom": [
          2.1488298123,
          -0.3627910365,
          0.4918316433
        ],
        "symbol": "S"
      },
      {
        "position_angstrom": [
          -2.547320119,
          0.0869250952,
          -1.1113592113
        ],
        "symbol": "H"
      },
      {
        "position_angstrom": [
          -1.0820789216,
          -2.0092448828,
          -0.0638088331
        ],
        "symbol": "H"
      },
      {
        "position_angstrom": [
          1.5097242478,
          -1.5452470977,
          0.3082376309
        ],
        "symbol": "H"
      }
    ],
    "method": "omegaB97M-V",
    "molecule": "Vector-QM24_DFT_all__DFT_all__782711",
    "multiplicity": 1,
    "reference": "RKS"
  }
}
