       Step     Time          Energy          fmax
FIRE2:    0 00:51:13   -14570.948739        0.916103
FIRE2:    1 00:51:13   -14570.863522        2.966488
FIRE2:    2 00:51:13   -14570.969382        1.311033
FIRE2:    3 00:51:14   -14570.981478        0.424946
FIRE2:    4 00:51:14   -14570.985257        0.378614
FIRE2:    5 00:51:14   -14570.985400        0.209474
FIRE2:    6 00:51:14   -14570.985832        0.159851
FIRE2:    7 00:51:14   -14570.986491        0.138059
FIRE2:    8 00:51:14   -14570.987204        0.165205
FIRE2:    9 00:51:14   -14570.987859        0.181231
FIRE2:   10 00:51:14   -14570.988532        0.153878
FIRE2:   11 00:51:14   -14570.989263        0.118142
FIRE2:   12 00:51:14   -14570.990046        0.125305
FIRE2:   13 00:51:14   -14570.990896        0.134911
FIRE2:   14 00:51:14   -14570.991777        0.116594
FIRE2:   15 00:51:14   -14570.992589        0.096197
FIRE2:   16 00:51:14   -14570.993294        0.113011
FIRE2:   17 00:51:14   -14570.993972        0.118952
FIRE2:   18 00:51:14   -14570.994640        0.103675
FIRE2:   19 00:51:14   -14570.995269        0.093247
FIRE2:   20 00:51:14   -14570.995867        0.091516
FIRE2:   21 00:51:14   -14570.996450        0.093618
FIRE2:   22 00:51:14   -14570.997007        0.097781
FIRE2:   23 00:51:15   -14570.997541        0.093708
FIRE2:   24 00:51:15   -14570.998064        0.087160
FIRE2:   25 00:51:15   -14570.998564        0.085315
FIRE2:   26 00:51:15   -14570.999103        0.085363
FIRE2:   27 00:51:15   -14570.999679        0.088385
FIRE2:   28 00:51:15   -14571.000292        0.086625
FIRE2:   29 00:51:15   -14571.000952        0.081746
FIRE2:   30 00:51:15   -14571.001647        0.080432
FIRE2:   31 00:51:15   -14571.002399        0.081170
FIRE2:   32 00:51:15   -14571.003198        0.077481
FIRE2:   33 00:51:15   -14571.004050        0.075774
FIRE2:   34 00:51:15   -14571.004962        0.076217
FIRE2:   35 00:51:15   -14571.005935        0.071491
FIRE2:   36 00:51:15   -14571.006968        0.076122
FIRE2:   37 00:51:15   -14571.008041        0.079355
FIRE2:   38 00:51:15   -14571.009087        0.123085
FIRE2:   39 00:51:15   -14571.010178        0.089213
FIRE2:   40 00:51:15   -14571.011239        0.084354
FIRE2:   41 00:51:15   -14571.012259        0.102731
FIRE2:   42 00:51:15   -14571.013230        0.137944
FIRE2:   43 00:51:15   -14571.014268        0.097131
FIRE2:   44 00:51:15   -14571.015226        0.104738
FIRE2:   45 00:51:15   -14571.016094        0.162812
FIRE2:   46 00:51:15   -14571.016982        0.170688
FIRE2:   47 00:51:15   -14571.017901        0.149586
FIRE2:   48 00:51:15   -14571.018683        0.187875
FIRE2:   49 00:51:16   -14571.019296        0.287650
FIRE2:   50 00:51:16   -14571.019193        0.268487
FIRE2:   51 00:51:16   -14571.019560        0.066131
FIRE2:   52 00:51:16   -14571.019440        0.198482
FIRE2:   53 00:51:16   -14571.019564        0.113632
FIRE2:   54 00:51:16   -14571.019625        0.059970
FIRE2:   55 00:51:16   -14571.019655        0.062496
FIRE2:   56 00:51:16   -14571.019660        0.047654
FIRE2:   57 00:51:16   -14571.019663        0.046408
FIRE2:   58 00:51:16   -14571.019670        0.044470
FIRE2:   59 00:51:16   -14571.019681        0.042519
FIRE2:   60 00:51:16   -14571.019693        0.041523
FIRE2:   61 00:51:17   -14571.019710        0.041838
FIRE2:   62 00:51:17   -14571.019726        0.042705
FIRE2:   63 00:51:17   -14571.019748        0.043092
FIRE2:   64 00:51:17   -14571.019771        0.042648
FIRE2:   65 00:51:17   -14571.019798        0.041823
FIRE2:   66 00:51:17   -14571.019823        0.041309
FIRE2:   67 00:51:17   -14571.019847        0.041361
FIRE2:   68 00:51:17   -14571.019877        0.041654
FIRE2:   69 00:51:17   -14571.019903        0.041758
FIRE2:   70 00:51:17   -14571.019931        0.041566
FIRE2:   71 00:51:17   -14571.019961        0.041260
FIRE2:   72 00:51:17   -14571.019990        0.041043
FIRE2:   73 00:51:17   -14571.020020        0.040962
FIRE2:   74 00:51:17   -14571.020052        0.040934
FIRE2:   75 00:51:17   -14571.020079        0.040885
FIRE2:   76 00:51:17   -14571.020114        0.040821
FIRE2:   77 00:51:17   -14571.020147        0.040774
FIRE2:   78 00:51:17   -14571.020188        0.040759
FIRE2:   79 00:51:17   -14571.020230        0.040737
FIRE2:   80 00:51:17   -14571.020278        0.040663
FIRE2:   81 00:51:17   -14571.020330        0.040541
FIRE2:   82 00:51:17   -14571.020389        0.040419
FIRE2:   83 00:51:17   -14571.020457        0.040312
FIRE2:   84 00:51:17   -14571.020528        0.040208
FIRE2:   85 00:51:17   -14571.020613        0.040109
FIRE2:   86 00:51:18   -14571.020705        0.040009
FIRE2:   87 00:51:18   -14571.020809        0.039859
FIRE2:   88 00:51:18   -14571.020926        0.039666
FIRE2:   89 00:51:18   -14571.021058        0.039471
FIRE2:   90 00:51:18   -14571.021208        0.039279
FIRE2:   91 00:51:18   -14571.021372        0.039081
FIRE2:   92 00:51:18   -14571.021561        0.038813
FIRE2:   93 00:51:18   -14571.021774        0.038501
FIRE2:   94 00:51:18   -14571.022017        0.038192
FIRE2:   95 00:51:18   -14571.022288        0.037842
FIRE2:   96 00:51:18   -14571.022601        0.037382
FIRE2:   97 00:51:18   -14571.022951        0.036916
FIRE2:   98 00:51:18   -14571.023352        0.036301
FIRE2:   99 00:51:18   -14571.023812        0.035705
FIRE2:  100 00:51:18   -14571.024332        0.034831
FIRE2:  101 00:51:18   -14571.024915        0.035401
FIRE2:  102 00:51:18   -14571.025568        0.050991
FIRE2:  103 00:51:18   -14571.026086        0.194478
FIRE2:  104 00:51:18   -14571.026617        0.261947
FIRE2:  105 00:51:19   -14571.026694        0.163954
FIRE2:  106 00:51:19   -14571.026828        0.049010
FIRE2:  107 00:51:19   -14571.026839        0.076530
FIRE2:  108 00:51:19   -14571.026855        0.044709
FIRE2:  109 00:51:19   -14571.026872        0.035430
FIRE2:  110 00:51:19   -14571.026887        0.031035
FIRE2:  111 00:51:19   -14571.026904        0.043277
FIRE2:  112 00:51:19   -14571.026930        0.052827
FIRE2:  113 00:51:19   -14571.026964        0.049311
FIRE2:  114 00:51:19   -14571.027010        0.035946
FIRE2:  115 00:51:19   -14571.027051        0.030928
FIRE2:  116 00:51:19   -14571.027095        0.037712
FIRE2:  117 00:51:19   -14571.027144        0.036442
FIRE2:  118 00:51:19   -14571.027197        0.030348
FIRE2:  119 00:51:19   -14571.027243        0.031919
FIRE2:  120 00:51:19   -14571.027295        0.034260
FIRE2:  121 00:51:19   -14571.027351        0.031338
FIRE2:  122 00:51:19   -14571.027402        0.029522
FIRE2:  123 00:51:19   -14571.027457        0.030467
FIRE2:  124 00:51:19   -14571.027510        0.029803
FIRE2:  125 00:51:19   -14571.027565        0.029246
FIRE2:  126 00:51:19   -14571.027621        0.029967
FIRE2:  127 00:51:20   -14571.027677        0.029678
FIRE2:  128 00:51:20   -14571.027736        0.028903
FIRE2:  129 00:51:20   -14571.027797        0.028835
FIRE2:  130 00:51:20   -14571.027867        0.028650
FIRE2:  131 00:51:20   -14571.027943        0.028540
FIRE2:  132 00:51:20   -14571.028033        0.028653
FIRE2:  133 00:51:20   -14571.028126        0.028120
FIRE2:  134 00:51:20   -14571.028232        0.027861
FIRE2:  135 00:51:20   -14571.028350        0.027589
FIRE2:  136 00:51:20   -14571.028482        0.027542
FIRE2:  137 00:51:20   -14571.028629        0.026962
FIRE2:  138 00:51:20   -14571.028793        0.026578
FIRE2:  139 00:51:20   -14571.028971        0.026375
FIRE2:  140 00:51:20   -14571.029175        0.025675
FIRE2:  141 00:51:20   -14571.029401        0.025263
FIRE2:  142 00:51:20   -14571.029649        0.024514
FIRE2:  143 00:51:20   -14571.029924        0.024637
FIRE2:  144 00:51:20   -14571.030225        0.028557
FIRE2:  145 00:51:20   -14571.030521        0.073516
FIRE2:  146 00:51:20   -14571.030804        0.107525
FIRE2:  147 00:51:21   -14571.031145        0.052585
FIRE2:  148 00:51:21   -14571.031437        0.058436
FIRE2:  149 00:51:21   -14571.031664        0.123314
FIRE2:  150 00:51:21   -14571.031895        0.158988
FIRE2:  151 00:51:21   -14571.031919        0.105281
FIRE2:  152 00:51:21   -14571.031974        0.029737
FIRE2:  153 00:51:21   -14571.031978        0.053122
FIRE2:  154 00:51:21   -14571.031984        0.029833
FIRE2:  155 00:51:21   -14571.031990        0.021725
FIRE2:  156 00:51:21   -14571.031999        0.018332
FIRE2:  157 00:51:21   -14571.032007        0.028956
FIRE2:  158 00:51:21   -14571.032014        0.036077
FIRE2:  159 00:51:21   -14571.032033        0.032985
FIRE2:  160 00:51:21   -14571.032053        0.022153
FIRE2:  161 00:51:21   -14571.032071        0.018241
FIRE2:  162 00:51:21   -14571.032093        0.024130
FIRE2:  163 00:51:21   -14571.032114        0.022965
FIRE2:  164 00:51:21   -14571.032136        0.017651
FIRE2:  165 00:51:21   -14571.032153        0.019006
FIRE2:  166 00:51:21   -14571.032179        0.021006
FIRE2:  167 00:51:21   -14571.032200        0.018515
FIRE2:  168 00:51:21   -14571.032224        0.016987
FIRE2:  169 00:51:22   -14571.032248        0.017905
FIRE2:  170 00:51:22   -14571.032271        0.017314
FIRE2:  171 00:51:22   -14571.032295        0.016793
FIRE2:  172 00:51:22   -14571.032318        0.017450
FIRE2:  173 00:51:22   -14571.032344        0.017205
FIRE2:  174 00:51:22   -14571.032368        0.016562
FIRE2:  175 00:51:22   -14571.032392        0.016564
FIRE2:  176 00:51:22   -14571.032425        0.016419
FIRE2:  177 00:51:22   -14571.032458        0.016362
FIRE2:  178 00:51:22   -14571.032496        0.016496
FIRE2:  179 00:51:22   -14571.032535        0.016068
FIRE2:  180 00:51:22   -14571.032580        0.015921
FIRE2:  181 00:51:22   -14571.032632        0.015750
FIRE2:  182 00:51:22   -14571.032686        0.015783
FIRE2:  183 00:51:22   -14571.032747        0.015368
FIRE2:  184 00:51:22   -14571.032820        0.015145
FIRE2:  185 00:51:22   -14571.032899        0.015117
FIRE2:  186 00:51:22   -14571.032985        0.014633
FIRE2:  187 00:51:22   -14571.033081        0.014543
FIRE2:  188 00:51:23   -14571.033184        0.014089
FIRE2:  189 00:51:23   -14571.033303        0.015992
FIRE2:  190 00:51:23   -14571.033428        0.029442
FIRE2:  191 00:51:23   -14571.033546        0.062112
FIRE2:  192 00:51:23   -14571.033683        0.042088
FIRE2:  193 00:51:23   -14571.033810        0.029925
FIRE2:  194 00:51:23   -14571.033921        0.059064
FIRE2:  195 00:51:23   -14571.034026        0.086856
FIRE2:  196 00:51:23   -14571.034032        0.047598
FIRE2:  197 00:51:23   -14571.034040        0.014331
FIRE2:  198 00:51:23   -14571.034049        0.016850
FIRE2:  199 00:51:23   -14571.034054        0.033676
FIRE2:  200 00:51:23   -14571.034068        0.033663
FIRE2:  201 00:51:23   -14571.034094        0.014072
FIRE2:  202 00:51:23   -14571.034109        0.027886
FIRE2:  203 00:51:23   -14571.034132        0.030120
FIRE2:  204 00:51:23   -14571.034157        0.010539
FIRE2:  205 00:51:23   -14571.034178        0.023879
FIRE2:  206 00:51:23   -14571.034207        0.017187
FIRE2:  207 00:51:23   -14571.034229        0.015245
FIRE2:  208 00:51:24   -14571.034252        0.016315
FIRE2:  209 00:51:24   -14571.034279        0.011745
FIRE2:  210 00:51:24   -14571.034301        0.014795
FIRE2:  211 00:51:24   -14571.034325        0.010013
FIRE2:  212 00:51:24   -14571.034350        0.011839
FIRE2:  213 00:51:24   -14571.034375        0.010010
FIRE2:  214 00:51:24   -14571.034401        0.011524
FIRE2:  215 00:51:24   -14571.034427        0.009606
