WARNING:root:Default dtype float64 does not match model dtype float32, converting models to float64.
completed molecule=benzene variant=reference
completed molecule=benzene variant=bond-compressed
completed molecule=benzene variant=bond-stretched
sys:1: DeprecationWarning: builtin type swigvarlink has no __module__ attribute
	Command being timed: "env CUBLAS_WORKSPACE_CONFIG=:4096:8 PYTHONHASHSEED=0 OMP_NUM_THREADS=10 MKL_NUM_THREADS=10 OPENBLAS_NUM_THREADS=10 CUDA_VISIBLE_DEVICES=0 python tools/route2_release/run_fixedbox590_pes_panel.py --device cuda --molecule-start 5 --molecule-stop 6 --output /home/axie/MAPLE/route2-pes-evidence-f7f68165/shard-05-06.json"
	User time (seconds): 4389.21
	System time (seconds): 146.03
	Percent of CPU this job got: 557%
	Elapsed (wall clock) time (h:mm:ss or m:ss): 13:33.89
	Average shared text size (kbytes): 0
	Average unshared data size (kbytes): 0
	Average stack size (kbytes): 0
	Average total size (kbytes): 0
	Maximum resident set size (kbytes): 6830384
	Average resident set size (kbytes): 0
	Major (requiring I/O) page faults: 147
	Minor (reclaiming a frame) page faults: 2687011
	Voluntary context switches: 36584
	Involuntary context switches: 7131
	Swaps: 0
	File system inputs: 15688
	File system outputs: 2032
	Socket messages sent: 0
	Socket messages received: 0
	Signals delivered: 0
	Page size (bytes): 4096
	Exit status: 0
