WARNING:root:Default dtype float64 does not match model dtype float32, converting models to float64.
completed molecule=acetone variant=reference
completed molecule=acetone variant=bond-compressed
completed molecule=acetone variant=bond-stretched
sys:1: DeprecationWarning: builtin type swigvarlink has no __module__ attribute
	Command being timed: "env CUBLAS_WORKSPACE_CONFIG=:4096:8 PYTHONHASHSEED=0 OMP_NUM_THREADS=10 MKL_NUM_THREADS=10 OPENBLAS_NUM_THREADS=10 CUDA_VISIBLE_DEVICES=0 python tools/route2_release/run_fixedbox590_pes_panel.py --device cuda --molecule-start 3 --molecule-stop 4 --output /home/axie/MAPLE/route2-pes-evidence-f7f68165/shard-03-04.json"
	User time (seconds): 3873.65
	System time (seconds): 113.24
	Percent of CPU this job got: 547%
	Elapsed (wall clock) time (h:mm:ss or m:ss): 12:08.79
	Average shared text size (kbytes): 0
	Average unshared data size (kbytes): 0
	Average stack size (kbytes): 0
	Average total size (kbytes): 0
	Maximum resident set size (kbytes): 5394064
	Average resident set size (kbytes): 0
	Major (requiring I/O) page faults: 44
	Minor (reclaiming a frame) page faults: 1858610
	Voluntary context switches: 30509
	Involuntary context switches: 8192
	Swaps: 0
	File system inputs: 4544
	File system outputs: 1640
	Socket messages sent: 0
	Socket messages received: 0
	Signals delivered: 0
	Page size (bytes): 4096
	Exit status: 0
