WARNING:root:Default dtype float64 does not match model dtype float32, converting models to float64.
completed molecule=acetic-acid variant=reference
completed molecule=acetic-acid variant=bond-compressed
completed molecule=acetic-acid variant=bond-stretched
sys:1: DeprecationWarning: builtin type swigvarlink has no __module__ attribute
	Command being timed: "env CUBLAS_WORKSPACE_CONFIG=:4096:8 PYTHONHASHSEED=0 OMP_NUM_THREADS=10 MKL_NUM_THREADS=10 OPENBLAS_NUM_THREADS=10 CUDA_VISIBLE_DEVICES=0 python tools/route2_release/run_fixedbox590_pes_panel.py --device cuda --molecule-start 10 --molecule-stop 11 --output /home/axie/MAPLE/route2-pes-evidence-f7f68165/shard-10-11.json"
	User time (seconds): 664.33
	System time (seconds): 68.48
	Percent of CPU this job got: 131%
	Elapsed (wall clock) time (h:mm:ss or m:ss): 9:15.45
	Average shared text size (kbytes): 0
	Average unshared data size (kbytes): 0
	Average stack size (kbytes): 0
	Average total size (kbytes): 0
	Maximum resident set size (kbytes): 4219188
	Average resident set size (kbytes): 0
	Major (requiring I/O) page faults: 90
	Minor (reclaiming a frame) page faults: 1074332
	Voluntary context switches: 7847
	Involuntary context switches: 1875
	Swaps: 0
	File system inputs: 5728
	File system outputs: 1632
	Socket messages sent: 0
	Socket messages received: 0
	Signals delivered: 0
	Page size (bytes): 4096
	Exit status: 0
