WARNING:root:Default dtype float64 does not match model dtype float32, converting models to float64.
completed molecule=trans-butane variant=reference
completed molecule=trans-butane variant=bond-compressed
completed molecule=trans-butane variant=bond-stretched
completed path=trans-butane-central-bond-torsion point=dihedral-180-deg
completed path=trans-butane-central-bond-torsion point=dihedral-150-deg
completed path=trans-butane-central-bond-torsion point=dihedral-120-deg
completed path=trans-butane-central-bond-torsion point=dihedral-090-deg
completed path=trans-butane-central-bond-torsion point=dihedral-060-deg
sys:1: DeprecationWarning: builtin type swigvarlink has no __module__ attribute
	Command being timed: "env CUBLAS_WORKSPACE_CONFIG=:4096:8 PYTHONHASHSEED=0 OMP_NUM_THREADS=10 MKL_NUM_THREADS=10 OPENBLAS_NUM_THREADS=10 CUDA_VISIBLE_DEVICES=0 python tools/route2_release/run_fixedbox590_pes_panel.py --device cuda --molecule-start 7 --molecule-stop 8 --output /home/axie/MAPLE/route2-pes-evidence-f7f68165/shard-07-08.json"
	User time (seconds): 8097.18
	System time (seconds): 320.42
	Percent of CPU this job got: 510%
	Elapsed (wall clock) time (h:mm:ss or m:ss): 27:27.86
	Average shared text size (kbytes): 0
	Average unshared data size (kbytes): 0
	Average stack size (kbytes): 0
	Average total size (kbytes): 0
	Maximum resident set size (kbytes): 8537572
	Average resident set size (kbytes): 0
	Major (requiring I/O) page faults: 135
	Minor (reclaiming a frame) page faults: 3228368
	Voluntary context switches: 84808
	Involuntary context switches: 13569
	Swaps: 0
	File system inputs: 10616
	File system outputs: 2088
	Socket messages sent: 0
	Socket messages received: 0
	Signals delivered: 0
	Page size (bytes): 4096
	Exit status: 0
