WARNING:root:Default dtype float64 does not match model dtype float32, converting models to float64.
completed molecule=methane variant=reference
completed molecule=methane variant=bond-compressed
completed molecule=methane variant=bond-stretched
sys:1: DeprecationWarning: builtin type swigvarlink has no __module__ attribute
	Command being timed: "env CUBLAS_WORKSPACE_CONFIG=:4096:8 PYTHONHASHSEED=0 OMP_NUM_THREADS=10 MKL_NUM_THREADS=10 OPENBLAS_NUM_THREADS=10 CUDA_VISIBLE_DEVICES=0 python tools/route2_release/run_fixedbox590_pes_panel.py --device cuda --molecule-start 6 --molecule-stop 7 --output /home/axie/MAPLE/route2-pes-evidence-f7f68165/shard-06-07.json"
	User time (seconds): 460.43
	System time (seconds): 47.51
	Percent of CPU this job got: 122%
	Elapsed (wall clock) time (h:mm:ss or m:ss): 6:53.07
	Average shared text size (kbytes): 0
	Average unshared data size (kbytes): 0
	Average stack size (kbytes): 0
	Average total size (kbytes): 0
	Maximum resident set size (kbytes): 2913636
	Average resident set size (kbytes): 0
	Major (requiring I/O) page faults: 52
	Minor (reclaiming a frame) page faults: 943660
	Voluntary context switches: 6223
	Involuntary context switches: 2736
	Swaps: 0
	File system inputs: 3536
	File system outputs: 952
	Socket messages sent: 0
	Socket messages received: 0
	Signals delivered: 0
	Page size (bytes): 4096
	Exit status: 0
