                Step[ FC]     Time          Energy          fmax
BFGSLineSearch:    0[  0] 00:42:40   -14584.712695       1.2604
BFGSLineSearch:    1[  2] 00:42:40   -14584.734295       0.4733
BFGSLineSearch:    2[  5] 00:42:40   -14584.741373       0.4494
BFGSLineSearch:    3[  7] 00:42:41   -14584.745148       0.2930
BFGSLineSearch:    4[  9] 00:42:41   -14584.747435       0.2775
BFGSLineSearch:    5[ 11] 00:42:41   -14584.748928       0.1199
BFGSLineSearch:    6[ 17] 00:42:41   -14584.750615       0.1469
BFGSLineSearch:    7[ 20] 00:42:41   -14584.751724       0.1598
BFGSLineSearch:    8[ 71] 00:42:44   -14584.751738       0.1595
BFGSLineSearch:    9[121] 00:42:47   -14584.751844       0.1554
BFGSLineSearch:   10[183] 00:42:50   -14584.751977       0.1506
BFGSLineSearch:   11[187] 00:42:51   -14584.751976       0.1506
BFGSLineSearch:   12[191] 00:42:51   -14584.751975       0.1506
BFGSLineSearch:   13[234] 00:42:54   -14584.752065       0.1479
BFGSLineSearch:   14[238] 00:42:54   -14584.752063       0.1479
BFGSLineSearch:   15[306] 00:42:58   -14584.752064       0.1479
BFGSLineSearch:   16[310] 00:42:58   -14584.752064       0.1479
BFGSLineSearch:   17[383] 00:43:03   -14584.752064       0.1479
BFGSLineSearch:   18[387] 00:43:03   -14584.752062       0.1479
BFGSLineSearch:   19[446] 00:43:07   -14584.752065       0.1479
BFGSLineSearch:   20[450] 00:43:07   -14584.752064       0.1479
BFGSLineSearch:   21[453] 00:43:08   -14584.752064       0.1479
BFGSLineSearch:   22[457] 00:43:08   -14584.752064       0.1479
BFGSLineSearch:   23[461] 00:43:08   -14584.752064       0.1479
BFGSLineSearch:   24[523] 00:43:12   -14584.752065       0.1479
BFGSLineSearch:   25[527] 00:43:12   -14584.752063       0.1479
