                Step[ FC]     Time          Energy          fmax
BFGSLineSearch:    0[  0] 00:41:33   -14584.012153       1.2724
BFGSLineSearch:    1[  2] 00:41:34   -14584.032433       0.3686
BFGSLineSearch:    2[  5] 00:41:34   -14584.038245       0.1745
BFGSLineSearch:    3[  7] 00:41:34   -14584.041154       0.1607
BFGSLineSearch:    4[  9] 00:41:34   -14584.042944       0.1384
BFGSLineSearch:    5[ 11] 00:41:34   -14584.043561       0.0950
BFGSLineSearch:    6[ 13] 00:41:34   -14584.044230       0.0620
BFGSLineSearch:    7[ 15] 00:41:34   -14584.044843       0.0736
BFGSLineSearch:    8[ 20] 00:41:35   -14584.045376       0.0679
BFGSLineSearch:    9[ 70] 00:41:38   -14584.045796       0.0578
BFGSLineSearch:   10[117] 00:41:40   -14584.045796       0.0578
BFGSLineSearch:   11[177] 00:41:43   -14584.045797       0.0578
BFGSLineSearch:   12[182] 00:41:43   -14584.045795       0.0578
BFGSLineSearch:   13[245] 00:41:47   -14584.045796       0.0578
BFGSLineSearch:   14[296] 00:41:50   -14584.045796       0.0578
BFGSLineSearch:   15[350] 00:41:53   -14584.045797       0.0578
BFGSLineSearch:   16[356] 00:41:53   -14584.045795       0.0578
BFGSLineSearch:   17[411] 00:41:57   -14584.045915       0.0587
BFGSLineSearch:   18[415] 00:41:57   -14584.045914       0.0587
BFGSLineSearch:   19[481] 00:42:01   -14584.045915       0.0587
BFGSLineSearch:   20[485] 00:42:01   -14584.045914       0.0587
BFGSLineSearch:   21[489] 00:42:02   -14584.045914       0.0587
BFGSLineSearch:   22[493] 00:42:02   -14584.045914       0.0587
BFGSLineSearch:   23[556] 00:42:05   -14584.045915       0.0587
BFGSLineSearch:   24[560] 00:42:05   -14584.045915       0.0587
BFGSLineSearch:   25[564] 00:42:06   -14584.045912       0.0587
