                Step[ FC]     Time          Energy          fmax
BFGSLineSearch:    0[  0] 00:43:16   -14584.424115       1.0060
BFGSLineSearch:    1[  2] 00:43:16   -14584.439816       0.4626
BFGSLineSearch:    2[  5] 00:43:16   -14584.445043       0.1709
BFGSLineSearch:    3[  7] 00:43:16   -14584.448020       0.1656
BFGSLineSearch:    4[  9] 00:43:16   -14584.450168       0.1158
BFGSLineSearch:    5[ 11] 00:43:17   -14584.450913       0.1236
BFGSLineSearch:    6[ 13] 00:43:17   -14584.451562       0.0726
BFGSLineSearch:    7[ 15] 00:43:17   -14584.452208       0.0753
BFGSLineSearch:    8[ 17] 00:43:17   -14584.452720       0.0602
BFGSLineSearch:    9[ 18] 00:43:17   -14584.453763       0.1632
BFGSLineSearch:   10[ 21] 00:43:17   -14584.454408       0.0583
BFGSLineSearch:   11[ 25] 00:43:18   -14584.455290       0.0640
BFGSLineSearch:   12[ 64] 00:43:21   -14584.455761       0.0531
BFGSLineSearch:   13[ 67] 00:43:21   -14584.457031       0.1360
BFGSLineSearch:   14[109] 00:43:24   -14584.457770       0.0873
BFGSLineSearch:   15[152] 00:43:27   -14584.457849       0.0857
BFGSLineSearch:   16[195] 00:43:29   -14584.457850       0.0857
BFGSLineSearch:   17[199] 00:43:30   -14584.457849       0.0857
BFGSLineSearch:   18[258] 00:43:33   -14584.457851       0.0856
BFGSLineSearch:   19[262] 00:43:34   -14584.457850       0.0856
BFGSLineSearch:   20[267] 00:43:34   -14584.457850       0.0856
BFGSLineSearch:   21[314] 00:43:37   -14584.457851       0.0857
BFGSLineSearch:   22[360] 00:43:40   -14584.458637       0.0787
BFGSLineSearch:   23[388] 00:43:42   -14584.459517       0.0837
BFGSLineSearch:   24[447] 00:43:45   -14584.459519       0.0837
BFGSLineSearch:   25[452] 00:43:46   -14584.459519       0.0837
BFGSLineSearch:   26[507] 00:43:49   -14584.459520       0.0837
BFGSLineSearch:   27[561] 00:43:52   -14584.459521       0.0837
BFGSLineSearch:   28[566] 00:43:53   -14584.459520       0.0837
