WARNING:root:Default dtype float64 does not match model dtype float32, converting models to float64.
completed symmetry molecule=methanol
sys:1: DeprecationWarning: builtin type swigvarlink has no __module__ attribute
	Command being timed: "env CUBLAS_WORKSPACE_CONFIG=:4096:8 PYTHONHASHSEED=0 OMP_NUM_THREADS=10 MKL_NUM_THREADS=10 OPENBLAS_NUM_THREADS=10 CUDA_VISIBLE_DEVICES=0 python tools/route2_release/run_fixedbox1202_symmetry_panel.py --device cuda --molecule-start 1 --molecule-stop 2 --output /home/axie/MAPLE/route2-symmetry1202-evidence-6e997969-canary/shard-01-02.json"
	User time (seconds): 1942.88
	System time (seconds): 332.42
	Percent of CPU this job got: 145%
	Elapsed (wall clock) time (h:mm:ss or m:ss): 26:00.26
	Average shared text size (kbytes): 0
	Average unshared data size (kbytes): 0
	Average stack size (kbytes): 0
	Average total size (kbytes): 0
	Maximum resident set size (kbytes): 6970040
	Average resident set size (kbytes): 0
	Major (requiring I/O) page faults: 181
	Minor (reclaiming a frame) page faults: 4919974
	Voluntary context switches: 20439
	Involuntary context switches: 5763
	Swaps: 0
	File system inputs: 17400
	File system outputs: 896
	Socket messages sent: 0
	Socket messages received: 0
	Signals delivered: 0
	Page size (bytes): 4096
	Exit status: 0
