       Step     Time          Energy          fmax
FIRE2:    0 00:48:14   -14584.906215        1.243837
FIRE2:    1 00:48:14   -14584.539221        7.569571
FIRE2:    2 00:48:14   -14584.816150        3.552818
FIRE2:    3 00:48:14   -14584.923887        1.148343
FIRE2:    4 00:48:14   -14584.931648        0.883680
FIRE2:    5 00:48:14   -14584.936272        0.318291
FIRE2:    6 00:48:14   -14584.936947        0.219902
FIRE2:    7 00:48:14   -14584.937734        0.122696
FIRE2:    8 00:48:14   -14584.938101        0.194944
FIRE2:    9 00:48:14   -14584.938111        0.161115
FIRE2:   10 00:48:14   -14584.938156        0.154367
FIRE2:   11 00:48:14   -14584.938240        0.142403
FIRE2:   12 00:48:15   -14584.938354        0.126391
FIRE2:   13 00:48:15   -14584.938496        0.110200
FIRE2:   14 00:48:15   -14584.938645        0.101658
FIRE2:   15 00:48:15   -14584.938800        0.099653
FIRE2:   16 00:48:15   -14584.938968        0.102854
FIRE2:   17 00:48:15   -14584.939143        0.105991
FIRE2:   18 00:48:15   -14584.939331        0.104865
FIRE2:   19 00:48:15   -14584.939530        0.099955
FIRE2:   20 00:48:15   -14584.939725        0.093787
FIRE2:   21 00:48:15   -14584.939921        0.088923
FIRE2:   22 00:48:15   -14584.940107        0.086129
FIRE2:   23 00:48:15   -14584.940295        0.084320
FIRE2:   24 00:48:15   -14584.940483        0.082287
FIRE2:   25 00:48:15   -14584.940672        0.079834
FIRE2:   26 00:48:15   -14584.940853        0.077532
FIRE2:   27 00:48:15   -14584.941040        0.075799
FIRE2:   28 00:48:15   -14584.941217        0.074430
FIRE2:   29 00:48:15   -14584.941391        0.072900
FIRE2:   30 00:48:15   -14584.941583        0.070776
FIRE2:   31 00:48:15   -14584.941785        0.068809
FIRE2:   32 00:48:15   -14584.942003        0.067064
FIRE2:   33 00:48:15   -14584.942242        0.065165
FIRE2:   34 00:48:15   -14584.942499        0.063081
FIRE2:   35 00:48:15   -14584.942767        0.060790
FIRE2:   36 00:48:15   -14584.943054        0.058415
FIRE2:   37 00:48:16   -14584.943362        0.057009
FIRE2:   38 00:48:16   -14584.943692        0.055588
FIRE2:   39 00:48:16   -14584.944031        0.054419
FIRE2:   40 00:48:16   -14584.944399        0.053649
FIRE2:   41 00:48:16   -14584.944785        0.052927
FIRE2:   42 00:48:16   -14584.945194        0.052434
FIRE2:   43 00:48:16   -14584.945629        0.052234
FIRE2:   44 00:48:16   -14584.946089        0.052277
FIRE2:   45 00:48:16   -14584.946584        0.051815
FIRE2:   46 00:48:16   -14584.947112        0.051250
FIRE2:   47 00:48:16   -14584.947681        0.050716
FIRE2:   48 00:48:16   -14584.948290        0.049091
FIRE2:   49 00:48:16   -14584.948944        0.047714
FIRE2:   50 00:48:16   -14584.949642        0.045341
FIRE2:   51 00:48:16   -14584.950380        0.044751
FIRE2:   52 00:48:16   -14584.951141        0.046726
FIRE2:   53 00:48:16   -14584.951812        0.109006
FIRE2:   54 00:48:16   -14584.952588        0.077631
FIRE2:   55 00:48:16   -14584.618814        0.470122
FIRE2:   56 00:48:16   -14584.621975        0.271925
FIRE2:   57 00:48:16   -14584.622882        0.322071
FIRE2:   58 00:48:16   -14584.623678        0.102380
FIRE2:   59 00:48:16   -14584.623006        0.421436
FIRE2:   60 00:48:16   -14584.623797        0.221936
FIRE2:   61 00:48:17   -14584.624192        0.084312
FIRE2:   62 00:48:17   -14584.624186        0.065469
FIRE2:   63 00:48:17   -14584.624214        0.064299
FIRE2:   64 00:48:17   -14584.624264        0.062180
FIRE2:   65 00:48:17   -14584.624331        0.059180
FIRE2:   66 00:48:17   -14584.624413        0.055653
FIRE2:   67 00:48:17   -14584.624505        0.052187
FIRE2:   68 00:48:17   -14584.624605        0.049300
FIRE2:   69 00:48:17   -14584.624720        0.047188
FIRE2:   70 00:48:17   -14584.624843        0.045752
FIRE2:   71 00:48:17   -14584.624964        0.044808
FIRE2:   72 00:48:17   -14584.625091        0.044194
FIRE2:   73 00:48:17   -14584.625213        0.043756
FIRE2:   74 00:48:17   -14584.625330        0.043338
FIRE2:   75 00:48:17   -14584.625449        0.042878
FIRE2:   76 00:48:17   -14584.625571        0.042434
FIRE2:   77 00:48:17   -14584.625691        0.042095
FIRE2:   78 00:48:17   -14584.625808        0.041880
FIRE2:   79 00:48:17   -14584.625927        0.041717
FIRE2:   80 00:48:17   -14584.626043        0.041545
FIRE2:   81 00:48:17   -14584.626159        0.041357
FIRE2:   82 00:48:17   -14584.626277        0.041298
FIRE2:   83 00:48:17   -14584.626406        0.041254
FIRE2:   84 00:48:17   -14584.626546        0.041202
FIRE2:   85 00:48:17   -14584.626699        0.041128
FIRE2:   86 00:48:18   -14584.626873        0.041029
FIRE2:   87 00:48:18   -14584.627057        0.040903
FIRE2:   88 00:48:18   -14584.627265        0.040729
FIRE2:   89 00:48:18   -14584.627489        0.040456
FIRE2:   90 00:48:18   -14584.627738        0.040090
FIRE2:   91 00:48:18   -14584.628014        0.039675
FIRE2:   92 00:48:18   -14584.628313        0.039221
FIRE2:   93 00:48:18   -14584.628641        0.038676
FIRE2:   94 00:48:18   -14584.629000        0.038060
FIRE2:   95 00:48:18   -14584.629395        0.037352
FIRE2:   96 00:48:18   -14584.629825        0.036472
FIRE2:   97 00:48:18   -14584.630297        0.035578
FIRE2:   98 00:48:18   -14584.630814        0.034203
FIRE2:   99 00:48:18   -14584.631372        0.034024
FIRE2:  100 00:48:18   -14584.631969        0.036904
FIRE2:  101 00:48:18   -14584.632501        0.127524
FIRE2:  102 00:48:18   -14584.633065        0.144192
FIRE2:  103 00:48:18   -14584.633683        0.058302
FIRE2:  104 00:48:18   -14584.634173        0.087507
FIRE2:  105 00:48:18   -14584.634500        0.174230
FIRE2:  106 00:48:18   -14584.634568        0.078049
FIRE2:  107 00:48:18   -14584.634605        0.025946
FIRE2:  108 00:48:18   -14584.634622        0.027593
FIRE2:  109 00:48:19   -14584.634642        0.044180
FIRE2:  110 00:48:19   -14584.634678        0.046216
FIRE2:  111 00:48:19   -14584.634736        0.027987
FIRE2:  112 00:48:19   -14584.634786        0.033311
FIRE2:  113 00:48:19   -14584.634849        0.036253
FIRE2:  114 00:48:19   -14584.634916        0.023478
FIRE2:  115 00:48:19   -14584.634981        0.034803
FIRE2:  116 00:48:19   -14584.635057        0.025919
FIRE2:  117 00:48:19   -14584.635129        0.026616
FIRE2:  118 00:48:19   -14584.635201        0.023739
FIRE2:  119 00:48:19   -14584.635273        0.027142
FIRE2:  120 00:48:19   -14584.635345        0.025137
FIRE2:  121 00:48:19   -14584.635419        0.022831
FIRE2:  122 00:48:19   -14584.635490        0.021824
FIRE2:  123 00:48:19   -14584.635564        0.024162
FIRE2:  124 00:48:19   -14584.635636        0.022121
FIRE2:  125 00:48:19   -14584.635707        0.021380
FIRE2:  126 00:48:19   -14584.635785        0.020725
FIRE2:  127 00:48:19   -14584.635856        0.022194
FIRE2:  128 00:48:19   -14584.635938        0.020242
FIRE2:  129 00:48:19   -14584.636023        0.019992
FIRE2:  130 00:48:20   -14584.636123        0.021136
FIRE2:  131 00:48:20   -14584.636233        0.019392
FIRE2:  132 00:48:20   -14584.636351        0.019678
FIRE2:  133 00:48:20   -14584.636481        0.018565
FIRE2:  134 00:48:20   -14584.636623        0.021216
FIRE2:  135 00:48:20   -14584.636773        0.032541
FIRE2:  136 00:48:20   -14584.636915        0.045902
FIRE2:  137 00:48:20   -14584.637076        0.028080
FIRE2:  138 00:48:20   -14584.637223        0.027642
FIRE2:  139 00:48:20   -14584.637367        0.050079
FIRE2:  140 00:48:20   -14584.637510        0.057243
FIRE2:  141 00:48:20   -14584.637665        0.043960
FIRE2:  142 00:48:20   -14584.637804        0.046985
FIRE2:  143 00:48:20   -14584.637920        0.080847
FIRE2:  144 00:48:20   -14584.637917        0.055778
FIRE2:  145 00:48:20   -14584.637939        0.019535
FIRE2:  146 00:48:20   -14584.637942        0.028701
FIRE2:  147 00:48:20   -14584.637946        0.017899
FIRE2:  148 00:48:20   -14584.637947        0.015047
FIRE2:  149 00:48:20   -14584.637952        0.014268
FIRE2:  150 00:48:20   -14584.637956        0.018613
FIRE2:  151 00:48:20   -14584.637963        0.021778
FIRE2:  152 00:48:21   -14584.637975        0.020073
FIRE2:  153 00:48:21   -14584.637982        0.015227
FIRE2:  154 00:48:21   -14584.637998        0.014195
FIRE2:  155 00:48:21   -14584.638008        0.016042
FIRE2:  156 00:48:21   -14584.638023        0.014971
FIRE2:  157 00:48:21   -14584.638034        0.013662
FIRE2:  158 00:48:21   -14584.638047        0.015027
FIRE2:  159 00:48:21   -14584.638063        0.015199
FIRE2:  160 00:48:21   -14584.638076        0.013837
FIRE2:  161 00:48:21   -14584.638091        0.013557
FIRE2:  162 00:48:21   -14584.638107        0.013669
FIRE2:  163 00:48:21   -14584.638122        0.013398
FIRE2:  164 00:48:21   -14584.638136        0.013639
FIRE2:  165 00:48:21   -14584.638154        0.013812
FIRE2:  166 00:48:21   -14584.638166        0.013445
FIRE2:  167 00:48:21   -14584.638184        0.013222
FIRE2:  168 00:48:21   -14584.638200        0.013178
FIRE2:  169 00:48:21   -14584.638221        0.013144
FIRE2:  170 00:48:21   -14584.638238        0.013269
FIRE2:  171 00:48:21   -14584.638265        0.013145
FIRE2:  172 00:48:21   -14584.638289        0.012921
FIRE2:  173 00:48:21   -14584.638319        0.012831
FIRE2:  174 00:48:21   -14584.638352        0.012860
FIRE2:  175 00:48:22   -14584.638388        0.012737
FIRE2:  176 00:48:22   -14584.638431        0.012513
FIRE2:  177 00:48:22   -14584.638472        0.012460
FIRE2:  178 00:48:22   -14584.638522        0.012320
FIRE2:  179 00:48:22   -14584.638580        0.012067
FIRE2:  180 00:48:22   -14584.638641        0.012141
FIRE2:  181 00:48:22   -14584.638709        0.011811
FIRE2:  182 00:48:22   -14584.638784        0.014669
FIRE2:  183 00:48:22   -14584.638863        0.028778
FIRE2:  184 00:48:22   -14584.638941        0.039057
FIRE2:  185 00:48:22   -14584.639030        0.023506
FIRE2:  186 00:48:22   -14584.639108        0.023057
FIRE2:  187 00:48:22   -14584.639183        0.046625
FIRE2:  188 00:48:22   -14584.639260        0.056445
FIRE2:  189 00:48:22   -14584.639261        0.029493
FIRE2:  190 00:48:22   -14584.639265        0.011203
FIRE2:  191 00:48:22   -14584.639272        0.012682
FIRE2:  192 00:48:22   -14584.639276        0.021475
FIRE2:  193 00:48:22   -14584.639285        0.020735
FIRE2:  194 00:48:22   -14584.639297        0.010274
FIRE2:  195 00:48:22   -14584.639313        0.018436
FIRE2:  196 00:48:23   -14584.639328        0.015448
FIRE2:  197 00:48:23   -14584.639349        0.011888
FIRE2:  198 00:48:23   -14584.639364        0.014982
FIRE2:  199 00:48:23   -14584.639385        0.009573
