WARNING:root:Default dtype float64 does not match model dtype float32, converting models to float64.
completed Cartesian molecule=methanol step=0.0004 atom=0
completed Cartesian molecule=methanol step=0.0004 atom=1
completed Cartesian molecule=methanol step=0.0004 atom=2
completed Cartesian molecule=methanol step=0.0004 atom=3
completed Cartesian molecule=methanol step=0.0004 atom=4
completed Cartesian molecule=methanol step=0.0004 atom=5
completed Cartesian molecule=methanol step=0.0002 atom=0
completed Cartesian molecule=methanol step=0.0002 atom=1
completed Cartesian molecule=methanol step=0.0002 atom=2
completed Cartesian molecule=methanol step=0.0002 atom=3
completed Cartesian molecule=methanol step=0.0002 atom=4
completed Cartesian molecule=methanol step=0.0002 atom=5
completed Cartesian molecule=methanol step=0.0001 atom=0
completed Cartesian molecule=methanol step=0.0001 atom=1
completed Cartesian molecule=methanol step=0.0001 atom=2
completed Cartesian molecule=methanol step=0.0001 atom=3
completed Cartesian molecule=methanol step=0.0001 atom=4
completed Cartesian molecule=methanol step=0.0001 atom=5
completed Cartesian molecule=methanol
sys:1: DeprecationWarning: builtin type swigvarlink has no __module__ attribute
	Command being timed: "env CUBLAS_WORKSPACE_CONFIG=:4096:8 PYTHONHASHSEED=0 OMP_NUM_THREADS=6 MKL_NUM_THREADS=6 OPENBLAS_NUM_THREADS=6 CUDA_VISIBLE_DEVICES=0 python tools/route2_release/run_fixedbox590_cartesian_panel.py --device cuda --molecule-start 1 --molecule-stop 2 --output /home/axie/MAPLE/route2-cartesian-evidence-abb34a05/shard-01-02.json"
	User time (seconds): 982.52
	System time (seconds): 92.35
	Percent of CPU this job got: 113%
	Elapsed (wall clock) time (h:mm:ss or m:ss): 15:47.27
	Average shared text size (kbytes): 0
	Average unshared data size (kbytes): 0
	Average stack size (kbytes): 0
	Average total size (kbytes): 0
	Maximum resident set size (kbytes): 3243192
	Average resident set size (kbytes): 0
	Major (requiring I/O) page faults: 1609
	Minor (reclaiming a frame) page faults: 1376814
	Voluntary context switches: 24588
	Involuntary context switches: 2375
	Swaps: 0
	File system inputs: 235408
	File system outputs: 400
	Socket messages sent: 0
	Socket messages received: 0
	Signals delivered: 0
	Page size (bytes): 4096
	Exit status: 0
