WARNING:root:Default dtype float64 does not match model dtype float32, converting models to float64.
completed Cartesian molecule=acetonitrile step=0.0004 atom=0
completed Cartesian molecule=acetonitrile step=0.0004 atom=1
completed Cartesian molecule=acetonitrile step=0.0004 atom=2
completed Cartesian molecule=acetonitrile step=0.0004 atom=3
completed Cartesian molecule=acetonitrile step=0.0004 atom=4
completed Cartesian molecule=acetonitrile step=0.0004 atom=5
completed Cartesian molecule=acetonitrile step=0.0002 atom=0
completed Cartesian molecule=acetonitrile step=0.0002 atom=1
completed Cartesian molecule=acetonitrile step=0.0002 atom=2
completed Cartesian molecule=acetonitrile step=0.0002 atom=3
completed Cartesian molecule=acetonitrile step=0.0002 atom=4
completed Cartesian molecule=acetonitrile step=0.0002 atom=5
completed Cartesian molecule=acetonitrile step=0.0001 atom=0
completed Cartesian molecule=acetonitrile step=0.0001 atom=1
completed Cartesian molecule=acetonitrile step=0.0001 atom=2
completed Cartesian molecule=acetonitrile step=0.0001 atom=3
completed Cartesian molecule=acetonitrile step=0.0001 atom=4
completed Cartesian molecule=acetonitrile step=0.0001 atom=5
completed Cartesian molecule=acetonitrile
sys:1: DeprecationWarning: builtin type swigvarlink has no __module__ attribute
	Command being timed: "env CUBLAS_WORKSPACE_CONFIG=:4096:8 PYTHONHASHSEED=0 OMP_NUM_THREADS=6 MKL_NUM_THREADS=6 OPENBLAS_NUM_THREADS=6 CUDA_VISIBLE_DEVICES=0 python tools/route2_release/run_fixedbox590_cartesian_panel.py --device cuda --molecule-start 4 --molecule-stop 5 --output /home/axie/MAPLE/route2-cartesian-evidence-abb34a05/shard-04-05.json"
	User time (seconds): 1048.06
	System time (seconds): 83.67
	Percent of CPU this job got: 112%
	Elapsed (wall clock) time (h:mm:ss or m:ss): 16:43.01
	Average shared text size (kbytes): 0
	Average unshared data size (kbytes): 0
	Average stack size (kbytes): 0
	Average total size (kbytes): 0
	Maximum resident set size (kbytes): 3248540
	Average resident set size (kbytes): 0
	Major (requiring I/O) page faults: 0
	Minor (reclaiming a frame) page faults: 1487607
	Voluntary context switches: 12123
	Involuntary context switches: 2528
	Swaps: 0
	File system inputs: 8
	File system outputs: 392
	Socket messages sent: 0
	Socket messages received: 0
	Signals delivered: 0
	Page size (bytes): 4096
	Exit status: 0
