#INFO: **** input file is /tmp/maple-route2-vqm24-qm-gate0-source/docs/implicit-solvation/benchmarks/run_route2_qm_gas_checkpoint.py ****
#!/usr/bin/env python3
"""Generate one fixed-geometry PySCF gas checkpoint for Route-2 references.

This runner is intentionally isolated from MAPLE's runtime dependencies.  It
creates only a gas-phase RKS checkpoint and an immutable JSON ledger.  The
checkpoint is later consumed directly by ``route2_qm_surface_mep.py``; no
separate AO density file is accepted or produced.
"""

from __future__ import annotations

import argparse
from datetime import datetime, timezone
import hashlib
import json
from pathlib import Path
import platform
import re
import subprocess
import sys
import time

import numpy as np
import pyscf
from pyscf import dft, gto, lib

REPO_ROOT = Path(__file__).resolve().parents[3]
RUNNER_RELATIVE_PATH = (
    "docs/implicit-solvation/benchmarks/run_route2_qm_gas_checkpoint.py"
)
OFFICIAL_NLC_EXAMPLE_URL = (
    "https://raw.githubusercontent.com/pyscf/pyscf/v2.13.1/"
    "examples/dft/15-nlc_functionals.py"
)
OFFICIAL_NLC_EXAMPLE_SHA256 = (
    "299f326e8f51a6522b8453146f9d7bf3975e88c0db5c097afe4ac5611e255427"
)
_GAFF_ELEMENT_PREFIXES = {
    "br": "Br",
    "cl": "Cl",
    "c": "C",
    "f": "F",
    "h": "H",
    "i": "I",
    "n": "N",
    "o": "O",
    "p": "P",
    "s": "S",
}


def _parse_args() -> argparse.Namespace:
    parser = argparse.ArgumentParser()
    parser.add_argument("--mol2", type=Path, required=True)
    parser.add_argument("--compound-id", required=True)
    parser.add_argument("--molecule-name", required=True)
    parser.add_argument("--output-dir", type=Path, required=True)
    parser.add_argument("--basis", default="def2-tzvpd")
    parser.add_argument("--grid-level", type=int, default=3)
    parser.add_argument(
        "--nlc-grid-profile",
        choices=("level", "pyscf-official-50x194-sg1"),
        default="pyscf-official-50x194-sg1",
    )
    parser.add_argument("--nlc-grid-level", type=int, default=3)
    parser.add_argument("--threads", type=int, default=8)
    parser.add_argument("--max-memory-mb", type=int, default=8000)
    return parser.parse_args()


def _git(*arguments: str) -> str:
    return subprocess.check_output(
        ["git", *arguments],
        cwd=REPO_ROOT,
        text=True,
    ).strip()


def _sha256(path: Path) -> str:
    digest = hashlib.sha256()
    with path.open("rb") as handle:
        for block in iter(lambda: handle.read(1024 * 1024), b""):
            digest.update(block)
    return digest.hexdigest()


def _require_clean_source() -> str:
    status = _git("status", "--porcelain", "--untracked-files=no")
    if status:
        raise RuntimeError(
            "The QM checkpoint runner requires a clean tracked checkout; "
            f"git reported:\n{status}"
        )
    _git("ls-files", "--error-unmatch", RUNNER_RELATIVE_PATH)
    return _git("rev-parse", "HEAD")


def _element_from_gaff_type(atom_type: str) -> str:
    normalized = atom_type.split(".", 1)[0].lower()
    for prefix in ("br", "cl"):
        if normalized.startswith(prefix):
            return _GAFF_ELEMENT_PREFIXES[prefix]
    if not normalized:
        raise ValueError("MOL2 atom type cannot be empty.")
    try:
        return _GAFF_ELEMENT_PREFIXES[normalized[0]]
    except KeyError as exc:
        raise ValueError(f"Unsupported GAFF atom type: {atom_type}") from exc


def _element_from_atom_name(atom_name: str) -> str:
    match = re.match(r"[A-Za-z]+", atom_name)
    if match is None:
        raise ValueError(f"MOL2 atom name has no element prefix: {atom_name}")
    letters = match.group(0)
    if len(letters) >= 2 and letters[:2].lower() in {"br", "cl"}:
        return letters[:2].title()
    return letters[0].upper()


def _mol2_geometry(path: Path) -> tuple[str, list[dict[str, object]]]:
    lines = path.read_text(encoding="utf-8", errors="strict").splitlines()
    try:
        start = lines.index("@<TRIPOS>ATOM") + 1
        stop = lines.index("@<TRIPOS>BOND")
    except ValueError as exc:
        raise ValueError("MOL2 input must contain ATOM and BOND sections.") from exc
    atoms: list[dict[str, object]] = []
    geometry: list[str] = []
    for line in lines[start:stop]:
        fields = line.split()
        if not fields:
            continue
        if len(fields) < 6:
            raise ValueError(f"Malformed MOL2 atom row: {line}")
        symbol_from_name = _element_from_atom_name(fields[1])
        symbol_from_type = _element_from_gaff_type(fields[5])
        if symbol_from_name != symbol_from_type:
            raise ValueError(
                "MOL2 atom-name/type element mismatch: "
                f"{fields[1]} versus {fields[5]}."
            )
        coordinates = [float(fields[index]) for index in (2, 3, 4)]
        if not np.all(np.isfinite(coordinates)):
            raise ValueError("MOL2 coordinates must be finite.")
        geometry.append(
            f"{symbol_from_type} "
            f"{coordinates[0]:.10f} {coordinates[1]:.10f} "
            f"{coordinates[2]:.10f}"
        )
        atoms.append(
            {
                "symbol": symbol_from_type,
                "position_angstrom": coordinates,
            }
        )
    if not atoms:
        raise ValueError("MOL2 input contains no atoms.")
    return "\n".join(geometry), atoms


def _configure_rks(molecule, arguments: argparse.Namespace):
    mean_field = dft.RKS(molecule, xc="wb97m-v").density_fit()
    mean_field.grids.level = arguments.grid_level
    if arguments.nlc_grid_profile == "pyscf-official-50x194-sg1":
        symbols = sorted(
            {molecule.atom_symbol(index) for index in range(molecule.natm)}
        )
        mean_field.nlcgrids.atom_grid = {symbol: (50, 194) for symbol in symbols}
        mean_field.nlcgrids.prune = dft.gen_grid.sg1_prune
    else:
        mean_field.nlcgrids.level = arguments.nlc_grid_level
    mean_field.conv_tol = 1.0e-10
    mean_field.conv_tol_grad = 1.0e-7
    mean_field.max_cycle = 100
    mean_field.max_memory = arguments.max_memory_mb
    return mean_field


def main() -> int:
    arguments = _parse_args()
    source_head = _require_clean_source()
    mol2_path = arguments.mol2.resolve()
    if not mol2_path.is_file():
        raise FileNotFoundError(mol2_path)
    output_dir = arguments.output_dir.resolve()
    output_dir.mkdir(parents=True, exist_ok=False)
    if arguments.threads < 1 or arguments.max_memory_mb < 1:
        raise ValueError("Threads and memory must be positive.")
    geometry, atoms = _mol2_geometry(mol2_path)

    lib.num_threads(arguments.threads)
    molecule = gto.M(
        atom=geometry,
        basis=arguments.basis,
        charge=0,
        spin=0,
        unit="Angstrom",
        symmetry=False,
        verbose=4,
        max_memory=arguments.max_memory_mb,
    )
    checkpoint = output_dir / "gas.chk"
    result_path = output_dir / "gas.json"
    cycle_count = 0

    def count_cycle(_environment):
        nonlocal cycle_count
        cycle_count += 1

    mean_field = _configure_rks(molecule, arguments)
    mean_field.callback = count_cycle
    mean_field.chkfile = str(checkpoint)
    started = time.perf_counter()
    energy_hartree = float(mean_field.kernel())
    elapsed = time.perf_counter() - started
    if not mean_field.converged:
        raise RuntimeError("Gas-phase PySCF reference did not converge.")

    direct_density = np.asarray(mean_field.make_rdm1(), dtype=float)
    checkpoint_density = (
        np.asarray(mean_field.mo_coeff, dtype=float)
        * np.asarray(mean_field.mo_occ, dtype=float)[None, :]
    ) @ np.asarray(mean_field.mo_coeff, dtype=float).T
    checkpoint_density = 0.5 * (checkpoint_density + checkpoint_density.T)
    checkpoint_binding_residual = float(
        np.max(np.abs(direct_density - checkpoint_density))
    )
    if checkpoint_binding_residual > 1.0e-10:
        raise RuntimeError(
            "The saved checkpoint orbitals do not reconstruct the converged "
            "closed-shell AO density."
        )

    record = {
        "schema_version": 1,
        "artifact_id": (f"route2-qm-gas-checkpoint-{arguments.compound_id}-v1"),
        "generated_at_utc": datetime.now(timezone.utc).isoformat(),
        "status": "pass",
        "source": {
            "git_head": source_head,
            "runner_path": RUNNER_RELATIVE_PATH,
            "runner_sha256": _sha256(REPO_ROOT / RUNNER_RELATIVE_PATH),
            "source_sha256": {
                RUNNER_RELATIVE_PATH: _sha256(REPO_ROOT / RUNNER_RELATIVE_PATH),
            },
            "argv": [sys.executable, *sys.argv],
            "effective_arguments": {
                "basis": arguments.basis,
                "grid_level": arguments.grid_level,
                "nlc_grid_profile": arguments.nlc_grid_profile,
                "nlc_grid_level": arguments.nlc_grid_level,
                "threads": arguments.threads,
                "max_memory_mb": arguments.max_memory_mb,
            },
        },
        "runtime": {
            "python": platform.python_version(),
            "python_executable": {
                "invoked": sys.executable,
                "resolved": str(Path(sys.executable).resolve()),
                "resolved_sha256": _sha256(Path(sys.executable).resolve()),
            },
            "pyscf": pyscf.__version__,
            "numpy": np.__version__,
            "threads": lib.num_threads(),
        },
        "system": {
            "compound_id": arguments.compound_id,
            "molecule": arguments.molecule_name,
            "charge": 0,
            "multiplicity": 1,
            "atom_count": molecule.natm,
            "method": "omegaB97M-V",
            "basis": arguments.basis,
            "reference": "RKS",
            "density_fitting": True,
            "geometry": atoms,
        },
        "numerics": {
            "semilocal_grid_level": arguments.grid_level,
            "nonlocal_grid_profile": arguments.nlc_grid_profile,
            "nonlocal_grid_level": (
                arguments.nlc_grid_level
                if arguments.nlc_grid_profile == "level"
                else None
            ),
            "nonlocal_atom_grid": (
                [50, 194]
                if arguments.nlc_grid_profile == "pyscf-official-50x194-sg1"
                else None
            ),
            "nonlocal_prune": (
                "sg1_prune"
                if arguments.nlc_grid_profile == "pyscf-official-50x194-sg1"
                else "PySCF level default"
            ),
            "scf_energy_tolerance_hartree": 1.0e-10,
            "scf_gradient_tolerance": 1.0e-7,
            "maximum_scf_cycles": 100,
            "maximum_memory_mb": arguments.max_memory_mb,
        },
        "input": {
            "mol2_path": str(mol2_path),
            "mol2_sha256": _sha256(mol2_path),
        },
        "result": {
            "energy_hartree": energy_hartree,
            "scf_cycles": cycle_count,
            "elapsed_seconds": elapsed,
            "semilocal_grid_point_count": int(mean_field.grids.coords.shape[0]),
            "nonlocal_grid_point_count": int(mean_field.nlcgrids.coords.shape[0]),
            "checkpoint": {
                "path": str(checkpoint),
                "sha256": _sha256(checkpoint),
            },
            "checkpoint_density_binding_residual_inf": (checkpoint_binding_residual),
        },
        "official_documentation": {
            "solvent": "https://pyscf.org/user/solvent.html",
            "nlc_example": {
                "url": OFFICIAL_NLC_EXAMPLE_URL,
                "sha256": OFFICIAL_NLC_EXAMPLE_SHA256,
            },
        },
        "claim_boundary": (
            "One neutral closed-shell fixed-geometry gas-phase electronic "
            "reference. It is not a solution free energy, continuum result, "
            "conformer ensemble, or production MAPLE dependency."
        ),
    }
    with result_path.open("x", encoding="utf-8") as handle:
        json.dump(record, handle, indent=2, sort_keys=True, allow_nan=False)
        handle.write("\n")
    print(json.dumps(record, indent=2, sort_keys=True, allow_nan=False))
    return 0


if __name__ == "__main__":
    raise SystemExit(main())
#INFO: ******************** input file end ********************


System: uname_result(system='Linux', node='LAPTOP-3IEKGRSV', release='6.6.114.1-microsoft-standard-WSL2', version='#1 SMP PREEMPT_DYNAMIC Mon Dec  1 20:46:23 UTC 2025', machine='x86_64')  Threads 8
Python 3.11.14 (main, Oct 21 2025, 18:31:21) [GCC 11.2.0]
numpy 2.4.6  scipy 1.17.1  h5py 3.16.0
Date: Mon Aug 24 05:37:57 2026
PySCF version 2.13.1
PySCF path  /home/axie/miniconda3/envs/maple/lib/python3.11/site-packages/pyscf

[CONFIG] conf_file None
[INPUT] verbose = 4
[INPUT] num. atoms = 7
[INPUT] num. electrons = 72
[INPUT] charge = 0
[INPUT] spin (= nelec alpha-beta = 2S) = 0
[INPUT] symmetry False subgroup None
[INPUT] Mole.unit = Angstrom
[INPUT] Symbol           X                Y                Z      unit          X                Y                Z       unit  Magmom
[INPUT]  1 S      2.642235000800  -0.135021915200   0.629382140500 AA    4.993100508252  -0.255154440542   1.189359873238 Bohr   0.0
[INPUT]  2 P      1.122855744900  -0.493040249700  -0.516043436200 AA    2.121889835255  -0.931711040320  -0.975180762797 Bohr   0.0
[INPUT]  3 P     -0.234032864200   1.214876213700  -0.069795522500 AA   -0.442258017486   2.295783319142  -0.131894422246 Bohr   0.0
[INPUT]  4 N     -1.731841356800   0.551965588900  -0.665644631300 AA   -3.272705855547   1.043063793205  -1.257886049444 Bohr   0.0
[INPUT]  5 Cl    -2.429691643700  -0.801933555300   0.191928757600 AA   -4.591451773737  -1.515434789616   0.362692787292 Bohr   0.0
[INPUT]  6 H     -0.305229714800   0.996192764000   1.343540600300 AA   -0.576800566051   1.882531491233   2.538923771801 Bohr   0.0
[INPUT]  7 H     -2.466364507200   1.258599711800  -0.715923259000 AA   -4.660753441956   2.378408755759  -1.352898885716 Bohr   0.0

nuclear repulsion = 397.590240735249
number of shells = 85
number of NR pGTOs = 356
number of NR cGTOs = 233
basis = def2-tzvpd
ecp = {}
CPU time:         1.56


******** <class 'pyscf.df.df_jk.DFRKS'> ********
method = DFRKS
initial guess = minao
damping factor = 0
level_shift factor = 0
DIIS = <class 'pyscf.scf.diis.CDIIS'>
diis_start_cycle = 1
diis_space = 8
diis_damp = 0
SCF conv_tol = 1e-10
SCF conv_tol_grad = 1e-07
SCF max_cycles = 100
direct_scf = False
chkfile to save SCF result = /home/axie/.cache/maple-route2-hybrid-runs/vqm24-nonuniform-qm-gate-a-20260824/chlorine/gas/gas.chk
max_memory 8000 MB (current use 101 MB)
XC library pyscf.dft.libxc version 7.0.0
    S. Lehtola, C. Steigemann, M. J.T. Oliveira, and M. A.L. Marques.,  SoftwareX 7, 1–5 (2018)
XC functionals = wb97m-v
    N. Mardirossian and M. Head-Gordon.,  J. Chem. Phys. 144, 214110 (2016)
radial grids: 
    Treutler-Ahlrichs [JCP 102, 346 (1995); DOI:10.1063/1.469408] (M4) radial grids
    
becke partition: Becke, JCP 88, 2547 (1988); DOI:10.1063/1.454033
pruning grids: <function nwchem_prune at 0xf7fa58149a0>
grids dens level: 3
symmetrized grids: False
atomic radii adjust function: <function treutler_atomic_radii_adjust at 0xf7fa5814900>
** Following is NLC and NLC Grids **
NLC functional = wb97m-v
radial grids: 
    Treutler-Ahlrichs [JCP 102, 346 (1995); DOI:10.1063/1.469408] (M4) radial grids
    
becke partition: Becke, JCP 88, 2547 (1988); DOI:10.1063/1.454033
pruning grids: <function nwchem_prune at 0xf7fa58149a0>
grids dens level: 3
symmetrized grids: False
atomic radii adjust function: <function treutler_atomic_radii_adjust at 0xf7fa5814900>
small_rho_cutoff = 0
Initial guess from minao.
tot grids = 109640
tot grids = 109640
******** <class 'pyscf.df.df.DF'> ********
auxbasis = def2-tzvp-jkfit
max_memory = 8000
Create RSH-DF object <pyscf.df.df.DF object at 0xf7fa6d28710> for omega=0.3
******** <class 'pyscf.df.df.DF'> ********
auxbasis = auxmol.basis = def2-tzvp-jkfit
max_memory = 8000
init E= -1597.382988645
  HOMO = -0.226657989531461  LUMO = -0.145057217724542
cycle= 1 E= -1596.91237357653  delta_E= 0.471  |g|= 0.489  |ddm|= 2.25
  HOMO = -0.295228641154999  LUMO = -0.0878339097919536
cycle= 2 E= -1596.90555531415  delta_E= 0.00682  |g|= 0.568  |ddm|= 0.889
  HOMO = -0.318370173562947  LUMO = -0.0666468362818122
cycle= 3 E= -1596.99143558069  delta_E= -0.0859  |g|= 0.0718  |ddm|= 0.49
  HOMO = -0.316053452151316  LUMO = -0.0620677475200537
cycle= 4 E= -1596.9929961401  delta_E= -0.00156  |g|= 0.0254  |ddm|= 0.0829
  HOMO = -0.317956712203696  LUMO = -0.060797012106363
cycle= 5 E= -1596.99334123484  delta_E= -0.000345  |g|= 0.0106  |ddm|= 0.0431
  HOMO = -0.31821371262749  LUMO = -0.0605006732177387
cycle= 6 E= -1596.99341327116  delta_E= -7.2e-05  |g|= 0.005  |ddm|= 0.0186
  HOMO = -0.318223145359966  LUMO = -0.0605259128304709
cycle= 7 E= -1596.99343410034  delta_E= -2.08e-05  |g|= 0.00218  |ddm|= 0.0112
  HOMO = -0.318359700661503  LUMO = -0.0604812181144396
cycle= 8 E= -1596.99343939115  delta_E= -5.29e-06  |g|= 0.000876  |ddm|= 0.00601
  HOMO = -0.31839488676313  LUMO = -0.0604988488607887
cycle= 9 E= -1596.99344055945  delta_E= -1.17e-06  |g|= 0.000368  |ddm|= 0.00302
  HOMO = -0.318394029054652  LUMO = -0.0604727475014215
cycle= 10 E= -1596.99344084671  delta_E= -2.87e-07  |g|= 0.000181  |ddm|= 0.00137
  HOMO = -0.318403277110342  LUMO = -0.0604797079388604
cycle= 11 E= -1596.99344097507  delta_E= -1.28e-07  |g|= 0.000104  |ddm|= 0.0011
  HOMO = -0.318398046327815  LUMO = -0.0604771121965655
cycle= 12 E= -1596.99344101319  delta_E= -3.81e-08  |g|= 6.08e-05  |ddm|= 0.000566
  HOMO = -0.318400404730262  LUMO = -0.0604790889915208
cycle= 13 E= -1596.99344102936  delta_E= -1.62e-08  |g|= 3.26e-05  |ddm|= 0.000499
  HOMO = -0.318399458689157  LUMO = -0.0604808213088219
cycle= 14 E= -1596.99344103161  delta_E= -2.25e-09  |g|= 1.72e-05  |ddm|= 0.000178
  HOMO = -0.318399236456862  LUMO = -0.0604800582395129
cycle= 15 E= -1596.99344103191  delta_E= -3.04e-10  |g|= 5.08e-06  |ddm|= 6.54e-05
  HOMO = -0.31839900754305  LUMO = -0.0604800374978822
cycle= 16 E= -1596.99344103194  delta_E= -2.32e-11  |g|= 2.83e-06  |ddm|= 1.43e-05
  HOMO = -0.318398909223546  LUMO = -0.0604801053739621
cycle= 17 E= -1596.99344103195  delta_E= -1.05e-11  |g|= 1.33e-06  |ddm|= 5.74e-06
  HOMO = -0.318398881870429  LUMO = -0.0604800449282408
cycle= 18 E= -1596.99344103194  delta_E= 1.36e-12  |g|= 5.4e-07  |ddm|= 2.78e-06
  HOMO = -0.318398849590331  LUMO = -0.0604800597424742
cycle= 19 E= -1596.99344103195  delta_E= -9.09e-13  |g|= 2.62e-07  |ddm|= 1.2e-06
  HOMO = -0.318398839695078  LUMO = -0.060480048604731
cycle= 20 E= -1596.99344103194  delta_E= 9.09e-13  |g|= 8.82e-08  |ddm|= 6.85e-07
  HOMO = -0.318398845481106  LUMO = -0.0604800586436767
Extra cycle  E= -1596.99344103194  delta_E= 2.5e-12  |g|= 5.1e-08  |ddm|= 1.91e-07
converged SCF energy = -1596.99344103194
{
  "artifact_id": "route2-qm-gas-checkpoint-vqm24-gatea-chlorine-636384-v1",
  "claim_boundary": "One neutral closed-shell fixed-geometry gas-phase electronic reference. It is not a solution free energy, continuum result, conformer ensemble, or production MAPLE dependency.",
  "generated_at_utc": "2026-08-23T21:43:34.274986+00:00",
  "input": {
    "mol2_path": "/home/axie/.cache/maple-route2-hybrid-runs/vqm24-nonuniform-qm-gate-a-20260824/chlorine/geometry.mol2",
    "mol2_sha256": "7d85a88efcd8860e9db52f895d81017843bdd1dcdacd53ee295c8d10a6ee7773"
  },
  "numerics": {
    "maximum_memory_mb": 8000,
    "maximum_scf_cycles": 100,
    "nonlocal_atom_grid": null,
    "nonlocal_grid_level": 3,
    "nonlocal_grid_profile": "level",
    "nonlocal_prune": "PySCF level default",
    "scf_energy_tolerance_hartree": 1e-10,
    "scf_gradient_tolerance": 1e-07,
    "semilocal_grid_level": 3
  },
  "official_documentation": {
    "nlc_example": {
      "sha256": "299f326e8f51a6522b8453146f9d7bf3975e88c0db5c097afe4ac5611e255427",
      "url": "https://raw.githubusercontent.com/pyscf/pyscf/v2.13.1/examples/dft/15-nlc_functionals.py"
    },
    "solvent": "https://pyscf.org/user/solvent.html"
  },
  "result": {
    "checkpoint": {
      "path": "/home/axie/.cache/maple-route2-hybrid-runs/vqm24-nonuniform-qm-gate-a-20260824/chlorine/gas/gas.chk",
      "sha256": "7d076cdf84af63a79a2b9c0114e535c8cc1a70d3728f88edf0dc76eccbede572"
    },
    "checkpoint_density_binding_residual_inf": 1.3877787807814457e-17,
    "elapsed_seconds": 337.1719060630021,
    "energy_hartree": -1596.9934410319418,
    "nonlocal_grid_point_count": 109640,
    "scf_cycles": 20,
    "semilocal_grid_point_count": 109640
  },
  "runtime": {
    "numpy": "2.4.6",
    "pyscf": "2.13.1",
    "python": "3.11.14",
    "python_executable": {
      "invoked": "/home/axie/miniconda3/envs/maple/bin/python",
      "resolved": "/home/axie/miniconda3/envs/maple/bin/python3.11",
      "resolved_sha256": "7d68ade3cc070c3cd72717ea617a0565bd7fb9eb67cd8ed468dad9ac207add8d"
    },
    "threads": 8
  },
  "schema_version": 1,
  "source": {
    "argv": [
      "/home/axie/miniconda3/envs/maple/bin/python",
      "/tmp/maple-route2-vqm24-qm-gate0-source/docs/implicit-solvation/benchmarks/run_route2_qm_gas_checkpoint.py",
      "--mol2",
      "/home/axie/.cache/maple-route2-hybrid-runs/vqm24-nonuniform-qm-gate-a-20260824/chlorine/geometry.mol2",
      "--compound-id",
      "vqm24-gatea-chlorine-636384",
      "--molecule-name",
      "Vector-QM24_DFT_all__DFT_all__375797",
      "--output-dir",
      "/home/axie/.cache/maple-route2-hybrid-runs/vqm24-nonuniform-qm-gate-a-20260824/chlorine/gas",
      "--basis",
      "def2-tzvpd",
      "--grid-level",
      "3",
      "--nlc-grid-profile",
      "level",
      "--nlc-grid-level",
      "3",
      "--threads",
      "8",
      "--max-memory-mb",
      "8000"
    ],
    "effective_arguments": {
      "basis": "def2-tzvpd",
      "grid_level": 3,
      "max_memory_mb": 8000,
      "nlc_grid_level": 3,
      "nlc_grid_profile": "level",
      "threads": 8
    },
    "git_head": "0e64f187748bd3aabab9eb2797a7f7affab47c8b",
    "runner_path": "docs/implicit-solvation/benchmarks/run_route2_qm_gas_checkpoint.py",
    "runner_sha256": "3c11704002357fcc94516a71bcebf14cbf9113ec5fed0b2d2cb06fd9638c84bb",
    "source_sha256": {
      "docs/implicit-solvation/benchmarks/run_route2_qm_gas_checkpoint.py": "3c11704002357fcc94516a71bcebf14cbf9113ec5fed0b2d2cb06fd9638c84bb"
    }
  },
  "status": "pass",
  "system": {
    "atom_count": 7,
    "basis": "def2-tzvpd",
    "charge": 0,
    "compound_id": "vqm24-gatea-chlorine-636384",
    "density_fitting": true,
    "geometry": [
      {
        "position_angstrom": [
          2.6422350008,
          -0.1350219152,
          0.6293821405
        ],
        "symbol": "S"
      },
      {
        "position_angstrom": [
          1.1228557449,
          -0.4930402497,
          -0.5160434362
        ],
        "symbol": "P"
      },
      {
        "position_angstrom": [
          -0.2340328642,
          1.2148762137,
          -0.0697955225
        ],
        "symbol": "P"
      },
      {
        "position_angstrom": [
          -1.7318413568,
          0.5519655889,
          -0.6656446313
        ],
        "symbol": "N"
      },
      {
        "position_angstrom": [
          -2.4296916437,
          -0.8019335553,
          0.1919287576
        ],
        "symbol": "Cl"
      },
      {
        "position_angstrom": [
          -0.3052297148,
          0.996192764,
          1.3435406003
        ],
        "symbol": "H"
      },
      {
        "position_angstrom": [
          -2.4663645072,
          1.2585997118,
          -0.715923259
        ],
        "symbol": "H"
      }
    ],
    "method": "omegaB97M-V",
    "molecule": "Vector-QM24_DFT_all__DFT_all__375797",
    "multiplicity": 1,
    "reference": "RKS"
  }
}
