       Step     Time          Energy          fmax
LBFGS:    0 23:55:38   -14584.487293        1.626625
LBFGS:    1 23:55:38   -14584.485316        2.238998
LBFGS:    2 23:55:38   -14584.524986        0.214207
LBFGS:    3 23:55:38   -14584.527075        0.126574
LBFGS:    4 23:55:38   -14584.529212        0.127467
LBFGS:    5 23:55:38   -14584.531261        0.193365
LBFGS:    6 23:55:38   -14584.532590        0.181121
LBFGS:    7 23:55:38   -14584.534121        0.106101
LBFGS:    8 23:55:38   -14584.536201        0.081129
LBFGS:    9 23:55:38   -14584.537044        0.087041
LBFGS:   10 23:55:38   -14584.538654        0.087438
LBFGS:   11 23:55:38   -14584.540316        0.104502
LBFGS:   12 23:55:38   -14584.517574        0.156290
LBFGS:   13 23:55:38   -14584.520844        0.165669
LBFGS:   14 23:55:38   -14584.524021        0.122672
LBFGS:   15 23:55:38   -14584.190794        0.512529
LBFGS:   16 23:55:38   -14584.161061        0.410180
LBFGS:   17 23:55:38   -14584.169570        0.225938
LBFGS:   18 23:55:38   -14584.171659        0.236457
LBFGS:   19 23:55:38   -14584.177697        0.126920
LBFGS:   20 23:55:38   -14584.179808        0.109401
LBFGS:   21 23:55:39   -14584.181178        0.115480
LBFGS:   22 23:55:39   -14584.142801        0.197004
LBFGS:   23 23:55:39   -14584.141915        0.313735
LBFGS:   24 23:55:39   -14584.145638        0.161413
LBFGS:   25 23:55:39   -14584.146850        0.104241
LBFGS:   26 23:55:39   -14584.148920        0.096324
LBFGS:   27 23:55:39   -14584.149891        0.123033
LBFGS:   28 23:55:39   -14584.150755        0.096415
LBFGS:   29 23:55:39   -14584.151513        0.063275
LBFGS:   30 23:55:39   -14584.152413        0.063408
LBFGS:   31 23:55:39   -14584.153205        0.104908
LBFGS:   32 23:55:39   -14584.154035        0.111927
LBFGS:   33 23:55:39   -14584.154888        0.085718
LBFGS:   34 23:55:39   -14584.155780        0.065673
LBFGS:   35 23:55:39   -14584.219831        0.084234
LBFGS:   36 23:55:39   -14584.220417        0.093320
LBFGS:   37 23:55:39   -14584.220915        0.064469
LBFGS:   38 23:55:39   -14584.221562        0.044731
LBFGS:   39 23:55:39   -14584.221794        0.053163
LBFGS:   40 23:55:39   -14584.222130        0.050027
LBFGS:   41 23:55:39   -14584.222306        0.035618
LBFGS:   42 23:55:39   -14584.222520        0.027825
LBFGS:   43 23:55:39   -14584.222732        0.036912
LBFGS:   44 23:55:40   -14584.223009        0.045503
LBFGS:   45 23:55:40   -14584.223294        0.039116
LBFGS:   46 23:55:40   -14584.223560        0.029501
LBFGS:   47 23:55:40   -14584.223768        0.030356
LBFGS:   48 23:55:40   -14584.223931        0.036728
LBFGS:   49 23:55:40   -14584.224083        0.037456
LBFGS:   50 23:55:40   -14584.224237        0.028355
LBFGS:   51 23:55:40   -14584.224404        0.031227
LBFGS:   52 23:55:40   -14584.224584        0.050538
LBFGS:   53 23:55:40   -14584.224776        0.045664
LBFGS:   54 23:55:40   -14584.224983        0.044388
LBFGS:   55 23:55:40   -14584.225190        0.036398
LBFGS:   56 23:55:40   -14584.225391        0.031066
LBFGS:   57 23:55:40   -14584.225614        0.046618
LBFGS:   58 23:55:40   -14584.225856        0.043473
LBFGS:   59 23:55:40   -14584.226044        0.028923
LBFGS:   60 23:55:40   -14584.226171        0.026744
LBFGS:   61 23:55:40   -14584.226285        0.031069
LBFGS:   62 23:55:40   -14584.226432        0.044373
LBFGS:   63 23:55:40   -14584.203847        0.056660
LBFGS:   64 23:55:40   -14584.203822        0.085894
LBFGS:   65 23:55:40   -14584.204107        0.036278
LBFGS:   66 23:55:41   -14584.204195        0.023926
LBFGS:   67 23:55:41   -14584.204392        0.029357
LBFGS:   68 23:55:41   -14584.204560        0.041084
LBFGS:   69 23:55:41   -14584.204811        0.045784
LBFGS:   70 23:55:41   -14584.205067        0.041681
LBFGS:   71 23:55:41   -14584.206256        0.082002
LBFGS:   72 23:55:41   -14584.206533        0.074165
LBFGS:   73 23:55:41   -14584.206868        0.058647
LBFGS:   74 23:55:41   -14584.207542        0.043953
LBFGS:   75 23:55:41   -14584.207892        0.049815
LBFGS:   76 23:55:41   -14584.208229        0.057004
LBFGS:   77 23:55:41   -14584.231218        0.070280
LBFGS:   78 23:55:41   -14584.231519        0.074969
LBFGS:   79 23:55:41   -14584.231889        0.063493
LBFGS:   80 23:55:41   -14584.232303        0.073899
LBFGS:   81 23:55:41   -14584.232481        0.075703
LBFGS:   82 23:55:41   -14584.232770        0.054802
LBFGS:   83 23:55:41   -14584.232984        0.031744
LBFGS:   84 23:55:41   -14584.233182        0.030650
LBFGS:   85 23:55:41   -14584.233306        0.031987
LBFGS:   86 23:55:41   -14584.233375        0.024523
LBFGS:   87 23:55:41   -14584.233443        0.027513
LBFGS:   88 23:55:41   -14584.233514        0.020323
LBFGS:   89 23:55:41   -14584.233585        0.024896
LBFGS:   90 23:55:41   -14584.233664        0.024459
LBFGS:   91 23:55:42   -14584.233744        0.043988
LBFGS:   92 23:55:42   -14584.233863        0.050703
LBFGS:   93 23:55:42   -14584.233991        0.038259
LBFGS:   94 23:55:42   -14584.234117        0.030199
LBFGS:   95 23:55:42   -14584.234225        0.031152
LBFGS:   96 23:55:42   -14584.234331        0.038390
LBFGS:   97 23:55:42   -14584.172437        0.087055
LBFGS:   98 23:55:42   -14583.923679        0.387550
LBFGS:   99 23:55:42   -14584.172687        0.067237
LBFGS:  100 23:55:42   -14584.172822        0.053259
LBFGS:  101 23:55:42   -14584.173021        0.027964
LBFGS:  102 23:55:42   -14584.173207        0.021803
LBFGS:  103 23:55:42   -14584.173253        0.029248
LBFGS:  104 23:55:42   -14584.173344        0.040099
LBFGS:  105 23:55:42   -14584.173402        0.036848
LBFGS:  106 23:55:42   -14584.173447        0.024265
LBFGS:  107 23:55:42   -14584.173474        0.017521
LBFGS:  108 23:55:42   -14584.173497        0.016321
LBFGS:  109 23:55:42   -14584.173517        0.010246
LBFGS:  110 23:55:42   -14584.173531        0.009180
