       Step     Time          Energy          fmax
FIRE2:    0 00:14:15   -14583.895940        1.052946
FIRE2:    1 00:14:15   -14583.605997        5.825878
FIRE2:    2 00:14:16   -14583.827746        2.651205
FIRE2:    3 00:14:16   -14583.908139        0.782242
FIRE2:    4 00:14:16   -14583.913048        0.637768
FIRE2:    5 00:14:16   -14583.916126        0.249999
FIRE2:    6 00:14:16   -14583.916511        0.177563
FIRE2:    7 00:14:16   -14583.916944        0.091612
FIRE2:    8 00:14:16   -14583.917090        0.152751
FIRE2:    9 00:14:16   -14583.917113        0.124009
FIRE2:   10 00:14:16   -14583.917136        0.118577
FIRE2:   11 00:14:16   -14583.917177        0.108773
FIRE2:   12 00:14:17   -14583.917232        0.095044
FIRE2:   13 00:14:17   -14583.917297        0.079717
FIRE2:   14 00:14:17   -14583.917364        0.073003
FIRE2:   15 00:14:17   -14583.917431        0.071700
FIRE2:   16 00:14:17   -14583.917501        0.070311
FIRE2:   17 00:14:17   -14583.917575        0.068918
FIRE2:   18 00:14:17   -14583.917656        0.067571
FIRE2:   19 00:14:17   -14583.917739        0.066276
FIRE2:   20 00:14:17   -14583.917822        0.065012
FIRE2:   21 00:14:17   -14583.917903        0.063747
FIRE2:   22 00:14:17   -14583.917982        0.062457
FIRE2:   23 00:14:17   -14583.918061        0.063148
FIRE2:   24 00:14:17   -14583.918140        0.063070
FIRE2:   25 00:14:17   -14583.918219        0.061899
FIRE2:   26 00:14:18   -14583.918297        0.060372
FIRE2:   27 00:14:18   -14583.918374        0.059141
FIRE2:   28 00:14:18   -14583.918450        0.058380
FIRE2:   29 00:14:18   -14583.918525        0.057925
FIRE2:   30 00:14:18   -14583.918606        0.057625
FIRE2:   31 00:14:18   -14583.918696        0.057554
FIRE2:   32 00:14:18   -14583.918792        0.057773
FIRE2:   33 00:14:18   -14583.918898        0.058037
FIRE2:   34 00:14:18   -14583.919012        0.057854
FIRE2:   35 00:14:18   -14583.919136        0.056977
FIRE2:   36 00:14:18   -14583.919271        0.055713
FIRE2:   37 00:14:18   -14583.919418        0.054582
FIRE2:   38 00:14:18   -14583.919576        0.053850
FIRE2:   39 00:14:19   -14583.919749        0.053492
FIRE2:   40 00:14:19   -14583.919935        0.053098
FIRE2:   41 00:14:19   -14583.920137        0.052030
FIRE2:   42 00:14:19   -14583.920356        0.050444
FIRE2:   43 00:14:19   -14583.920593        0.049126
FIRE2:   44 00:14:19   -14583.920848        0.048277
FIRE2:   45 00:14:19   -14583.921124        0.047046
FIRE2:   46 00:14:19   -14583.921420        0.045093
FIRE2:   47 00:14:19   -14583.921739        0.043661
FIRE2:   48 00:14:19   -14583.922080        0.042428
FIRE2:   49 00:14:19   -14583.922445        0.040415
FIRE2:   50 00:14:19   -14583.922836        0.039334
FIRE2:   51 00:14:19   -14583.923252        0.037196
FIRE2:   52 00:14:19   -14583.923693        0.038744
FIRE2:   53 00:14:20   -14583.924137        0.056082
FIRE2:   54 00:14:20   -14583.924523        0.104045
FIRE2:   55 00:14:20   -14583.924993        0.051209
FIRE2:   56 00:14:20   -14583.925394        0.047990
FIRE2:   57 00:14:20   -14583.925719        0.115180
FIRE2:   58 00:14:20   -14583.926054        0.138122
FIRE2:   59 00:14:20   -14583.926076        0.051267
FIRE2:   60 00:14:20   -14583.926088        0.028090
FIRE2:   61 00:14:20   -14583.926100        0.026046
FIRE2:   62 00:14:20   -14583.926118        0.031684
FIRE2:   63 00:14:20   -14583.926150        0.031206
FIRE2:   64 00:14:21   -14583.926193        0.025370
FIRE2:   65 00:14:21   -14583.926240        0.032550
FIRE2:   66 00:14:21   -14583.926296        0.026872
FIRE2:   67 00:14:21   -14583.926355        0.027374
FIRE2:   68 00:14:21   -14583.926419        0.024667
FIRE2:   69 00:14:21   -14583.926485        0.027823
FIRE2:   70 00:14:21   -14583.926553        0.023761
FIRE2:   71 00:14:21   -14583.926620        0.025083
FIRE2:   72 00:14:21   -14583.926689        0.022419
FIRE2:   73 00:14:21   -14583.926758        0.023994
FIRE2:   74 00:14:21   -14583.926827        0.022039
FIRE2:   75 00:14:22   -14583.926896        0.021216
FIRE2:   76 00:14:22   -14583.926965        0.021965
FIRE2:   77 00:14:22   -14583.927034        0.020538
FIRE2:   78 00:14:22   -14583.927102        0.020038
FIRE2:   79 00:14:22   -14583.927170        0.020207
FIRE2:   80 00:14:22   -14583.927238        0.019408
FIRE2:   81 00:14:22   -14583.927312        0.018851
FIRE2:   82 00:14:22   -14583.927392        0.018510
FIRE2:   83 00:14:22   -14583.927481        0.018279
FIRE2:   84 00:14:22   -14583.927576        0.019784
FIRE2:   85 00:14:22   -14583.927675        0.027145
FIRE2:   86 00:14:22   -14583.927772        0.036942
FIRE2:   87 00:14:23   -14583.927875        0.024939
FIRE2:   88 00:14:23   -14583.927975        0.022720
FIRE2:   89 00:14:23   -14583.928071        0.035487
FIRE2:   90 00:14:23   -14583.928165        0.044320
FIRE2:   91 00:14:23   -14583.928265        0.028402
FIRE2:   92 00:14:23   -14583.928357        0.031241
FIRE2:   93 00:14:23   -14583.928439        0.051991
FIRE2:   94 00:14:23   -14583.928527        0.051844
FIRE2:   95 00:14:23   -14583.928615        0.044656
FIRE2:   96 00:14:23   -14583.928691        0.058003
FIRE2:   97 00:14:23   -14583.928748        0.087371
FIRE2:   98 00:14:24   -14583.928740        0.082680
FIRE2:   99 00:14:24   -14583.928776        0.018281
FIRE2:  100 00:14:24   -14583.928764        0.058787
FIRE2:  101 00:14:24   -14583.928776        0.033585
FIRE2:  102 00:14:24   -14583.928782        0.016778
FIRE2:  103 00:14:24   -14583.928785        0.016637
FIRE2:  104 00:14:24   -14583.928786        0.011636
FIRE2:  105 00:14:24   -14583.928786        0.011237
FIRE2:  106 00:14:25   -14583.928787        0.010612
FIRE2:  107 00:14:25   -14583.928788        0.009981
